Archive member included to satisfy reference by file (symbol)

c:/ac6/systemworkbench/plugins/fr.ac6.mcu.externaltools.arm-none.win32_1.17.0.201812190825/tools/compiler/bin/../lib/gcc/arm-none-eabi/7.3.1/../../../../arm-none-eabi/lib/thumb/v7e-m/fpv4-sp/hard\libm.a(lib_a-sf_sin.o)
                              Src/main.o (sinf)
c:/ac6/systemworkbench/plugins/fr.ac6.mcu.externaltools.arm-none.win32_1.17.0.201812190825/tools/compiler/bin/../lib/gcc/arm-none-eabi/7.3.1/../../../../arm-none-eabi/lib/thumb/v7e-m/fpv4-sp/hard\libm.a(lib_a-ef_rem_pio2.o)
                              c:/ac6/systemworkbench/plugins/fr.ac6.mcu.externaltools.arm-none.win32_1.17.0.201812190825/tools/compiler/bin/../lib/gcc/arm-none-eabi/7.3.1/../../../../arm-none-eabi/lib/thumb/v7e-m/fpv4-sp/hard\libm.a(lib_a-sf_sin.o) (__ieee754_rem_pio2f)
c:/ac6/systemworkbench/plugins/fr.ac6.mcu.externaltools.arm-none.win32_1.17.0.201812190825/tools/compiler/bin/../lib/gcc/arm-none-eabi/7.3.1/../../../../arm-none-eabi/lib/thumb/v7e-m/fpv4-sp/hard\libm.a(lib_a-kf_cos.o)
                              c:/ac6/systemworkbench/plugins/fr.ac6.mcu.externaltools.arm-none.win32_1.17.0.201812190825/tools/compiler/bin/../lib/gcc/arm-none-eabi/7.3.1/../../../../arm-none-eabi/lib/thumb/v7e-m/fpv4-sp/hard\libm.a(lib_a-sf_sin.o) (__kernel_cosf)
c:/ac6/systemworkbench/plugins/fr.ac6.mcu.externaltools.arm-none.win32_1.17.0.201812190825/tools/compiler/bin/../lib/gcc/arm-none-eabi/7.3.1/../../../../arm-none-eabi/lib/thumb/v7e-m/fpv4-sp/hard\libm.a(lib_a-kf_rem_pio2.o)
                              c:/ac6/systemworkbench/plugins/fr.ac6.mcu.externaltools.arm-none.win32_1.17.0.201812190825/tools/compiler/bin/../lib/gcc/arm-none-eabi/7.3.1/../../../../arm-none-eabi/lib/thumb/v7e-m/fpv4-sp/hard\libm.a(lib_a-ef_rem_pio2.o) (__kernel_rem_pio2f)
c:/ac6/systemworkbench/plugins/fr.ac6.mcu.externaltools.arm-none.win32_1.17.0.201812190825/tools/compiler/bin/../lib/gcc/arm-none-eabi/7.3.1/../../../../arm-none-eabi/lib/thumb/v7e-m/fpv4-sp/hard\libm.a(lib_a-kf_sin.o)
                              c:/ac6/systemworkbench/plugins/fr.ac6.mcu.externaltools.arm-none.win32_1.17.0.201812190825/tools/compiler/bin/../lib/gcc/arm-none-eabi/7.3.1/../../../../arm-none-eabi/lib/thumb/v7e-m/fpv4-sp/hard\libm.a(lib_a-sf_sin.o) (__kernel_sinf)
c:/ac6/systemworkbench/plugins/fr.ac6.mcu.externaltools.arm-none.win32_1.17.0.201812190825/tools/compiler/bin/../lib/gcc/arm-none-eabi/7.3.1/../../../../arm-none-eabi/lib/thumb/v7e-m/fpv4-sp/hard\libm.a(lib_a-sf_fabs.o)
                              c:/ac6/systemworkbench/plugins/fr.ac6.mcu.externaltools.arm-none.win32_1.17.0.201812190825/tools/compiler/bin/../lib/gcc/arm-none-eabi/7.3.1/../../../../arm-none-eabi/lib/thumb/v7e-m/fpv4-sp/hard\libm.a(lib_a-ef_rem_pio2.o) (fabsf)
c:/ac6/systemworkbench/plugins/fr.ac6.mcu.externaltools.arm-none.win32_1.17.0.201812190825/tools/compiler/bin/../lib/gcc/arm-none-eabi/7.3.1/../../../../arm-none-eabi/lib/thumb/v7e-m/fpv4-sp/hard\libm.a(lib_a-sf_floor.o)
                              c:/ac6/systemworkbench/plugins/fr.ac6.mcu.externaltools.arm-none.win32_1.17.0.201812190825/tools/compiler/bin/../lib/gcc/arm-none-eabi/7.3.1/../../../../arm-none-eabi/lib/thumb/v7e-m/fpv4-sp/hard\libm.a(lib_a-kf_rem_pio2.o) (floorf)
c:/ac6/systemworkbench/plugins/fr.ac6.mcu.externaltools.arm-none.win32_1.17.0.201812190825/tools/compiler/bin/../lib/gcc/arm-none-eabi/7.3.1/../../../../arm-none-eabi/lib/thumb/v7e-m/fpv4-sp/hard\libm.a(lib_a-sf_scalbn.o)
                              c:/ac6/systemworkbench/plugins/fr.ac6.mcu.externaltools.arm-none.win32_1.17.0.201812190825/tools/compiler/bin/../lib/gcc/arm-none-eabi/7.3.1/../../../../arm-none-eabi/lib/thumb/v7e-m/fpv4-sp/hard\libm.a(lib_a-kf_rem_pio2.o) (scalbnf)
c:/ac6/systemworkbench/plugins/fr.ac6.mcu.externaltools.arm-none.win32_1.17.0.201812190825/tools/compiler/bin/../lib/gcc/arm-none-eabi/7.3.1/../../../../arm-none-eabi/lib/thumb/v7e-m/fpv4-sp/hard\libm.a(lib_a-sf_copysign.o)
                              c:/ac6/systemworkbench/plugins/fr.ac6.mcu.externaltools.arm-none.win32_1.17.0.201812190825/tools/compiler/bin/../lib/gcc/arm-none-eabi/7.3.1/../../../../arm-none-eabi/lib/thumb/v7e-m/fpv4-sp/hard\libm.a(lib_a-sf_scalbn.o) (copysignf)
c:/ac6/systemworkbench/plugins/fr.ac6.mcu.externaltools.arm-none.win32_1.17.0.201812190825/tools/compiler/bin/../lib/gcc/arm-none-eabi/7.3.1/thumb/v7e-m/fpv4-sp/hard\libgcc.a(_arm_addsubdf3.o)
                              Src/music.o (__aeabi_ui2d)
c:/ac6/systemworkbench/plugins/fr.ac6.mcu.externaltools.arm-none.win32_1.17.0.201812190825/tools/compiler/bin/../lib/gcc/arm-none-eabi/7.3.1/thumb/v7e-m/fpv4-sp/hard\libgcc.a(_arm_muldivdf3.o)
                              Src/music.o (__aeabi_ddiv)
c:/ac6/systemworkbench/plugins/fr.ac6.mcu.externaltools.arm-none.win32_1.17.0.201812190825/tools/compiler/bin/../lib/gcc/arm-none-eabi/7.3.1/thumb/v7e-m/fpv4-sp/hard\libgcc.a(_arm_fixunsdfsi.o)
                              Src/music.o (__aeabi_d2uiz)
[...]
Memory Configuration

Name             Origin             Length             Attributes
RAM              0x20000000         0x00020000         xrw
CCMRAM           0x10000000         0x00010000         rw
FLASH            0x08000000         0x00100000         xr
*default*        0x00000000         0xffffffff

Linker script and memory map

LOAD c:/ac6/systemworkbench/plugins/fr.ac6.mcu.externaltools.arm-none.win32_1.17.0.201812190825/tools/compiler/bin/../lib/gcc/arm-none-eabi/7.3.1/thumb/v7e-m/fpv4-sp/hard/crti.o
LOAD c:/ac6/systemworkbench/plugins/fr.ac6.mcu.externaltools.arm-none.win32_1.17.0.201812190825/tools/compiler/bin/../lib/gcc/arm-none-eabi/7.3.1/thumb/v7e-m/fpv4-sp/hard/crtbegin.o
LOAD c:/ac6/systemworkbench/plugins/fr.ac6.mcu.externaltools.arm-none.win32_1.17.0.201812190825/tools/compiler/bin/../lib/gcc/arm-none-eabi/7.3.1/../../../../arm-none-eabi/lib/thumb/v7e-m/fpv4-sp/hard/crt0.o
LOAD Drivers/STM32F4xx_HAL_Driver/Src/stm32f4xx_hal.o
LOAD Drivers/STM32F4xx_HAL_Driver/Src/stm32f4xx_hal_cortex.o
LOAD Drivers/STM32F4xx_HAL_Driver/Src/stm32f4xx_hal_dac.o
LOAD Drivers/STM32F4xx_HAL_Driver/Src/stm32f4xx_hal_dac_ex.o
LOAD Drivers/STM32F4xx_HAL_Driver/Src/stm32f4xx_hal_dma.o
LOAD Drivers/STM32F4xx_HAL_Driver/Src/stm32f4xx_hal_dma_ex.o
LOAD Drivers/STM32F4xx_HAL_Driver/Src/stm32f4xx_hal_exti.o
LOAD Drivers/STM32F4xx_HAL_Driver/Src/stm32f4xx_hal_flash.o
LOAD Drivers/STM32F4xx_HAL_Driver/Src/stm32f4xx_hal_flash_ex.o
LOAD Drivers/STM32F4xx_HAL_Driver/Src/stm32f4xx_hal_flash_ramfunc.o
LOAD Drivers/STM32F4xx_HAL_Driver/Src/stm32f4xx_hal_gpio.o
LOAD Drivers/STM32F4xx_HAL_Driver/Src/stm32f4xx_hal_i2c.o
LOAD Drivers/STM32F4xx_HAL_Driver/Src/stm32f4xx_hal_i2c_ex.o
LOAD Drivers/STM32F4xx_HAL_Driver/Src/stm32f4xx_hal_i2s.o
LOAD Drivers/STM32F4xx_HAL_Driver/Src/stm32f4xx_hal_i2s_ex.o
LOAD Drivers/STM32F4xx_HAL_Driver/Src/stm32f4xx_hal_pwr.o
LOAD Drivers/STM32F4xx_HAL_Driver/Src/stm32f4xx_hal_pwr_ex.o
LOAD Drivers/STM32F4xx_HAL_Driver/Src/stm32f4xx_hal_rcc.o
LOAD Drivers/STM32F4xx_HAL_Driver/Src/stm32f4xx_hal_rcc_ex.o
LOAD Drivers/STM32F4xx_HAL_Driver/Src/stm32f4xx_hal_spi.o
LOAD Drivers/STM32F4xx_HAL_Driver/Src/stm32f4xx_hal_tim.o
LOAD Drivers/STM32F4xx_HAL_Driver/Src/stm32f4xx_hal_tim_ex.o
LOAD Src/MY_CS43L22.o
LOAD Src/diskio.o
LOAD Src/display.o
LOAD Src/ff.o
LOAD Src/ffsystem.o
LOAD Src/ffunicode.o
LOAD Src/main.o
LOAD Src/music.o
LOAD Src/stm32f4xx_hal_msp.o
LOAD Src/stm32f4xx_it.o
LOAD Src/syscalls.o
LOAD Src/system_stm32f4xx.o
LOAD startup/startup_stm32f407xx.o
LOAD c:/ac6/systemworkbench/plugins/fr.ac6.mcu.externaltools.arm-none.win32_1.17.0.201812190825/tools/compiler/bin/../lib/gcc/arm-none-eabi/7.3.1/../../../../arm-none-eabi/lib/thumb/v7e-m/fpv4-sp/hard\libm.a
START GROUP
LOAD c:/ac6/systemworkbench/plugins/fr.ac6.mcu.externaltools.arm-none.win32_1.17.0.201812190825/tools/compiler/bin/../lib/gcc/arm-none-eabi/7.3.1/thumb/v7e-m/fpv4-sp/hard\libgcc.a
LOAD c:/ac6/systemworkbench/plugins/fr.ac6.mcu.externaltools.arm-none.win32_1.17.0.201812190825/tools/compiler/bin/../lib/gcc/arm-none-eabi/7.3.1/../../../../arm-none-eabi/lib/thumb/v7e-m/fpv4-sp/hard\libc_nano.a
END GROUP
START GROUP
LOAD c:/ac6/systemworkbench/plugins/fr.ac6.mcu.externaltools.arm-none.win32_1.17.0.201812190825/tools/compiler/bin/../lib/gcc/arm-none-eabi/7.3.1/thumb/v7e-m/fpv4-sp/hard\libgcc.a
LOAD c:/ac6/systemworkbench/plugins/fr.ac6.mcu.externaltools.arm-none.win32_1.17.0.201812190825/tools/compiler/bin/../lib/gcc/arm-none-eabi/7.3.1/../../../../arm-none-eabi/lib/thumb/v7e-m/fpv4-sp/hard\libc_nano.a
LOAD c:/ac6/systemworkbench/plugins/fr.ac6.mcu.externaltools.arm-none.win32_1.17.0.201812190825/tools/compiler/bin/../lib/gcc/arm-none-eabi/7.3.1/../../../../arm-none-eabi/lib/thumb/v7e-m/fpv4-sp/hard\libnosys.a
END GROUP
START GROUP
LOAD c:/ac6/systemworkbench/plugins/fr.ac6.mcu.externaltools.arm-none.win32_1.17.0.201812190825/tools/compiler/bin/../lib/gcc/arm-none-eabi/7.3.1/thumb/v7e-m/fpv4-sp/hard\libgcc.a
LOAD c:/ac6/systemworkbench/plugins/fr.ac6.mcu.externaltools.arm-none.win32_1.17.0.201812190825/tools/compiler/bin/../lib/gcc/arm-none-eabi/7.3.1/../../../../arm-none-eabi/lib/thumb/v7e-m/fpv4-sp/hard\libc_nano.a
LOAD c:/ac6/systemworkbench/plugins/fr.ac6.mcu.externaltools.arm-none.win32_1.17.0.201812190825/tools/compiler/bin/../lib/gcc/arm-none-eabi/7.3.1/../../../../arm-none-eabi/lib/thumb/v7e-m/fpv4-sp/hard\libnosys.a
END GROUP
LOAD c:/ac6/systemworkbench/plugins/fr.ac6.mcu.externaltools.arm-none.win32_1.17.0.201812190825/tools/compiler/bin/../lib/gcc/arm-none-eabi/7.3.1/thumb/v7e-m/fpv4-sp/hard/crtend.o
LOAD c:/ac6/systemworkbench/plugins/fr.ac6.mcu.externaltools.arm-none.win32_1.17.0.201812190825/tools/compiler/bin/../lib/gcc/arm-none-eabi/7.3.1/thumb/v7e-m/fpv4-sp/hard/crtn.o
                0x20020000                _estack = 0x20020000
                0x00000200                _Min_Heap_Size = 0x200
                0x00000400                _Min_Stack_Size = 0x400

.isr_vector     0x08000000      0x188
                0x08000000                . = ALIGN (0x4)
 *(.isr_vector)
 .isr_vector    0x08000000      0x188 startup/startup_stm32f407xx.o
                0x08000000                g_pfnVectors
                0x08000188                . = ALIGN (0x4)

.text           0x08000188     0x8854
                0x08000188                . = ALIGN (0x4)
 *(.text)
 .text          0x08000188       0x40 c:/ac6/systemworkbench/plugins/fr.ac6.mcu.externaltools.arm-none.win32_1.17.0.201812190825/tools/compiler/bin/../lib/gcc/arm-none-eabi/7.3.1/thumb/v7e-m/fpv4-sp/hard/crtbegin.o
 .text          0x080001c8      0x378 c:/ac6/systemworkbench/plugins/fr.ac6.mcu.externaltools.arm-none.win32_1.17.0.201812190825/tools/compiler/bin/../lib/gcc/arm-none-eabi/7.3.1/thumb/v7e-m/fpv4-sp/hard\libgcc.a(_arm_addsubdf3.o)
                0x080001c8                __aeabi_drsub
                0x080001d0                __aeabi_dsub
                0x080001d0                __subdf3
                0x080001d4                __aeabi_dadd
                0x080001d4                __adddf3
                0x0800044c                __floatunsidf
                0x0800044c                __aeabi_ui2d
                0x0800046c                __floatsidf
                0x0800046c                __aeabi_i2d
                0x08000490                __aeabi_f2d
                0x08000490                __extendsfdf2
                0x080004d4                __floatundidf
                0x080004d4                __aeabi_ul2d
                0x080004e4                __floatdidf
                0x080004e4                __aeabi_l2d
 .text          0x08000540      0x424 c:/ac6/systemworkbench/plugins/fr.ac6.mcu.externaltools.arm-none.win32_1.17.0.201812190825/tools/compiler/bin/../lib/gcc/arm-none-eabi/7.3.1/thumb/v7e-m/fpv4-sp/hard\libgcc.a(_arm_muldivdf3.o)
                0x08000540                __aeabi_dmul
                0x08000540                __muldf3
                0x08000794                __divdf3
                0x08000794                __aeabi_ddiv
 .text          0x08000964       0x40 c:/ac6/systemworkbench/plugins/fr.ac6.mcu.externaltools.arm-none.win32_1.17.0.201812190825/tools/compiler/bin/../lib/gcc/arm-none-eabi/7.3.1/thumb/v7e-m/fpv4-sp/hard\libgcc.a(_arm_fixunsdfsi.o)
                0x08000964                __aeabi_d2uiz
                0x08000964                __fixunsdfsi
 .text          0x080009a4       0x30 c:/ac6/systemworkbench/plugins/fr.ac6.mcu.externaltools.arm-none.win32_1.17.0.201812190825/tools/compiler/bin/../lib/gcc/arm-none-eabi/7.3.1/thumb/v7e-m/fpv4-sp/hard\libgcc.a(_aeabi_uldivmod.o)
                0x080009a4                __aeabi_uldivmod
 .text          0x080009d4      0x2cc c:/ac6/systemworkbench/plugins/fr.ac6.mcu.externaltools.arm-none.win32_1.17.0.201812190825/tools/compiler/bin/../lib/gcc/arm-none-eabi/7.3.1/thumb/v7e-m/fpv4-sp/hard\libgcc.a(_udivmoddi4.o)
                0x080009d4                __udivmoddi4
 .text          0x08000ca0        0x4 c:/ac6/systemworkbench/plugins/fr.ac6.mcu.externaltools.arm-none.win32_1.17.0.201812190825/tools/compiler/bin/../lib/gcc/arm-none-eabi/7.3.1/thumb/v7e-m/fpv4-sp/hard\libgcc.a(_dvmd_tls.o)
                0x08000ca0                __aeabi_idiv0
                0x08000ca0                __aeabi_ldiv0
 .text          0x08000ca4       0x14 c:/ac6/systemworkbench/plugins/fr.ac6.mcu.externaltools.arm-none.win32_1.17.0.201812190825/tools/compiler/bin/../lib/gcc/arm-none-eabi/7.3.1/../../../../arm-none-eabi/lib/thumb/v7e-m/fpv4-sp/hard\libc_nano.a(lib_a-strcmp.o)
                0x08000ca4                strcmp
 *(.text*)
 .text.HAL_InitTick
                0x08000cb8       0x48 Drivers/STM32F4xx_HAL_Driver/Src/stm32f4xx_hal.o
                0x08000cb8                HAL_InitTick
 .text.HAL_Init
                0x08000d00       0x34 Drivers/STM32F4xx_HAL_Driver/Src/stm32f4xx_hal.o
                0x08000d00                HAL_Init
 .text.HAL_IncTick
                0x08000d34       0x18 Drivers/STM32F4xx_HAL_Driver/Src/stm32f4xx_hal.o
                0x08000d34                HAL_IncTick
 .text.HAL_GetTick
                0x08000d4c        0xc Drivers/STM32F4xx_HAL_Driver/Src/stm32f4xx_hal.o
                0x08000d4c                HAL_GetTick
 .text.HAL_NVIC_SetPriorityGrouping
                0x08000d58       0x24 Drivers/STM32F4xx_HAL_Driver/Src/stm32f4xx_hal_cortex.o
                0x08000d58                HAL_NVIC_SetPriorityGrouping
 .text.HAL_NVIC_SetPriority
                0x08000d7c       0x68 Drivers/STM32F4xx_HAL_Driver/Src/stm32f4xx_hal_cortex.o
                0x08000d7c                HAL_NVIC_SetPriority
 .text.HAL_NVIC_EnableIRQ
                0x08000de4       0x1c Drivers/STM32F4xx_HAL_Driver/Src/stm32f4xx_hal_cortex.o
                0x08000de4                HAL_NVIC_EnableIRQ
 .text.HAL_SYSTICK_Config
                0x08000e00       0x2c Drivers/STM32F4xx_HAL_Driver/Src/stm32f4xx_hal_cortex.o
                0x08000e00                HAL_SYSTICK_Config
 .text.HAL_DAC_Init
                0x08000e2c       0x24 Drivers/STM32F4xx_HAL_Driver/Src/stm32f4xx_hal_dac.o
                0x08000e2c                HAL_DAC_Init
 .text.HAL_DAC_Start
                0x08000e50       0x6e Drivers/STM32F4xx_HAL_Driver/Src/stm32f4xx_hal_dac.o
                0x08000e50                HAL_DAC_Start
 .text.HAL_DAC_Stop
                0x08000ebe       0x1c Drivers/STM32F4xx_HAL_Driver/Src/stm32f4xx_hal_dac.o
                0x08000ebe                HAL_DAC_Stop
 .text.HAL_DAC_ConfigChannel
                0x08000eda       0x4a Drivers/STM32F4xx_HAL_Driver/Src/stm32f4xx_hal_dac.o
                0x08000eda                HAL_DAC_ConfigChannel
 .text.HAL_DAC_SetValue
                0x08000f24       0x2e Drivers/STM32F4xx_HAL_Driver/Src/stm32f4xx_hal_dac.o
                0x08000f24                HAL_DAC_SetValue
 .text.DMA_SetConfig
                0x08000f52       0x2c Drivers/STM32F4xx_HAL_Driver/Src/stm32f4xx_hal_dma.o
 *fill*         0x08000f7e        0x2 
 .text.DMA_CalcBaseAndBitshift
                0x08000f80       0x3c Drivers/STM32F4xx_HAL_Driver/Src/stm32f4xx_hal_dma.o
 .text.DMA_CheckFifoParam
                0x08000fbc       0x8e Drivers/STM32F4xx_HAL_Driver/Src/stm32f4xx_hal_dma.o
 *fill*         0x0800104a        0x2 
 .text.HAL_DMA_Init
                0x0800104c       0xcc Drivers/STM32F4xx_HAL_Driver/Src/stm32f4xx_hal_dma.o
                0x0800104c                HAL_DMA_Init
 .text.HAL_DMA_Start_IT
                0x08001118       0x74 Drivers/STM32F4xx_HAL_Driver/Src/stm32f4xx_hal_dma.o
                0x08001118                HAL_DMA_Start_IT
 .text.HAL_DMA_Abort_IT
                0x0800118c       0x26 Drivers/STM32F4xx_HAL_Driver/Src/stm32f4xx_hal_dma.o
                0x0800118c                HAL_DMA_Abort_IT
 *fill*         0x080011b2        0x2 
 .text.HAL_DMA_IRQHandler
                0x080011b4      0x1dc Drivers/STM32F4xx_HAL_Driver/Src/stm32f4xx_hal_dma.o
                0x080011b4                HAL_DMA_IRQHandler
 .text.HAL_DMA_GetState
                0x08001390        0x6 Drivers/STM32F4xx_HAL_Driver/Src/stm32f4xx_hal_dma.o
                0x08001390                HAL_DMA_GetState
 *fill*         0x08001396        0x2 
 .text.HAL_GPIO_Init
                0x08001398      0x1c8 Drivers/STM32F4xx_HAL_Driver/Src/stm32f4xx_hal_gpio.o
                0x08001398                HAL_GPIO_Init
 .text.HAL_GPIO_ReadPin
                0x08001560        0xe Drivers/STM32F4xx_HAL_Driver/Src/stm32f4xx_hal_gpio.o
                0x08001560                HAL_GPIO_ReadPin
 .text.HAL_GPIO_WritePin
                0x0800156e        0xc Drivers/STM32F4xx_HAL_Driver/Src/stm32f4xx_hal_gpio.o
                0x0800156e                HAL_GPIO_WritePin
 .text.HAL_GPIO_TogglePin
                0x0800157a       0x12 Drivers/STM32F4xx_HAL_Driver/Src/stm32f4xx_hal_gpio.o
                0x0800157a                HAL_GPIO_TogglePin
 .text.HAL_GPIO_EXTI_IRQHandler
                0x0800158c       0x1c Drivers/STM32F4xx_HAL_Driver/Src/stm32f4xx_hal_gpio.o
                0x0800158c                HAL_GPIO_EXTI_IRQHandler
 .text.I2C_Master_SB
                0x080015a8       0xae Drivers/STM32F4xx_HAL_Driver/Src/stm32f4xx_hal_i2c.o
 .text.I2C_Master_ADD10
                0x08001656       0x2e Drivers/STM32F4xx_HAL_Driver/Src/stm32f4xx_hal_i2c.o
 .text.I2C_Master_ADDR
                0x08001684      0x206 Drivers/STM32F4xx_HAL_Driver/Src/stm32f4xx_hal_i2c.o
 .text.I2C_SlaveTransmit_BTF
                0x0800188a       0x1e Drivers/STM32F4xx_HAL_Driver/Src/stm32f4xx_hal_i2c.o
 .text.I2C_SlaveReceive_BTF
                0x080018a8       0x1e Drivers/STM32F4xx_HAL_Driver/Src/stm32f4xx_hal_i2c.o
 .text.I2C_IsAcknowledgeFailed
                0x080018c6       0x32 Drivers/STM32F4xx_HAL_Driver/Src/stm32f4xx_hal_i2c.o
 .text.I2C_ConvertOtherXferOptions
                0x080018f8       0x1e Drivers/STM32F4xx_HAL_Driver/Src/stm32f4xx_hal_i2c.o
 .text.I2C_WaitOnFlagUntilTimeout
                0x08001916       0x70 Drivers/STM32F4xx_HAL_Driver/Src/stm32f4xx_hal_i2c.o
 .text.I2C_WaitOnMasterAddressFlagUntilTimeout
                0x08001986       0xa4 Drivers/STM32F4xx_HAL_Driver/Src/stm32f4xx_hal_i2c.o
 *fill*         0x08001a2a        0x2 
 .text.I2C_MasterRequestWrite
                0x08001a2c       0xa8 Drivers/STM32F4xx_HAL_Driver/Src/stm32f4xx_hal_i2c.o
 .text.I2C_MasterRequestRead
                0x08001ad4      0x104 Drivers/STM32F4xx_HAL_Driver/Src/stm32f4xx_hal_i2c.o
 .text.I2C_WaitOnTXEFlagUntilTimeout
                0x08001bd8       0x54 Drivers/STM32F4xx_HAL_Driver/Src/stm32f4xx_hal_i2c.o
 .text.I2C_WaitOnBTFFlagUntilTimeout
                0x08001c2c       0x54 Drivers/STM32F4xx_HAL_Driver/Src/stm32f4xx_hal_i2c.o
 .text.I2C_WaitOnRXNEFlagUntilTimeout
                0x08001c80       0x6a Drivers/STM32F4xx_HAL_Driver/Src/stm32f4xx_hal_i2c.o
 *fill*         0x08001cea        0x2 
 .text.HAL_I2C_Init
                0x08001cec      0x1a0 Drivers/STM32F4xx_HAL_Driver/Src/stm32f4xx_hal_i2c.o
                0x08001cec                HAL_I2C_Init
 .text.HAL_I2C_Master_Transmit
                0x08001e8c      0x174 Drivers/STM32F4xx_HAL_Driver/Src/stm32f4xx_hal_i2c.o
                0x08001e8c                HAL_I2C_Master_Transmit
 .text.HAL_I2C_Master_Receive
                0x08002000      0x2d0 Drivers/STM32F4xx_HAL_Driver/Src/stm32f4xx_hal_i2c.o
                0x08002000                HAL_I2C_Master_Receive
 .text.HAL_I2C_MasterTxCpltCallback
                0x080022d0        0x2 Drivers/STM32F4xx_HAL_Driver/Src/stm32f4xx_hal_i2c.o
                0x080022d0                HAL_I2C_MasterTxCpltCallback
 .text.HAL_I2C_MasterRxCpltCallback
                0x080022d2        0x2 Drivers/STM32F4xx_HAL_Driver/Src/stm32f4xx_hal_i2c.o
                0x080022d2                HAL_I2C_MasterRxCpltCallback
 .text.HAL_I2C_SlaveTxCpltCallback
                0x080022d4        0x2 Drivers/STM32F4xx_HAL_Driver/Src/stm32f4xx_hal_i2c.o
                0x080022d4                HAL_I2C_SlaveTxCpltCallback
 .text.I2C_SlaveTransmit_TXE
                0x080022d6       0x4a Drivers/STM32F4xx_HAL_Driver/Src/stm32f4xx_hal_i2c.o
 .text.HAL_I2C_SlaveRxCpltCallback
                0x08002320        0x2 Drivers/STM32F4xx_HAL_Driver/Src/stm32f4xx_hal_i2c.o
                0x08002320                HAL_I2C_SlaveRxCpltCallback
 .text.I2C_SlaveReceive_RXNE
                0x08002322       0x4a Drivers/STM32F4xx_HAL_Driver/Src/stm32f4xx_hal_i2c.o
 .text.HAL_I2C_AddrCallback
                0x0800236c        0x2 Drivers/STM32F4xx_HAL_Driver/Src/stm32f4xx_hal_i2c.o
                0x0800236c                HAL_I2C_AddrCallback
 .text.I2C_Slave_ADDR
                0x0800236e       0x4e Drivers/STM32F4xx_HAL_Driver/Src/stm32f4xx_hal_i2c.o
 .text.HAL_I2C_ListenCpltCallback
                0x080023bc        0x2 Drivers/STM32F4xx_HAL_Driver/Src/stm32f4xx_hal_i2c.o
                0x080023bc                HAL_I2C_ListenCpltCallback
 *fill*         0x080023be        0x2 
 .text.I2C_Slave_AF
                0x080023c0       0x94 Drivers/STM32F4xx_HAL_Driver/Src/stm32f4xx_hal_i2c.o
 .text.HAL_I2C_MemTxCpltCallback
                0x08002454        0x2 Drivers/STM32F4xx_HAL_Driver/Src/stm32f4xx_hal_i2c.o
                0x08002454                HAL_I2C_MemTxCpltCallback
 .text.I2C_MasterTransmit_TXE
                0x08002456      0x148 Drivers/STM32F4xx_HAL_Driver/Src/stm32f4xx_hal_i2c.o
 .text.I2C_MasterTransmit_BTF
                0x0800259e       0x9c Drivers/STM32F4xx_HAL_Driver/Src/stm32f4xx_hal_i2c.o
 .text.HAL_I2C_MemRxCpltCallback
                0x0800263a        0x2 Drivers/STM32F4xx_HAL_Driver/Src/stm32f4xx_hal_i2c.o
                0x0800263a                HAL_I2C_MemRxCpltCallback
 .text.I2C_MasterReceive_RXNE
                0x0800263c       0xa2 Drivers/STM32F4xx_HAL_Driver/Src/stm32f4xx_hal_i2c.o
 .text.I2C_MasterReceive_BTF
                0x080026de      0x11e Drivers/STM32F4xx_HAL_Driver/Src/stm32f4xx_hal_i2c.o
 .text.HAL_I2C_ErrorCallback
                0x080027fc        0x2 Drivers/STM32F4xx_HAL_Driver/Src/stm32f4xx_hal_i2c.o
                0x080027fc                HAL_I2C_ErrorCallback
 .text.HAL_I2C_AbortCpltCallback
                0x080027fe        0x2 Drivers/STM32F4xx_HAL_Driver/Src/stm32f4xx_hal_i2c.o
                0x080027fe                HAL_I2C_AbortCpltCallback
 .text.I2C_DMAAbort
                0x08002800       0x8a Drivers/STM32F4xx_HAL_Driver/Src/stm32f4xx_hal_i2c.o
 *fill*         0x0800288a        0x2 
 .text.I2C_ITError
                0x0800288c      0x168 Drivers/STM32F4xx_HAL_Driver/Src/stm32f4xx_hal_i2c.o
 .text.I2C_Slave_STOPF
                0x080029f4      0x188 Drivers/STM32F4xx_HAL_Driver/Src/stm32f4xx_hal_i2c.o
 .text.HAL_I2C_EV_IRQHandler
                0x08002b7c      0x18c Drivers/STM32F4xx_HAL_Driver/Src/stm32f4xx_hal_i2c.o
                0x08002b7c                HAL_I2C_EV_IRQHandler
 .text.HAL_I2C_ER_IRQHandler
                0x08002d08       0xc8 Drivers/STM32F4xx_HAL_Driver/Src/stm32f4xx_hal_i2c.o
                0x08002d08                HAL_I2C_ER_IRQHandler
 .text.HAL_I2S_Init
                0x08002dd0      0x19c Drivers/STM32F4xx_HAL_Driver/Src/stm32f4xx_hal_i2s.o
                0x08002dd0                HAL_I2S_Init
 .text.HAL_I2S_Transmit_DMA
                0x08002f6c       0xdc Drivers/STM32F4xx_HAL_Driver/Src/stm32f4xx_hal_i2s.o
                0x08002f6c                HAL_I2S_Transmit_DMA
 .text.HAL_I2S_TxHalfCpltCallback
                0x08003048        0x2 Drivers/STM32F4xx_HAL_Driver/Src/stm32f4xx_hal_i2s.o
                0x08003048                HAL_I2S_TxHalfCpltCallback
 .text.I2S_DMATxHalfCplt
                0x0800304a        0xa Drivers/STM32F4xx_HAL_Driver/Src/stm32f4xx_hal_i2s.o
 .text.HAL_I2S_TxCpltCallback
                0x08003054        0x2 Drivers/STM32F4xx_HAL_Driver/Src/stm32f4xx_hal_i2s.o
                0x08003054                HAL_I2S_TxCpltCallback
 .text.I2S_Transmit_IT
                0x08003056       0x36 Drivers/STM32F4xx_HAL_Driver/Src/stm32f4xx_hal_i2s.o
 .text.I2S_DMATxCplt
                0x0800308c       0x24 Drivers/STM32F4xx_HAL_Driver/Src/stm32f4xx_hal_i2s.o
 .text.HAL_I2S_RxCpltCallback
                0x080030b0        0x2 Drivers/STM32F4xx_HAL_Driver/Src/stm32f4xx_hal_i2s.o
                0x080030b0                HAL_I2S_RxCpltCallback
 .text.I2S_Receive_IT
                0x080030b2       0x36 Drivers/STM32F4xx_HAL_Driver/Src/stm32f4xx_hal_i2s.o
 .text.HAL_I2S_ErrorCallback
                0x080030e8        0x2 Drivers/STM32F4xx_HAL_Driver/Src/stm32f4xx_hal_i2s.o
                0x080030e8                HAL_I2S_ErrorCallback
 .text.I2S_IRQHandler
                0x080030ea       0xd0 Drivers/STM32F4xx_HAL_Driver/Src/stm32f4xx_hal_i2s.o
 .text.I2S_DMAError
                0x080031ba       0x28 Drivers/STM32F4xx_HAL_Driver/Src/stm32f4xx_hal_i2s.o
 .text.HAL_I2SEx_TxRxCpltCallback
                0x080031e2        0x2 Drivers/STM32F4xx_HAL_Driver/Src/stm32f4xx_hal_i2s_ex.o
                0x080031e2                HAL_I2SEx_TxRxCpltCallback
 .text.I2SEx_TxISR_I2S
                0x080031e4       0x3a Drivers/STM32F4xx_HAL_Driver/Src/stm32f4xx_hal_i2s_ex.o
 *fill*         0x0800321e        0x2 
 .text.I2SEx_RxISR_I2SExt
                0x08003220       0x60 Drivers/STM32F4xx_HAL_Driver/Src/stm32f4xx_hal_i2s_ex.o
 .text.I2SEx_TxISR_I2SExt
                0x08003280       0x60 Drivers/STM32F4xx_HAL_Driver/Src/stm32f4xx_hal_i2s_ex.o
 .text.I2SEx_RxISR_I2S
                0x080032e0       0x3a Drivers/STM32F4xx_HAL_Driver/Src/stm32f4xx_hal_i2s_ex.o
 *fill*         0x0800331a        0x2 
 .text.HAL_I2SEx_FullDuplex_IRQHandler
                0x0800331c      0x1d8 Drivers/STM32F4xx_HAL_Driver/Src/stm32f4xx_hal_i2s_ex.o
                0x0800331c                HAL_I2SEx_FullDuplex_IRQHandler
 .text.HAL_RCC_OscConfig
                0x080034f4      0x398 Drivers/STM32F4xx_HAL_Driver/Src/stm32f4xx_hal_rcc.o
                0x080034f4                HAL_RCC_OscConfig
 .text.HAL_RCC_GetSysClockFreq
                0x0800388c       0xd8 Drivers/STM32F4xx_HAL_Driver/Src/stm32f4xx_hal_rcc.o
                0x0800388c                HAL_RCC_GetSysClockFreq
 .text.HAL_RCC_ClockConfig
                0x08003964      0x158 Drivers/STM32F4xx_HAL_Driver/Src/stm32f4xx_hal_rcc.o
                0x08003964                HAL_RCC_ClockConfig
 .text.HAL_RCC_GetHCLKFreq
                0x08003abc        0xc Drivers/STM32F4xx_HAL_Driver/Src/stm32f4xx_hal_rcc.o
                0x08003abc                HAL_RCC_GetHCLKFreq
 .text.HAL_RCC_GetPCLK1Freq
                0x08003ac8       0x20 Drivers/STM32F4xx_HAL_Driver/Src/stm32f4xx_hal_rcc.o
                0x08003ac8                HAL_RCC_GetPCLK1Freq
 .text.HAL_RCCEx_PeriphCLKConfig
                0x08003ae8      0x154 Drivers/STM32F4xx_HAL_Driver/Src/stm32f4xx_hal_rcc_ex.o
                0x08003ae8                HAL_RCCEx_PeriphCLKConfig
 .text.HAL_RCCEx_GetPeriphCLKFreq
                0x08003c3c       0x74 Drivers/STM32F4xx_HAL_Driver/Src/stm32f4xx_hal_rcc_ex.o
                0x08003c3c                HAL_RCCEx_GetPeriphCLKFreq
 .text.SPI_WaitFlagStateUntilTimeout
                0x08003cb0       0x90 Drivers/STM32F4xx_HAL_Driver/Src/stm32f4xx_hal_spi.o
 .text.SPI_EndRxTxTransaction
                0x08003d40       0x68 Drivers/STM32F4xx_HAL_Driver/Src/stm32f4xx_hal_spi.o
 .text.HAL_SPI_Init
                0x08003da8       0x80 Drivers/STM32F4xx_HAL_Driver/Src/stm32f4xx_hal_spi.o
                0x08003da8                HAL_SPI_Init
 .text.HAL_SPI_Transmit
                0x08003e28      0x19a Drivers/STM32F4xx_HAL_Driver/Src/stm32f4xx_hal_spi.o
                0x08003e28                HAL_SPI_Transmit
 .text.HAL_SPI_TransmitReceive
                0x08003fc2      0x22e Drivers/STM32F4xx_HAL_Driver/Src/stm32f4xx_hal_spi.o
                0x08003fc2                HAL_SPI_TransmitReceive
 .text.HAL_SPI_GetState
                0x080041f0        0x6 Drivers/STM32F4xx_HAL_Driver/Src/stm32f4xx_hal_spi.o
                0x080041f0                HAL_SPI_GetState
 .text.TIM_TI1_ConfigInputStage
                0x080041f6       0x26 Drivers/STM32F4xx_HAL_Driver/Src/stm32f4xx_hal_tim.o
 .text.TIM_TI2_ConfigInputStage
                0x0800421c       0x28 Drivers/STM32F4xx_HAL_Driver/Src/stm32f4xx_hal_tim.o
 .text.TIM_ITRx_SetConfig
                0x08004244       0x10 Drivers/STM32F4xx_HAL_Driver/Src/stm32f4xx_hal_tim.o
 .text.HAL_TIM_Base_Stop
                0x08004254       0x2e Drivers/STM32F4xx_HAL_Driver/Src/stm32f4xx_hal_tim.o
                0x08004254                HAL_TIM_Base_Stop
 .text.HAL_TIM_Base_Start_IT
                0x08004282       0x22 Drivers/STM32F4xx_HAL_Driver/Src/stm32f4xx_hal_tim.o
                0x08004282                HAL_TIM_Base_Start_IT
 .text.HAL_TIM_OC_DelayElapsedCallback
                0x080042a4        0x2 Drivers/STM32F4xx_HAL_Driver/Src/stm32f4xx_hal_tim.o
                0x080042a4                HAL_TIM_OC_DelayElapsedCallback
 .text.HAL_TIM_IC_CaptureCallback
                0x080042a6        0x2 Drivers/STM32F4xx_HAL_Driver/Src/stm32f4xx_hal_tim.o
                0x080042a6                HAL_TIM_IC_CaptureCallback
 .text.HAL_TIM_PWM_PulseFinishedCallback
                0x080042a8        0x2 Drivers/STM32F4xx_HAL_Driver/Src/stm32f4xx_hal_tim.o
                0x080042a8                HAL_TIM_PWM_PulseFinishedCallback
 .text.HAL_TIM_TriggerCallback
                0x080042aa        0x2 Drivers/STM32F4xx_HAL_Driver/Src/stm32f4xx_hal_tim.o
                0x080042aa                HAL_TIM_TriggerCallback
 .text.HAL_TIM_IRQHandler
                0x080042ac      0x17a Drivers/STM32F4xx_HAL_Driver/Src/stm32f4xx_hal_tim.o
                0x080042ac                HAL_TIM_IRQHandler
 *fill*         0x08004426        0x2 
 .text.TIM_Base_SetConfig
                0x08004428       0xc8 Drivers/STM32F4xx_HAL_Driver/Src/stm32f4xx_hal_tim.o
                0x08004428                TIM_Base_SetConfig
 .text.HAL_TIM_Base_Init
                0x080044f0       0x32 Drivers/STM32F4xx_HAL_Driver/Src/stm32f4xx_hal_tim.o
                0x080044f0                HAL_TIM_Base_Init
 .text.TIM_ETR_SetConfig
                0x08004522       0x18 Drivers/STM32F4xx_HAL_Driver/Src/stm32f4xx_hal_tim.o
                0x08004522                TIM_ETR_SetConfig
 .text.HAL_TIM_ConfigClockSource
                0x0800453a       0xda Drivers/STM32F4xx_HAL_Driver/Src/stm32f4xx_hal_tim.o
                0x0800453a                HAL_TIM_ConfigClockSource
 .text.HAL_TIMEx_MasterConfigSynchronization
                0x08004614       0x46 Drivers/STM32F4xx_HAL_Driver/Src/stm32f4xx_hal_tim_ex.o
                0x08004614                HAL_TIMEx_MasterConfigSynchronization
 .text.HAL_TIMEx_CommutCallback
                0x0800465a        0x2 Drivers/STM32F4xx_HAL_Driver/Src/stm32f4xx_hal_tim_ex.o
                0x0800465a                HAL_TIMEx_CommutCallback
 .text.HAL_TIMEx_BreakCallback
                0x0800465c        0x2 Drivers/STM32F4xx_HAL_Driver/Src/stm32f4xx_hal_tim_ex.o
                0x0800465c                HAL_TIMEx_BreakCallback
 *fill*         0x0800465e        0x2 
 .text.write_register
                0x08004660       0x24 Src/MY_CS43L22.o
 .text.read_register
                0x08004684       0x34 Src/MY_CS43L22.o
 .text.CS43_Init
                0x080046b8      0x12c Src/MY_CS43L22.o
                0x080046b8                CS43_Init
 .text.CS43_Enable_RightLeft
                0x080047e4       0x44 Src/MY_CS43L22.o
                0x080047e4                CS43_Enable_RightLeft
 .text.CS43_SetVolume
                0x08004828       0x5c Src/MY_CS43L22.o
                0x08004828                CS43_SetVolume
 .text.CS43_Start
                0x08004884       0x6c Src/MY_CS43L22.o
                0x08004884                CS43_Start
 .text.power_off
                0x080048f0        0xc Src/diskio.o
 .text.chk_power
                0x080048fc        0xc Src/diskio.o
 .text.xmit_spi
                0x08004908       0x2c Src/diskio.o
 .text.rcvr_spi
                0x08004934       0x40 Src/diskio.o
 .text.power_on
                0x08004974       0x74 Src/diskio.o
 .text.wait_ready
                0x080049e8       0x24 Src/diskio.o
 .text.send_cmd
                0x08004a0c       0x6a Src/diskio.o
 .text.rcvr_spi_m
                0x08004a76        0xc Src/diskio.o
 *fill*         0x08004a82        0x2 
 .text.rcvr_datablock
                0x08004a84       0x48 Src/diskio.o
 .text.xmit_datablock
                0x08004acc       0x74 Src/diskio.o
 .text.disk_initialize
                0x08004b40      0x168 Src/diskio.o
                0x08004b40                disk_initialize
 .text.disk_status
                0x08004ca8       0x14 Src/diskio.o
                0x08004ca8                disk_status
 .text.disk_read
                0x08004cbc       0x8c Src/diskio.o
                0x08004cbc                disk_read
 .text.disk_write
                0x08004d48       0xb8 Src/diskio.o
                0x08004d48                disk_write
 .text.disk_ioctl
                0x08004e00      0x1ac Src/diskio.o
                0x08004e00                disk_ioctl
 .text.get_fattime
                0x08004fac        0x8 Src/diskio.o
                0x08004fac                get_fattime
 .text.date2days
                0x08004fb4       0x58 Src/display.o
 .text.BCD2DEC  0x0800500c       0x12 Src/display.o
                0x0800500c                BCD2DEC
 *fill*         0x0800501e        0x2 
 .text.DEC2BCD  0x08005020       0x1c Src/display.o
                0x08005020                DEC2BCD
 .text.dayOfTheWeek
                0x0800503c       0x2c Src/display.o
                0x0800503c                dayOfTheWeek
 .text.getRTC   0x08005068       0xc0 Src/display.o
                0x08005068                getRTC
 .text.setRTC   0x08005128       0x70 Src/display.o
                0x08005128                setRTC
 .text.HAL_GPIO_EXTI_Callback
                0x08005198      0x384 Src/display.o
                0x08005198                HAL_GPIO_EXTI_Callback
 .text.HAL_TIM_PeriodElapsedCallback
                0x0800551c      0x3a8 Src/display.o
                0x0800551c                HAL_TIM_PeriodElapsedCallback
 .text.ld_word  0x080058c4        0xa Src/ff.o
 .text.ld_dword
                0x080058ce       0x16 Src/ff.o
 .text.st_word  0x080058e4        0x8 Src/ff.o
 .text.st_dword
                0x080058ec       0x14 Src/ff.o
 .text.mem_cpy  0x08005900       0x12 Src/ff.o
 .text.mem_set  0x08005912        0xa Src/ff.o
 .text.mem_cmp  0x0800591c       0x1e Src/ff.o
 .text.chk_chr  0x0800593a       0x10 Src/ff.o
 .text.dbc_1st  0x0800594a       0x24 Src/ff.o
 .text.dbc_2nd  0x0800596e       0x28 Src/ff.o
 .text.clst2sect
                0x08005996       0x18 Src/ff.o
 .text.ld_clust
                0x080059ae       0x26 Src/ff.o
 .text.st_clust
                0x080059d4       0x26 Src/ff.o
 .text.get_fileinfo
                0x080059fa       0x6e Src/ff.o
 .text.create_name
                0x08005a68       0xfc Src/ff.o
 .text.get_ldnumber
                0x08005b64       0x58 Src/ff.o
 .text.validate
                0x08005bbc       0x48 Src/ff.o
 .text.sync_window
                0x08005c04       0x50 Src/ff.o
 .text.move_window
                0x08005c54       0x34 Src/ff.o
 .text.check_fs
                0x08005c88       0x6c Src/ff.o
 .text.find_volume
                0x08005cf4      0x310 Src/ff.o
 .text.put_fat  0x08006004      0x10a Src/ff.o
 .text.get_fat  0x0800610e       0xd0 Src/ff.o
 .text.dir_sdi  0x080061de       0xa2 Src/ff.o
 .text.create_chain
                0x08006280      0x104 Src/ff.o
 .text.remove_chain
                0x08006384       0x88 Src/ff.o
 .text.dir_clear
                0x0800640c       0x52 Src/ff.o
 .text.dir_next
                0x0800645e       0xc6 Src/ff.o
 .text.dir_find
                0x08006524       0x5a Src/ff.o
 .text.follow_path
                0x0800657e       0x8c Src/ff.o
 .text.dir_alloc
                0x0800660a       0x50 Src/ff.o
 .text.dir_register
                0x0800665a       0x3e Src/ff.o
 .text.dir_read
                0x08006698       0x5e Src/ff.o
 *fill*         0x080066f6        0x2 
 .text.sync_fs  0x080066f8       0x8c Src/ff.o
 .text.f_mount  0x08006784       0x50 Src/ff.o
                0x08006784                f_mount
 .text.f_open   0x080067d4      0x1e0 Src/ff.o
                0x080067d4                f_open
 .text.f_read   0x080069b4      0x180 Src/ff.o
                0x080069b4                f_read
 .text.f_sync   0x08006b34       0xa0 Src/ff.o
                0x08006b34                f_sync
 .text.f_close  0x08006bd4       0x28 Src/ff.o
                0x08006bd4                f_close
 .text.f_lseek  0x08006bfc      0x170 Src/ff.o
                0x08006bfc                f_lseek
 .text.f_opendir
                0x08006d6c       0x6e Src/ff.o
                0x08006d6c                f_opendir
 .text.f_closedir
                0x08006dda       0x1a Src/ff.o
                0x08006dda                f_closedir
 .text.f_readdir
                0x08006df4       0x4e Src/ff.o
                0x08006df4                f_readdir
 *fill*         0x08006e42        0x2 
 .text.MX_GPIO_Init
                0x08006e44      0x178 Src/main.o
 .text.MX_DMA_Init
                0x08006fbc       0x34 Src/main.o
 .text.MX_I2C1_Init
                0x08006ff0       0x34 Src/main.o
 .text.MX_I2S3_Init
                0x08007024       0x30 Src/main.o
 .text.MX_TIM3_Init
                0x08007054       0x54 Src/main.o
 .text.MX_TIM4_Init
                0x080070a8       0x50 Src/main.o
 .text.MX_TIM2_Init
                0x080070f8       0x54 Src/main.o
 .text.MX_SPI1_Init
                0x0800714c       0x3c Src/main.o
 .text.MX_DAC_Init
                0x08007188       0x30 Src/main.o
 .text.SystemClock_Config
                0x080071b8       0xac Src/main.o
                0x080071b8                SystemClock_Config
 .text.main     0x08007264      0x150 Src/main.o
                0x08007264                main
 .text.Error_Handler
                0x080073b4        0x2 Src/main.o
                0x080073b4                Error_Handler
 *fill*         0x080073b6        0x2 
 .text.choose   0x080073b8       0xc0 Src/music.o
                0x080073b8                choose
 .text.startSong
                0x08007478      0x138 Src/music.o
                0x08007478                startSong
 .text.changeFile
                0x080075b0       0x64 Src/music.o
                0x080075b0                changeFile
 .text.playSong
                0x08007614      0x104 Src/music.o
                0x08007614                playSong
 .text.map_filenames
                0x08007718       0xc0 Src/music.o
                0x08007718                map_filenames
 .text.HAL_MspInit
                0x080077d8       0x38 Src/stm32f4xx_hal_msp.o
                0x080077d8                HAL_MspInit
 .text.HAL_DAC_MspInit
                0x08007810       0x68 Src/stm32f4xx_hal_msp.o
                0x08007810                HAL_DAC_MspInit
 .text.HAL_I2C_MspInit
                0x08007878       0x94 Src/stm32f4xx_hal_msp.o
                0x08007878                HAL_I2C_MspInit
 .text.HAL_I2S_MspInit
                0x0800790c       0xe8 Src/stm32f4xx_hal_msp.o
                0x0800790c                HAL_I2S_MspInit
 .text.HAL_SPI_MspInit
                0x080079f4       0x70 Src/stm32f4xx_hal_msp.o
                0x080079f4                HAL_SPI_MspInit
 .text.HAL_TIM_Base_MspInit
                0x08007a64       0xa4 Src/stm32f4xx_hal_msp.o
                0x08007a64                HAL_TIM_Base_MspInit
 .text.NMI_Handler
                0x08007b08        0x2 Src/stm32f4xx_it.o
                0x08007b08                NMI_Handler
 .text.HardFault_Handler
                0x08007b0a        0x2 Src/stm32f4xx_it.o
                0x08007b0a                HardFault_Handler
 .text.MemManage_Handler
                0x08007b0c        0x2 Src/stm32f4xx_it.o
                0x08007b0c                MemManage_Handler
 .text.BusFault_Handler
                0x08007b0e        0x2 Src/stm32f4xx_it.o
                0x08007b0e                BusFault_Handler
 .text.UsageFault_Handler
                0x08007b10        0x2 Src/stm32f4xx_it.o
                0x08007b10                UsageFault_Handler
 .text.SVC_Handler
                0x08007b12        0x2 Src/stm32f4xx_it.o
                0x08007b12                SVC_Handler
 .text.DebugMon_Handler
                0x08007b14        0x2 Src/stm32f4xx_it.o
                0x08007b14                DebugMon_Handler
 .text.PendSV_Handler
                0x08007b16        0x2 Src/stm32f4xx_it.o
                0x08007b16                PendSV_Handler
 .text.SysTick_Handler
                0x08007b18        0x8 Src/stm32f4xx_it.o
                0x08007b18                SysTick_Handler
 .text.EXTI0_IRQHandler
                0x08007b20        0xa Src/stm32f4xx_it.o
                0x08007b20                EXTI0_IRQHandler
 .text.EXTI1_IRQHandler
                0x08007b2a        0xa Src/stm32f4xx_it.o
                0x08007b2a                EXTI1_IRQHandler
 .text.EXTI2_IRQHandler
                0x08007b34        0xa Src/stm32f4xx_it.o
                0x08007b34                EXTI2_IRQHandler
 *fill*         0x08007b3e        0x2 
 .text.DMA1_Stream5_IRQHandler
                0x08007b40       0x10 Src/stm32f4xx_it.o
                0x08007b40                DMA1_Stream5_IRQHandler
 .text.EXTI9_5_IRQHandler
                0x08007b50       0x26 Src/stm32f4xx_it.o
                0x08007b50                EXTI9_5_IRQHandler
 *fill*         0x08007b76        0x2 
 .text.TIM2_IRQHandler
                0x08007b78       0x10 Src/stm32f4xx_it.o
                0x08007b78                TIM2_IRQHandler
 .text.TIM3_IRQHandler
                0x08007b88       0x10 Src/stm32f4xx_it.o
                0x08007b88                TIM3_IRQHandler
 .text.TIM4_IRQHandler
                0x08007b98       0x10 Src/stm32f4xx_it.o
                0x08007b98                TIM4_IRQHandler
 .text.I2C1_EV_IRQHandler
                0x08007ba8       0x10 Src/stm32f4xx_it.o
                0x08007ba8                I2C1_EV_IRQHandler
 .text.I2C1_ER_IRQHandler
                0x08007bb8       0x10 Src/stm32f4xx_it.o
                0x08007bb8                I2C1_ER_IRQHandler
 .text.EXTI15_10_IRQHandler
                0x08007bc8       0x14 Src/stm32f4xx_it.o
                0x08007bc8                EXTI15_10_IRQHandler
 .text.SystemInit
                0x08007bdc       0x4c Src/system_stm32f4xx.o
                0x08007bdc                SystemInit
 .text.Reset_Handler
                0x08007c28       0x50 startup/startup_stm32f407xx.o
                0x08007c28                Reset_Handler
 .text.Default_Handler
                0x08007c78        0x2 startup/startup_stm32f407xx.o
                0x08007c78                RTC_Alarm_IRQHandler
                0x08007c78                HASH_RNG_IRQHandler
                0x08007c78                TIM8_CC_IRQHandler
                0x08007c78                TIM1_CC_IRQHandler
                0x08007c78                DMA2_Stream5_IRQHandler
                0x08007c78                PVD_IRQHandler
                0x08007c78                SDIO_IRQHandler
                0x08007c78                TAMP_STAMP_IRQHandler
                0x08007c78                CAN2_RX1_IRQHandler
                0x08007c78                EXTI3_IRQHandler
                0x08007c78                TIM8_TRG_COM_TIM14_IRQHandler
                0x08007c78                TIM1_UP_TIM10_IRQHandler
                0x08007c78                TIM8_UP_TIM13_IRQHandler
                0x08007c78                I2C3_ER_IRQHandler
                0x08007c78                I2C2_EV_IRQHandler
                0x08007c78                DMA1_Stream2_IRQHandler
                0x08007c78                CAN1_RX0_IRQHandler
                0x08007c78                FPU_IRQHandler
                0x08007c78                OTG_HS_WKUP_IRQHandler
                0x08007c78                CAN2_SCE_IRQHandler
                0x08007c78                DMA2_Stream2_IRQHandler
                0x08007c78                SPI1_IRQHandler
                0x08007c78                TIM6_DAC_IRQHandler
                0x08007c78                TIM1_BRK_TIM9_IRQHandler
                0x08007c78                DCMI_IRQHandler
                0x08007c78                CAN2_RX0_IRQHandler
                0x08007c78                DMA2_Stream3_IRQHandler
                0x08007c78                USART6_IRQHandler
                0x08007c78                USART3_IRQHandler
                0x08007c78                CAN1_RX1_IRQHandler
                0x08007c78                UART5_IRQHandler
                0x08007c78                DMA2_Stream0_IRQHandler
                0x08007c78                DMA1_Stream6_IRQHandler
                0x08007c78                DMA1_Stream1_IRQHandler
                0x08007c78                UART4_IRQHandler
                0x08007c78                RCC_IRQHandler
                0x08007c78                TIM8_BRK_TIM12_IRQHandler
                0x08007c78                Default_Handler
                0x08007c78                ADC_IRQHandler
                0x08007c78                DMA1_Stream7_IRQHandler
                0x08007c78                TIM7_IRQHandler
                0x08007c78                CAN2_TX_IRQHandler
                0x08007c78                TIM5_IRQHandler
                0x08007c78                DMA2_Stream7_IRQHandler
                0x08007c78                I2C3_EV_IRQHandler
                0x08007c78                RTC_WKUP_IRQHandler
                0x08007c78                ETH_WKUP_IRQHandler
                0x08007c78                SPI2_IRQHandler
                0x08007c78                OTG_HS_EP1_IN_IRQHandler
                0x08007c78                DMA1_Stream0_IRQHandler
                0x08007c78                CAN1_TX_IRQHandler
                0x08007c78                EXTI4_IRQHandler
                0x08007c78                FSMC_IRQHandler
                0x08007c78                ETH_IRQHandler
                0x08007c78                OTG_HS_EP1_OUT_IRQHandler
                0x08007c78                WWDG_IRQHandler
                0x08007c78                OTG_FS_WKUP_IRQHandler
                0x08007c78                TIM1_TRG_COM_TIM11_IRQHandler
                0x08007c78                OTG_HS_IRQHandler
                0x08007c78                USART2_IRQHandler
                0x08007c78                I2C2_ER_IRQHandler
                0x08007c78                DMA2_Stream1_IRQHandler
                0x08007c78                CAN1_SCE_IRQHandler
                0x08007c78                FLASH_IRQHandler
                0x08007c78                DMA2_Stream4_IRQHandler
                0x08007c78                USART1_IRQHandler
                0x08007c78                OTG_FS_IRQHandler
                0x08007c78                SPI3_IRQHandler
                0x08007c78                DMA1_Stream4_IRQHandler
                0x08007c78                DMA2_Stream6_IRQHandler
                0x08007c78                DMA1_Stream3_IRQHandler
 *fill*         0x08007c7a        0x2 
 .text.sinf     0x08007c7c       0x94 c:/ac6/systemworkbench/plugins/fr.ac6.mcu.externaltools.arm-none.win32_1.17.0.201812190825/tools/compiler/bin/../lib/gcc/arm-none-eabi/7.3.1/../../../../arm-none-eabi/lib/thumb/v7e-m/fpv4-sp/hard\libm.a(lib_a-sf_sin.o)
                0x08007c7c                sinf
 .text.__ieee754_rem_pio2f
                0x08007d10      0x298 c:/ac6/systemworkbench/plugins/fr.ac6.mcu.externaltools.arm-none.win32_1.17.0.201812190825/tools/compiler/bin/../lib/gcc/arm-none-eabi/7.3.1/../../../../arm-none-eabi/lib/thumb/v7e-m/fpv4-sp/hard\libm.a(lib_a-ef_rem_pio2.o)
                0x08007d10                __ieee754_rem_pio2f
 .text.__kernel_cosf
                0x08007fa8      0x104 c:/ac6/systemworkbench/plugins/fr.ac6.mcu.externaltools.arm-none.win32_1.17.0.201812190825/tools/compiler/bin/../lib/gcc/arm-none-eabi/7.3.1/../../../../arm-none-eabi/lib/thumb/v7e-m/fpv4-sp/hard\libm.a(lib_a-kf_cos.o)
                0x08007fa8                __kernel_cosf
 .text.__kernel_rem_pio2f
                0x080080ac      0x650 c:/ac6/systemworkbench/plugins/fr.ac6.mcu.externaltools.arm-none.win32_1.17.0.201812190825/tools/compiler/bin/../lib/gcc/arm-none-eabi/7.3.1/../../../../arm-none-eabi/lib/thumb/v7e-m/fpv4-sp/hard\libm.a(lib_a-kf_rem_pio2.o)
                0x080080ac                __kernel_rem_pio2f
 .text.__kernel_sinf
                0x080086fc       0x90 c:/ac6/systemworkbench/plugins/fr.ac6.mcu.externaltools.arm-none.win32_1.17.0.201812190825/tools/compiler/bin/../lib/gcc/arm-none-eabi/7.3.1/../../../../arm-none-eabi/lib/thumb/v7e-m/fpv4-sp/hard\libm.a(lib_a-kf_sin.o)
                0x080086fc                __kernel_sinf
 .text.fabsf    0x0800878c       0x10 c:/ac6/systemworkbench/plugins/fr.ac6.mcu.externaltools.arm-none.win32_1.17.0.201812190825/tools/compiler/bin/../lib/gcc/arm-none-eabi/7.3.1/../../../../arm-none-eabi/lib/thumb/v7e-m/fpv4-sp/hard\libm.a(lib_a-sf_fabs.o)
                0x0800878c                fabsf
 .text.floorf   0x0800879c       0x8c c:/ac6/systemworkbench/plugins/fr.ac6.mcu.externaltools.arm-none.win32_1.17.0.201812190825/tools/compiler/bin/../lib/gcc/arm-none-eabi/7.3.1/../../../../arm-none-eabi/lib/thumb/v7e-m/fpv4-sp/hard\libm.a(lib_a-sf_floor.o)
                0x0800879c                floorf
 .text.scalbnf  0x08008828       0xd0 c:/ac6/systemworkbench/plugins/fr.ac6.mcu.externaltools.arm-none.win32_1.17.0.201812190825/tools/compiler/bin/../lib/gcc/arm-none-eabi/7.3.1/../../../../arm-none-eabi/lib/thumb/v7e-m/fpv4-sp/hard\libm.a(lib_a-sf_scalbn.o)
                0x08008828                scalbnf
 .text.copysignf
                0x080088f8       0x18 c:/ac6/systemworkbench/plugins/fr.ac6.mcu.externaltools.arm-none.win32_1.17.0.201812190825/tools/compiler/bin/../lib/gcc/arm-none-eabi/7.3.1/../../../../arm-none-eabi/lib/thumb/v7e-m/fpv4-sp/hard\libm.a(lib_a-sf_copysign.o)
                0x080088f8                copysignf
 .text.__libc_init_array
                0x08008910       0x48 c:/ac6/systemworkbench/plugins/fr.ac6.mcu.externaltools.arm-none.win32_1.17.0.201812190825/tools/compiler/bin/../lib/gcc/arm-none-eabi/7.3.1/../../../../arm-none-eabi/lib/thumb/v7e-m/fpv4-sp/hard\libc_nano.a(lib_a-init.o)
                0x08008910                __libc_init_array
 .text.memcpy   0x08008958       0x16 c:/ac6/systemworkbench/plugins/fr.ac6.mcu.externaltools.arm-none.win32_1.17.0.201812190825/tools/compiler/bin/../lib/gcc/arm-none-eabi/7.3.1/../../../../arm-none-eabi/lib/thumb/v7e-m/fpv4-sp/hard\libc_nano.a(lib_a-memcpy-stub.o)
                0x08008958                memcpy
 .text.memset   0x0800896e       0x10 c:/ac6/systemworkbench/plugins/fr.ac6.mcu.externaltools.arm-none.win32_1.17.0.201812190825/tools/compiler/bin/../lib/gcc/arm-none-eabi/7.3.1/../../../../arm-none-eabi/lib/thumb/v7e-m/fpv4-sp/hard\libc_nano.a(lib_a-memset.o)
                0x0800896e                memset
 .text.strcpy   0x0800897e       0x10 c:/ac6/systemworkbench/plugins/fr.ac6.mcu.externaltools.arm-none.win32_1.17.0.201812190825/tools/compiler/bin/../lib/gcc/arm-none-eabi/7.3.1/../../../../arm-none-eabi/lib/thumb/v7e-m/fpv4-sp/hard\libc_nano.a(lib_a-strcpy.o)
                0x0800897e                strcpy
 .text.strstr   0x0800898e       0x34 c:/ac6/systemworkbench/plugins/fr.ac6.mcu.externaltools.arm-none.win32_1.17.0.201812190825/tools/compiler/bin/../lib/gcc/arm-none-eabi/7.3.1/../../../../arm-none-eabi/lib/thumb/v7e-m/fpv4-sp/hard\libc_nano.a(lib_a-strstr.o)
                0x0800898e                strstr
 *(.glue_7)
 .glue_7        0x080089c2        0x0 linker stubs
 *(.glue_7t)
 .glue_7t       0x080089c2        0x0 linker stubs
 *(.eh_frame)
 *fill*         0x080089c2        0x2 
 .eh_frame      0x080089c4        0x0 c:/ac6/systemworkbench/plugins/fr.ac6.mcu.externaltools.arm-none.win32_1.17.0.201812190825/tools/compiler/bin/../lib/gcc/arm-none-eabi/7.3.1/thumb/v7e-m/fpv4-sp/hard/crtbegin.o
 *(.init)
 .init          0x080089c4        0x4 c:/ac6/systemworkbench/plugins/fr.ac6.mcu.externaltools.arm-none.win32_1.17.0.201812190825/tools/compiler/bin/../lib/gcc/arm-none-eabi/7.3.1/thumb/v7e-m/fpv4-sp/hard/crti.o
                0x080089c4                _init
 .init          0x080089c8        0x8 c:/ac6/systemworkbench/plugins/fr.ac6.mcu.externaltools.arm-none.win32_1.17.0.201812190825/tools/compiler/bin/../lib/gcc/arm-none-eabi/7.3.1/thumb/v7e-m/fpv4-sp/hard/crtn.o
 *(.fini)
 .fini          0x080089d0        0x4 c:/ac6/systemworkbench/plugins/fr.ac6.mcu.externaltools.arm-none.win32_1.17.0.201812190825/tools/compiler/bin/../lib/gcc/arm-none-eabi/7.3.1/thumb/v7e-m/fpv4-sp/hard/crti.o
                0x080089d0                _fini
 .fini          0x080089d4        0x8 c:/ac6/systemworkbench/plugins/fr.ac6.mcu.externaltools.arm-none.win32_1.17.0.201812190825/tools/compiler/bin/../lib/gcc/arm-none-eabi/7.3.1/thumb/v7e-m/fpv4-sp/hard/crtn.o
                0x080089dc                . = ALIGN (0x4)
                0x080089dc                _etext = .

.vfp11_veneer   0x080089dc        0x0
 .vfp11_veneer  0x080089dc        0x0 linker stubs

.v4_bx          0x080089dc        0x0
 .v4_bx         0x080089dc        0x0 linker stubs

.iplt           0x080089dc        0x0
 .iplt          0x080089dc        0x0 c:/ac6/systemworkbench/plugins/fr.ac6.mcu.externaltools.arm-none.win32_1.17.0.201812190825/tools/compiler/bin/../lib/gcc/arm-none-eabi/7.3.1/thumb/v7e-m/fpv4-sp/hard/crtbegin.o

.rodata         0x080089dc      0x420
                0x080089dc                . = ALIGN (0x4)
 *(.rodata)
 .rodata        0x080089dc        0x8 Drivers/STM32F4xx_HAL_Driver/Src/stm32f4xx_hal_dma.o
 .rodata        0x080089e4       0x18 Src/system_stm32f4xx.o
                0x080089e4                AHBPrescTable
                0x080089f4                APBPrescTable
 *(.rodata*)
 .rodata.str1.4
                0x080089fc       0x1a Src/ff.o
 .rodata.str1.4
                0x08008a16       0x1a Src/main.o
                                  0x1 (size before relaxing)
 *fill*         0x08008a16        0x2 
 .rodata.str1.4
                0x08008a18       0x14 Src/music.o
                                 0x11 (size before relaxing)
 .rodata.npio2_hw
                0x08008a2c       0x80 c:/ac6/systemworkbench/plugins/fr.ac6.mcu.externaltools.arm-none.win32_1.17.0.201812190825/tools/compiler/bin/../lib/gcc/arm-none-eabi/7.3.1/../../../../arm-none-eabi/lib/thumb/v7e-m/fpv4-sp/hard\libm.a(lib_a-ef_rem_pio2.o)
 .rodata.two_over_pi
                0x08008aac      0x318 c:/ac6/systemworkbench/plugins/fr.ac6.mcu.externaltools.arm-none.win32_1.17.0.201812190825/tools/compiler/bin/../lib/gcc/arm-none-eabi/7.3.1/../../../../arm-none-eabi/lib/thumb/v7e-m/fpv4-sp/hard\libm.a(lib_a-ef_rem_pio2.o)
 .rodata.PIo2   0x08008dc4       0x2c c:/ac6/systemworkbench/plugins/fr.ac6.mcu.externaltools.arm-none.win32_1.17.0.201812190825/tools/compiler/bin/../lib/gcc/arm-none-eabi/7.3.1/../../../../arm-none-eabi/lib/thumb/v7e-m/fpv4-sp/hard\libm.a(lib_a-kf_rem_pio2.o)
 .rodata.init_jk
                0x08008df0        0xc c:/ac6/systemworkbench/plugins/fr.ac6.mcu.externaltools.arm-none.win32_1.17.0.201812190825/tools/compiler/bin/../lib/gcc/arm-none-eabi/7.3.1/../../../../arm-none-eabi/lib/thumb/v7e-m/fpv4-sp/hard\libm.a(lib_a-kf_rem_pio2.o)
                0x08008dfc                . = ALIGN (0x4)

.irom.text.../Src/display.c.4.0
                0x08008dfc        0xc
 .irom.text.../Src/display.c.4.0
                0x08008dfc        0xc Src/display.o
                0x08008dfc                daysInMonth

.ARM.extab
 *(.ARM.extab* .gnu.linkonce.armextab.*)

.ARM            0x08008e08        0x8
                0x08008e08                __exidx_start = .
 *(.ARM.exidx*)
 .ARM.exidx     0x08008e08        0x8 c:/ac6/systemworkbench/plugins/fr.ac6.mcu.externaltools.arm-none.win32_1.17.0.201812190825/tools/compiler/bin/../lib/gcc/arm-none-eabi/7.3.1/thumb/v7e-m/fpv4-sp/hard\libgcc.a(_udivmoddi4.o)
                0x08008e10                __exidx_end = .

.rel.dyn        0x08008e10        0x0
 .rel.iplt      0x08008e10        0x0 c:/ac6/systemworkbench/plugins/fr.ac6.mcu.externaltools.arm-none.win32_1.17.0.201812190825/tools/compiler/bin/../lib/gcc/arm-none-eabi/7.3.1/thumb/v7e-m/fpv4-sp/hard/crtbegin.o

.preinit_array  0x08008e10        0x0
                0x08008e10                PROVIDE (__preinit_array_start = .)
 *(.preinit_array*)
                0x08008e10                PROVIDE (__preinit_array_end = .)

.init_array     0x08008e10        0x4
                0x08008e10                PROVIDE (__init_array_start = .)
 *(SORT_BY_NAME(.init_array.*))
 *(.init_array*)
 .init_array    0x08008e10        0x4 c:/ac6/systemworkbench/plugins/fr.ac6.mcu.externaltools.arm-none.win32_1.17.0.201812190825/tools/compiler/bin/../lib/gcc/arm-none-eabi/7.3.1/thumb/v7e-m/fpv4-sp/hard/crtbegin.o
                0x08008e14                PROVIDE (__init_array_end = .)

.fini_array     0x08008e14        0x4
                [!provide]                PROVIDE (__fini_array_start = .)
 *(SORT_BY_NAME(.fini_array.*))
 *(.fini_array*)
 .fini_array    0x08008e14        0x4 c:/ac6/systemworkbench/plugins/fr.ac6.mcu.externaltools.arm-none.win32_1.17.0.201812190825/tools/compiler/bin/../lib/gcc/arm-none-eabi/7.3.1/thumb/v7e-m/fpv4-sp/hard/crtbegin.o
                [!provide]                PROVIDE (__fini_array_end = .)
                0x08008e18                _sidata = LOADADDR (.data)

.data           0x20000000       0x18 load address 0x08008e18
                0x20000000                . = ALIGN (0x4)
                0x20000000                _sdata = .
 *(.data)
 .data          0x20000000        0x8 Drivers/STM32F4xx_HAL_Driver/Src/stm32f4xx_hal.o
                0x20000000                uwTickFreq
                0x20000004                uwTickPrio
 .data          0x20000008        0x1 Src/diskio.o
 *fill*         0x20000009        0x3 
 .data          0x2000000c        0x8 Src/display.o
                0x2000000c                temp_flag
                0x20000010                displayCounter
 .data          0x20000014        0x4 Src/system_stm32f4xx.o
                0x20000014                SystemCoreClock
 *(.data*)
                0x20000018                . = ALIGN (0x4)
                0x20000018                _edata = .
                0x08008e30                _siccmram = LOADADDR (.ccmram)

.igot.plt       0x20000018        0x0 load address 0x08008e30
 .igot.plt      0x20000018        0x0 c:/ac6/systemworkbench/plugins/fr.ac6.mcu.externaltools.arm-none.win32_1.17.0.201812190825/tools/compiler/bin/../lib/gcc/arm-none-eabi/7.3.1/thumb/v7e-m/fpv4-sp/hard/crtbegin.o

.ccmram         0x10000000        0x0 load address 0x08008e30
                0x10000000                . = ALIGN (0x4)
                0x10000000                _sccmram = .
 *(.ccmram)
 *(.ccmram*)
                0x10000000                . = ALIGN (0x4)
                0x10000000                _eccmram = .
                0x10000000                . = ALIGN (0x4)

.bss            0x20000018      0xb9c
                0x20000018                _sbss = .
                0x20000018                __bss_start__ = _sbss
 *(.bss)
 .bss           0x20000018       0x1c c:/ac6/systemworkbench/plugins/fr.ac6.mcu.externaltools.arm-none.win32_1.17.0.201812190825/tools/compiler/bin/../lib/gcc/arm-none-eabi/7.3.1/thumb/v7e-m/fpv4-sp/hard/crtbegin.o
 .bss           0x20000034       0x58 Src/MY_CS43L22.o
 .bss           0x2000008c        0x4 Src/diskio.o
 .bss           0x20000090       0x14 Src/display.o
                0x20000090                state
                0x20000094                displayState
                0x20000098                flash
                0x2000009c                timerValue
                0x200000a0                piesek
 .bss           0x200000a4        0x6 Src/ff.o
 *fill*         0x200000aa        0x2 
 .bss           0x200000ac      0x234 Src/main.o
                0x200002dc                option
 .bss           0x200002e0       0x14 Src/music.o
                0x200002e0                sampleRate
                0x200002e4                fileNamesSize
                0x200002e8                sChunkSize
                0x200002ec                audioBits
                0x200002f0                hChunkSize
 *(.bss*)
 *(COMMON)
 COMMON         0x200002f4        0x4 Drivers/STM32F4xx_HAL_Driver/Src/stm32f4xx_hal.o
                0x200002f4                uwTick
 COMMON         0x200002f8      0x200 Src/display.o
                0x200002f8                year2digit
                0x200002fa                year4digit
                0x200002fc                htim4
                0x2000033c                hi2c1
                0x20000390                month
                0x20000394                htim3
                0x200003d4                hdma_spi3_tx
                0x20000434                minuta
                0x20000438                budzikminuta
                0x2000043c                hour
                0x2000043d                min
                0x2000043e                sec
                0x20000440                godzina
                0x20000444                day
                0x20000448                hspi1
                0x200004a0                data_RTC
                0x200004a8                date
                0x200004ac                budzikgodzina
                0x200004b0                hi2s3
 COMMON         0x200004f8      0x6ba Src/main.o
                0x200004f8                myDacVal
                0x200004fc                sample_N
                0x20000500                dataDescription
                0x20000504                file
                0x2000072c                bytes_read
                0x20000730                hdac
                0x20000744                audioBuffer16
                0x20000748                currentFileName
                0x20000755                fresult
                0x20000756                audioBuffer8
                0x20000758                htim2
                0x20000798                currentFile
                0x2000079c                bytes_written
                0x200007a0                sample_dt
                0x200007a4                mySinValue
                0x200007a8                dataI2S
                0x20000870                fileNames
                0x20000bb0                i_t
                0x20000bb4                . = ALIGN (0x4)
 *fill*         0x20000bb2        0x2 
                0x20000bb4                _ebss = .
                0x20000bb4                __bss_end__ = _ebss

._user_heap_stack
                0x20000bb4      0x604
                0x20000bb8                . = ALIGN (0x8)
 *fill*         0x20000bb4        0x4 
                0x20000bb8                PROVIDE (end = .)
                [!provide]                PROVIDE (_end = .)
                0x20000db8                . = (. + _Min_Heap_Size)
 *fill*         0x20000bb8      0x200 
                0x200011b8                . = (. + _Min_Stack_Size)
 *fill*         0x20000db8      0x400 
                0x200011b8                . = ALIGN (0x8)

/DISCARD/
 libc.a(*)
 libm.a(*)
 libgcc.a(*)

.ARM.attributes
                0x00000000       0x30
 *(.ARM.attributes)
 .ARM.attributes
                0x00000000       0x22 c:/ac6/systemworkbench/plugins/fr.ac6.mcu.externaltools.arm-none.win32_1.17.0.201812190825/tools/compiler/bin/../lib/gcc/arm-none-eabi/7.3.1/thumb/v7e-m/fpv4-sp/hard/crti.o
 .ARM.attributes
                0x00000022       0x34 c:/ac6/systemworkbench/plugins/fr.ac6.mcu.externaltools.arm-none.win32_1.17.0.201812190825/tools/compiler/bin/../lib/gcc/arm-none-eabi/7.3.1/thumb/v7e-m/fpv4-sp/hard/crtbegin.o
 .ARM.attributes
                0x00000056       0x39 Drivers/STM32F4xx_HAL_Driver/Src/stm32f4xx_hal.o
 .ARM.attributes
                0x0000008f       0x39 Drivers/STM32F4xx_HAL_Driver/Src/stm32f4xx_hal_cortex.o
 .ARM.attributes
                0x000000c8       0x39 Drivers/STM32F4xx_HAL_Driver/Src/stm32f4xx_hal_dac.o
 .ARM.attributes
                0x00000101       0x39 Drivers/STM32F4xx_HAL_Driver/Src/stm32f4xx_hal_dma.o
 .ARM.attributes
                0x0000013a       0x39 Drivers/STM32F4xx_HAL_Driver/Src/stm32f4xx_hal_gpio.o
 .ARM.attributes
                0x00000173       0x39 Drivers/STM32F4xx_HAL_Driver/Src/stm32f4xx_hal_i2c.o
 .ARM.attributes
                0x000001ac       0x39 Drivers/STM32F4xx_HAL_Driver/Src/stm32f4xx_hal_i2s.o
 .ARM.attributes
                0x000001e5       0x39 Drivers/STM32F4xx_HAL_Driver/Src/stm32f4xx_hal_i2s_ex.o
 .ARM.attributes
                0x0000021e       0x39 Drivers/STM32F4xx_HAL_Driver/Src/stm32f4xx_hal_rcc.o
 .ARM.attributes
                0x00000257       0x39 Drivers/STM32F4xx_HAL_Driver/Src/stm32f4xx_hal_rcc_ex.o
 .ARM.attributes
                0x00000290       0x39 Drivers/STM32F4xx_HAL_Driver/Src/stm32f4xx_hal_spi.o
 .ARM.attributes
                0x000002c9       0x39 Drivers/STM32F4xx_HAL_Driver/Src/stm32f4xx_hal_tim.o
 .ARM.attributes
                0x00000302       0x39 Drivers/STM32F4xx_HAL_Driver/Src/stm32f4xx_hal_tim_ex.o
 .ARM.attributes
                0x0000033b       0x39 Src/MY_CS43L22.o
 .ARM.attributes
                0x00000374       0x39 Src/diskio.o
 .ARM.attributes
                0x000003ad       0x39 Src/display.o
 .ARM.attributes
                0x000003e6       0x39 Src/ff.o
 .ARM.attributes
                0x0000041f       0x39 Src/main.o
 .ARM.attributes
                0x00000458       0x39 Src/music.o
 .ARM.attributes
                0x00000491       0x39 Src/stm32f4xx_hal_msp.o
 .ARM.attributes
                0x000004ca       0x39 Src/stm32f4xx_it.o
 .ARM.attributes
                0x00000503       0x39 Src/system_stm32f4xx.o
 .ARM.attributes
                0x0000053c       0x21 startup/startup_stm32f407xx.o
 .ARM.attributes
                0x0000055d       0x34 c:/ac6/systemworkbench/plugins/fr.ac6.mcu.externaltools.arm-none.win32_1.17.0.201812190825/tools/compiler/bin/../lib/gcc/arm-none-eabi/7.3.1/../../../../arm-none-eabi/lib/thumb/v7e-m/fpv4-sp/hard\libm.a(lib_a-sf_sin.o)
 .ARM.attributes
                0x00000591       0x34 c:/ac6/systemworkbench/plugins/fr.ac6.mcu.externaltools.arm-none.win32_1.17.0.201812190825/tools/compiler/bin/../lib/gcc/arm-none-eabi/7.3.1/../../../../arm-none-eabi/lib/thumb/v7e-m/fpv4-sp/hard\libm.a(lib_a-ef_rem_pio2.o)
 .ARM.attributes
                0x000005c5       0x34 c:/ac6/systemworkbench/plugins/fr.ac6.mcu.externaltools.arm-none.win32_1.17.0.201812190825/tools/compiler/bin/../lib/gcc/arm-none-eabi/7.3.1/../../../../arm-none-eabi/lib/thumb/v7e-m/fpv4-sp/hard\libm.a(lib_a-kf_cos.o)
 .ARM.attributes
                0x000005f9       0x34 c:/ac6/systemworkbench/plugins/fr.ac6.mcu.externaltools.arm-none.win32_1.17.0.201812190825/tools/compiler/bin/../lib/gcc/arm-none-eabi/7.3.1/../../../../arm-none-eabi/lib/thumb/v7e-m/fpv4-sp/hard\libm.a(lib_a-kf_rem_pio2.o)
 .ARM.attributes
                0x0000062d       0x34 c:/ac6/systemworkbench/plugins/fr.ac6.mcu.externaltools.arm-none.win32_1.17.0.201812190825/tools/compiler/bin/../lib/gcc/arm-none-eabi/7.3.1/../../../../arm-none-eabi/lib/thumb/v7e-m/fpv4-sp/hard\libm.a(lib_a-kf_sin.o)
 .ARM.attributes
                0x00000661       0x34 c:/ac6/systemworkbench/plugins/fr.ac6.mcu.externaltools.arm-none.win32_1.17.0.201812190825/tools/compiler/bin/../lib/gcc/arm-none-eabi/7.3.1/../../../../arm-none-eabi/lib/thumb/v7e-m/fpv4-sp/hard\libm.a(lib_a-sf_fabs.o)
 .ARM.attributes
                0x00000695       0x34 c:/ac6/systemworkbench/plugins/fr.ac6.mcu.externaltools.arm-none.win32_1.17.0.201812190825/tools/compiler/bin/../lib/gcc/arm-none-eabi/7.3.1/../../../../arm-none-eabi/lib/thumb/v7e-m/fpv4-sp/hard\libm.a(lib_a-sf_floor.o)
 .ARM.attributes
                0x000006c9       0x34 c:/ac6/systemworkbench/plugins/fr.ac6.mcu.externaltools.arm-none.win32_1.17.0.201812190825/tools/compiler/bin/../lib/gcc/arm-none-eabi/7.3.1/../../../../arm-none-eabi/lib/thumb/v7e-m/fpv4-sp/hard\libm.a(lib_a-sf_scalbn.o)
 .ARM.attributes
                0x000006fd       0x34 c:/ac6/systemworkbench/plugins/fr.ac6.mcu.externaltools.arm-none.win32_1.17.0.201812190825/tools/compiler/bin/../lib/gcc/arm-none-eabi/7.3.1/../../../../arm-none-eabi/lib/thumb/v7e-m/fpv4-sp/hard\libm.a(lib_a-sf_copysign.o)
 .ARM.attributes
                0x00000731       0x22 c:/ac6/systemworkbench/plugins/fr.ac6.mcu.externaltools.arm-none.win32_1.17.0.201812190825/tools/compiler/bin/../lib/gcc/arm-none-eabi/7.3.1/thumb/v7e-m/fpv4-sp/hard\libgcc.a(_arm_addsubdf3.o)
 .ARM.attributes
                0x00000753       0x22 c:/ac6/systemworkbench/plugins/fr.ac6.mcu.externaltools.arm-none.win32_1.17.0.201812190825/tools/compiler/bin/../lib/gcc/arm-none-eabi/7.3.1/thumb/v7e-m/fpv4-sp/hard\libgcc.a(_arm_muldivdf3.o)
 .ARM.attributes
                0x00000775       0x22 c:/ac6/systemworkbench/plugins/fr.ac6.mcu.externaltools.arm-none.win32_1.17.0.201812190825/tools/compiler/bin/../lib/gcc/arm-none-eabi/7.3.1/thumb/v7e-m/fpv4-sp/hard\libgcc.a(_arm_fixunsdfsi.o)
 .ARM.attributes
                0x00000797       0x22 c:/ac6/systemworkbench/plugins/fr.ac6.mcu.externaltools.arm-none.win32_1.17.0.201812190825/tools/compiler/bin/../lib/gcc/arm-none-eabi/7.3.1/thumb/v7e-m/fpv4-sp/hard\libgcc.a(_aeabi_uldivmod.o)
 .ARM.attributes
                0x000007b9       0x34 c:/ac6/systemworkbench/plugins/fr.ac6.mcu.externaltools.arm-none.win32_1.17.0.201812190825/tools/compiler/bin/../lib/gcc/arm-none-eabi/7.3.1/thumb/v7e-m/fpv4-sp/hard\libgcc.a(_udivmoddi4.o)
 .ARM.attributes
                0x000007ed       0x22 c:/ac6/systemworkbench/plugins/fr.ac6.mcu.externaltools.arm-none.win32_1.17.0.201812190825/tools/compiler/bin/../lib/gcc/arm-none-eabi/7.3.1/thumb/v7e-m/fpv4-sp/hard\libgcc.a(_dvmd_tls.o)
 .ARM.attributes
                0x0000080f       0x34 c:/ac6/systemworkbench/plugins/fr.ac6.mcu.externaltools.arm-none.win32_1.17.0.201812190825/tools/compiler/bin/../lib/gcc/arm-none-eabi/7.3.1/../../../../arm-none-eabi/lib/thumb/v7e-m/fpv4-sp/hard\libc_nano.a(lib_a-init.o)
 .ARM.attributes
                0x00000843       0x34 c:/ac6/systemworkbench/plugins/fr.ac6.mcu.externaltools.arm-none.win32_1.17.0.201812190825/tools/compiler/bin/../lib/gcc/arm-none-eabi/7.3.1/../../../../arm-none-eabi/lib/thumb/v7e-m/fpv4-sp/hard\libc_nano.a(lib_a-memcpy-stub.o)
 .ARM.attributes
                0x00000877       0x34 c:/ac6/systemworkbench/plugins/fr.ac6.mcu.externaltools.arm-none.win32_1.17.0.201812190825/tools/compiler/bin/../lib/gcc/arm-none-eabi/7.3.1/../../../../arm-none-eabi/lib/thumb/v7e-m/fpv4-sp/hard\libc_nano.a(lib_a-memset.o)
 .ARM.attributes
                0x000008ab       0x20 c:/ac6/systemworkbench/plugins/fr.ac6.mcu.externaltools.arm-none.win32_1.17.0.201812190825/tools/compiler/bin/../lib/gcc/arm-none-eabi/7.3.1/../../../../arm-none-eabi/lib/thumb/v7e-m/fpv4-sp/hard\libc_nano.a(lib_a-strcmp.o)
 .ARM.attributes
                0x000008cb       0x34 c:/ac6/systemworkbench/plugins/fr.ac6.mcu.externaltools.arm-none.win32_1.17.0.201812190825/tools/compiler/bin/../lib/gcc/arm-none-eabi/7.3.1/../../../../arm-none-eabi/lib/thumb/v7e-m/fpv4-sp/hard\libc_nano.a(lib_a-strcpy.o)
 .ARM.attributes
                0x000008ff       0x34 c:/ac6/systemworkbench/plugins/fr.ac6.mcu.externaltools.arm-none.win32_1.17.0.201812190825/tools/compiler/bin/../lib/gcc/arm-none-eabi/7.3.1/../../../../arm-none-eabi/lib/thumb/v7e-m/fpv4-sp/hard\libc_nano.a(lib_a-strstr.o)
 .ARM.attributes
                0x00000933       0x22 c:/ac6/systemworkbench/plugins/fr.ac6.mcu.externaltools.arm-none.win32_1.17.0.201812190825/tools/compiler/bin/../lib/gcc/arm-none-eabi/7.3.1/thumb/v7e-m/fpv4-sp/hard/crtn.o
OUTPUT(MusicClock.elf elf32-littlearm)

.debug_info     0x00000000    0x1e927
 .debug_info    0x00000000      0x9cc Drivers/STM32F4xx_HAL_Driver/Src/stm32f4xx_hal.o
 .debug_info    0x000009cc      0xf3a Drivers/STM32F4xx_HAL_Driver/Src/stm32f4xx_hal_cortex.o
 .debug_info    0x00001906      0xad5 Drivers/STM32F4xx_HAL_Driver/Src/stm32f4xx_hal_dac.o
 .debug_info    0x000023db      0xa5b Drivers/STM32F4xx_HAL_Driver/Src/stm32f4xx_hal_dma.o
 .debug_info    0x00002e36      0x770 Drivers/STM32F4xx_HAL_Driver/Src/stm32f4xx_hal_gpio.o
 .debug_info    0x000035a6     0x327d Drivers/STM32F4xx_HAL_Driver/Src/stm32f4xx_hal_i2c.o
 .debug_info    0x00006823      0xf8d Drivers/STM32F4xx_HAL_Driver/Src/stm32f4xx_hal_i2s.o
 .debug_info    0x000077b0      0xd99 Drivers/STM32F4xx_HAL_Driver/Src/stm32f4xx_hal_i2s_ex.o
 .debug_info    0x00008549      0xa39 Drivers/STM32F4xx_HAL_Driver/Src/stm32f4xx_hal_rcc.o
 .debug_info    0x00008f82      0x669 Drivers/STM32F4xx_HAL_Driver/Src/stm32f4xx_hal_rcc_ex.o
 .debug_info    0x000095eb     0x1ba9 Drivers/STM32F4xx_HAL_Driver/Src/stm32f4xx_hal_spi.o
 .debug_info    0x0000b194     0x3188 Drivers/STM32F4xx_HAL_Driver/Src/stm32f4xx_hal_tim.o
 .debug_info    0x0000e31c     0x1497 Drivers/STM32F4xx_HAL_Driver/Src/stm32f4xx_hal_tim_ex.o
 .debug_info    0x0000f7b3      0xe97 Src/MY_CS43L22.o
 .debug_info    0x0001064a     0x10d4 Src/diskio.o
 .debug_info    0x0001171e     0x23fd Src/display.o
 .debug_info    0x00013b1b     0x2d24 Src/ff.o
 .debug_info    0x0001683f     0x2c39 Src/main.o
 .debug_info    0x00019478     0x1d92 Src/music.o
 .debug_info    0x0001b20a     0x191b Src/stm32f4xx_hal_msp.o
 .debug_info    0x0001cb25     0x18d9 Src/stm32f4xx_it.o
 .debug_info    0x0001e3fe      0x507 Src/system_stm32f4xx.o
 .debug_info    0x0001e905       0x22 startup/startup_stm32f407xx.o

.debug_abbrev   0x00000000     0x3393
 .debug_abbrev  0x00000000      0x1f1 Drivers/STM32F4xx_HAL_Driver/Src/stm32f4xx_hal.o
 .debug_abbrev  0x000001f1      0x328 Drivers/STM32F4xx_HAL_Driver/Src/stm32f4xx_hal_cortex.o
 .debug_abbrev  0x00000519      0x203 Drivers/STM32F4xx_HAL_Driver/Src/stm32f4xx_hal_dac.o
 .debug_abbrev  0x0000071c      0x290 Drivers/STM32F4xx_HAL_Driver/Src/stm32f4xx_hal_dma.o
 .debug_abbrev  0x000009ac      0x1e7 Drivers/STM32F4xx_HAL_Driver/Src/stm32f4xx_hal_gpio.o
 .debug_abbrev  0x00000b93      0x284 Drivers/STM32F4xx_HAL_Driver/Src/stm32f4xx_hal_i2c.o
 .debug_abbrev  0x00000e17      0x23a Drivers/STM32F4xx_HAL_Driver/Src/stm32f4xx_hal_i2s.o
 .debug_abbrev  0x00001051      0x281 Drivers/STM32F4xx_HAL_Driver/Src/stm32f4xx_hal_i2s_ex.o
 .debug_abbrev  0x000012d2      0x273 Drivers/STM32F4xx_HAL_Driver/Src/stm32f4xx_hal_rcc.o
 .debug_abbrev  0x00001545      0x190 Drivers/STM32F4xx_HAL_Driver/Src/stm32f4xx_hal_rcc_ex.o
 .debug_abbrev  0x000016d5      0x249 Drivers/STM32F4xx_HAL_Driver/Src/stm32f4xx_hal_spi.o
 .debug_abbrev  0x0000191e      0x226 Drivers/STM32F4xx_HAL_Driver/Src/stm32f4xx_hal_tim.o
 .debug_abbrev  0x00001b44      0x237 Drivers/STM32F4xx_HAL_Driver/Src/stm32f4xx_hal_tim_ex.o
 .debug_abbrev  0x00001d7b      0x1ef Src/MY_CS43L22.o
 .debug_abbrev  0x00001f6a      0x2dd Src/diskio.o
 .debug_abbrev  0x00002247      0x33d Src/display.o
 .debug_abbrev  0x00002584      0x203 Src/ff.o
 .debug_abbrev  0x00002787      0x34e Src/main.o
 .debug_abbrev  0x00002ad5      0x2f2 Src/music.o
 .debug_abbrev  0x00002dc7      0x217 Src/stm32f4xx_hal_msp.o
 .debug_abbrev  0x00002fde      0x292 Src/stm32f4xx_it.o
 .debug_abbrev  0x00003270      0x111 Src/system_stm32f4xx.o
 .debug_abbrev  0x00003381       0x12 startup/startup_stm32f407xx.o

.debug_loc      0x00000000    0x1218e
 .debug_loc     0x00000000       0xfd Drivers/STM32F4xx_HAL_Driver/Src/stm32f4xx_hal.o
 .debug_loc     0x000000fd      0x5ce Drivers/STM32F4xx_HAL_Driver/Src/stm32f4xx_hal_cortex.o
 .debug_loc     0x000006cb      0x756 Drivers/STM32F4xx_HAL_Driver/Src/stm32f4xx_hal_dac.o
 .debug_loc     0x00000e21      0xb4e Drivers/STM32F4xx_HAL_Driver/Src/stm32f4xx_hal_dma.o
 .debug_loc     0x0000196f      0x497 Drivers/STM32F4xx_HAL_Driver/Src/stm32f4xx_hal_gpio.o
 .debug_loc     0x00001e06     0x3673 Drivers/STM32F4xx_HAL_Driver/Src/stm32f4xx_hal_i2c.o
 .debug_loc     0x00005479      0xc17 Drivers/STM32F4xx_HAL_Driver/Src/stm32f4xx_hal_i2s.o
 .debug_loc     0x00006090      0xa81 Drivers/STM32F4xx_HAL_Driver/Src/stm32f4xx_hal_i2s_ex.o
 .debug_loc     0x00006b11      0x3f1 Drivers/STM32F4xx_HAL_Driver/Src/stm32f4xx_hal_rcc.o
 .debug_loc     0x00006f02      0x2c7 Drivers/STM32F4xx_HAL_Driver/Src/stm32f4xx_hal_rcc_ex.o
 .debug_loc     0x000071c9     0x19fe Drivers/STM32F4xx_HAL_Driver/Src/stm32f4xx_hal_spi.o
 .debug_loc     0x00008bc7     0x3888 Drivers/STM32F4xx_HAL_Driver/Src/stm32f4xx_hal_tim.o
 .debug_loc     0x0000c44f     0x11b6 Drivers/STM32F4xx_HAL_Driver/Src/stm32f4xx_hal_tim_ex.o
 .debug_loc     0x0000d605      0x15c Src/MY_CS43L22.o
 .debug_loc     0x0000d761      0xed8 Src/diskio.o
 .debug_loc     0x0000e639      0x56d Src/display.o
 .debug_loc     0x0000eba6     0x3191 Src/ff.o
 .debug_loc     0x00011d37       0x2a Src/main.o
 .debug_loc     0x00011d61       0x58 Src/music.o
 .debug_loc     0x00011db9      0x297 Src/stm32f4xx_hal_msp.o
 .debug_loc     0x00012050      0x13e Src/system_stm32f4xx.o

.debug_aranges  0x00000000     0x1428
 .debug_aranges
                0x00000000       0xf0 Drivers/STM32F4xx_HAL_Driver/Src/stm32f4xx_hal.o
 .debug_aranges
                0x000000f0       0xa8 Drivers/STM32F4xx_HAL_Driver/Src/stm32f4xx_hal_cortex.o
 .debug_aranges
                0x00000198       0xc0 Drivers/STM32F4xx_HAL_Driver/Src/stm32f4xx_hal_dac.o
 .debug_aranges
                0x00000258       0x90 Drivers/STM32F4xx_HAL_Driver/Src/stm32f4xx_hal_dma.o
 .debug_aranges
                0x000002e8       0x58 Drivers/STM32F4xx_HAL_Driver/Src/stm32f4xx_hal_gpio.o
 .debug_aranges
                0x00000340      0x290 Drivers/STM32F4xx_HAL_Driver/Src/stm32f4xx_hal_i2c.o
 .debug_aranges
                0x000005d0      0x108 Drivers/STM32F4xx_HAL_Driver/Src/stm32f4xx_hal_i2s.o
 .debug_aranges
                0x000006d8       0x88 Drivers/STM32F4xx_HAL_Driver/Src/stm32f4xx_hal_i2s_ex.o
 .debug_aranges
                0x00000760       0x88 Drivers/STM32F4xx_HAL_Driver/Src/stm32f4xx_hal_rcc.o
 .debug_aranges
                0x000007e8       0x48 Drivers/STM32F4xx_HAL_Driver/Src/stm32f4xx_hal_rcc_ex.o
 .debug_aranges
                0x00000830      0x1d0 Drivers/STM32F4xx_HAL_Driver/Src/stm32f4xx_hal_spi.o
 .debug_aranges
                0x00000a00      0x3a8 Drivers/STM32F4xx_HAL_Driver/Src/stm32f4xx_hal_tim.o
 .debug_aranges
                0x00000da8      0x150 Drivers/STM32F4xx_HAL_Driver/Src/stm32f4xx_hal_tim_ex.o
 .debug_aranges
                0x00000ef8       0x50 Src/MY_CS43L22.o
 .debug_aranges
                0x00000f48       0xa8 Src/diskio.o
 .debug_aranges
                0x00000ff0       0x58 Src/display.o
 .debug_aranges
                0x00001048      0x1b0 Src/ff.o
 .debug_aranges
                0x000011f8       0x78 Src/main.o
 .debug_aranges
                0x00001270       0x40 Src/music.o
 .debug_aranges
                0x000012b0       0x70 Src/stm32f4xx_hal_msp.o
 .debug_aranges
                0x00001320       0xb8 Src/stm32f4xx_it.o
 .debug_aranges
                0x000013d8       0x28 Src/system_stm32f4xx.o
 .debug_aranges
                0x00001400       0x28 startup/startup_stm32f407xx.o

.debug_ranges   0x00000000     0x1428
 .debug_ranges  0x00000000       0xe0 Drivers/STM32F4xx_HAL_Driver/Src/stm32f4xx_hal.o
 .debug_ranges  0x000000e0       0xf8 Drivers/STM32F4xx_HAL_Driver/Src/stm32f4xx_hal_cortex.o
 .debug_ranges  0x000001d8       0xb0 Drivers/STM32F4xx_HAL_Driver/Src/stm32f4xx_hal_dac.o
 .debug_ranges  0x00000288       0x80 Drivers/STM32F4xx_HAL_Driver/Src/stm32f4xx_hal_dma.o
 .debug_ranges  0x00000308       0x48 Drivers/STM32F4xx_HAL_Driver/Src/stm32f4xx_hal_gpio.o
 .debug_ranges  0x00000350      0x298 Drivers/STM32F4xx_HAL_Driver/Src/stm32f4xx_hal_i2c.o
 .debug_ranges  0x000005e8       0xf8 Drivers/STM32F4xx_HAL_Driver/Src/stm32f4xx_hal_i2s.o
 .debug_ranges  0x000006e0       0x90 Drivers/STM32F4xx_HAL_Driver/Src/stm32f4xx_hal_i2s_ex.o
 .debug_ranges  0x00000770       0x90 Drivers/STM32F4xx_HAL_Driver/Src/stm32f4xx_hal_rcc.o
 .debug_ranges  0x00000800       0x38 Drivers/STM32F4xx_HAL_Driver/Src/stm32f4xx_hal_rcc_ex.o
 .debug_ranges  0x00000838      0x1c0 Drivers/STM32F4xx_HAL_Driver/Src/stm32f4xx_hal_spi.o
 .debug_ranges  0x000009f8      0x398 Drivers/STM32F4xx_HAL_Driver/Src/stm32f4xx_hal_tim.o
 .debug_ranges  0x00000d90      0x140 Drivers/STM32F4xx_HAL_Driver/Src/stm32f4xx_hal_tim_ex.o
 .debug_ranges  0x00000ed0       0x40 Src/MY_CS43L22.o
 .debug_ranges  0x00000f10       0x98 Src/diskio.o
 .debug_ranges  0x00000fa8      0x108 Src/display.o
 .debug_ranges  0x000010b0      0x1a0 Src/ff.o
 .debug_ranges  0x00001250       0x68 Src/main.o
 .debug_ranges  0x000012b8       0x30 Src/music.o
 .debug_ranges  0x000012e8       0x60 Src/stm32f4xx_hal_msp.o
 .debug_ranges  0x00001348       0xa8 Src/stm32f4xx_it.o
 .debug_ranges  0x000013f0       0x18 Src/system_stm32f4xx.o
 .debug_ranges  0x00001408       0x20 startup/startup_stm32f407xx.o

.debug_macro    0x00000000    0x243f3
 .debug_macro   0x00000000      0x27a Drivers/STM32F4xx_HAL_Driver/Src/stm32f4xx_hal.o
 .debug_macro   0x0000027a      0xa60 Drivers/STM32F4xx_HAL_Driver/Src/stm32f4xx_hal.o
 .debug_macro   0x00000cda      0x19c Drivers/STM32F4xx_HAL_Driver/Src/stm32f4xx_hal.o
 .debug_macro   0x00000e76       0x32 Drivers/STM32F4xx_HAL_Driver/Src/stm32f4xx_hal.o
 .debug_macro   0x00000ea8       0x2f Drivers/STM32F4xx_HAL_Driver/Src/stm32f4xx_hal.o
 .debug_macro   0x00000ed7       0x22 Drivers/STM32F4xx_HAL_Driver/Src/stm32f4xx_hal.o
 .debug_macro   0x00000ef9       0x8e Drivers/STM32F4xx_HAL_Driver/Src/stm32f4xx_hal.o
 .debug_macro   0x00000f87       0x51 Drivers/STM32F4xx_HAL_Driver/Src/stm32f4xx_hal.o
 .debug_macro   0x00000fd8       0xef Drivers/STM32F4xx_HAL_Driver/Src/stm32f4xx_hal.o
 .debug_macro   0x000010c7       0x6a Drivers/STM32F4xx_HAL_Driver/Src/stm32f4xx_hal.o
 .debug_macro   0x00001131      0x1df Drivers/STM32F4xx_HAL_Driver/Src/stm32f4xx_hal.o
 .debug_macro   0x00001310       0x1c Drivers/STM32F4xx_HAL_Driver/Src/stm32f4xx_hal.o
 .debug_macro   0x0000132c       0x22 Drivers/STM32F4xx_HAL_Driver/Src/stm32f4xx_hal.o
 .debug_macro   0x0000134e       0xdf Drivers/STM32F4xx_HAL_Driver/Src/stm32f4xx_hal.o
 .debug_macro   0x0000142d     0x102d Drivers/STM32F4xx_HAL_Driver/Src/stm32f4xx_hal.o
 .debug_macro   0x0000245a      0x11f Drivers/STM32F4xx_HAL_Driver/Src/stm32f4xx_hal.o
 .debug_macro   0x00002579    0x15e43 Drivers/STM32F4xx_HAL_Driver/Src/stm32f4xx_hal.o
 .debug_macro   0x000183bc       0x43 Drivers/STM32F4xx_HAL_Driver/Src/stm32f4xx_hal.o
 .debug_macro   0x000183ff     0x35d4 Drivers/STM32F4xx_HAL_Driver/Src/stm32f4xx_hal.o
 .debug_macro   0x0001b9d3      0x174 Drivers/STM32F4xx_HAL_Driver/Src/stm32f4xx_hal.o
 .debug_macro   0x0001bb47       0x4e Drivers/STM32F4xx_HAL_Driver/Src/stm32f4xx_hal.o
 .debug_macro   0x0001bb95      0x96b Drivers/STM32F4xx_HAL_Driver/Src/stm32f4xx_hal.o
 .debug_macro   0x0001c500      0x9fe Drivers/STM32F4xx_HAL_Driver/Src/stm32f4xx_hal.o
 .debug_macro   0x0001cefe       0xed Drivers/STM32F4xx_HAL_Driver/Src/stm32f4xx_hal.o
 .debug_macro   0x0001cfeb      0x117 Drivers/STM32F4xx_HAL_Driver/Src/stm32f4xx_hal.o
 .debug_macro   0x0001d102      0x13e Drivers/STM32F4xx_HAL_Driver/Src/stm32f4xx_hal.o
 .debug_macro   0x0001d240       0x27 Drivers/STM32F4xx_HAL_Driver/Src/stm32f4xx_hal.o
 .debug_macro   0x0001d267      0x287 Drivers/STM32F4xx_HAL_Driver/Src/stm32f4xx_hal.o
 .debug_macro   0x0001d4ee       0x5f Drivers/STM32F4xx_HAL_Driver/Src/stm32f4xx_hal.o
 .debug_macro   0x0001d54d      0x236 Drivers/STM32F4xx_HAL_Driver/Src/stm32f4xx_hal.o
 .debug_macro   0x0001d783       0xea Drivers/STM32F4xx_HAL_Driver/Src/stm32f4xx_hal.o
 .debug_macro   0x0001d86d       0xa0 Drivers/STM32F4xx_HAL_Driver/Src/stm32f4xx_hal.o
 .debug_macro   0x0001d90d       0x3c Drivers/STM32F4xx_HAL_Driver/Src/stm32f4xx_hal.o
 .debug_macro   0x0001d949      0x12c Drivers/STM32F4xx_HAL_Driver/Src/stm32f4xx_hal.o
 .debug_macro   0x0001da75      0x21e Drivers/STM32F4xx_HAL_Driver/Src/stm32f4xx_hal.o
 .debug_macro   0x0001dc93       0x2e Drivers/STM32F4xx_HAL_Driver/Src/stm32f4xx_hal.o
 .debug_macro   0x0001dcc1      0x1ae Drivers/STM32F4xx_HAL_Driver/Src/stm32f4xx_hal.o
 .debug_macro   0x0001de6f       0xd6 Drivers/STM32F4xx_HAL_Driver/Src/stm32f4xx_hal.o
 .debug_macro   0x0001df45      0x199 Drivers/STM32F4xx_HAL_Driver/Src/stm32f4xx_hal.o
 .debug_macro   0x0001e0de       0x40 Drivers/STM32F4xx_HAL_Driver/Src/stm32f4xx_hal.o
 .debug_macro   0x0001e11e       0x4a Drivers/STM32F4xx_HAL_Driver/Src/stm32f4xx_hal.o
 .debug_macro   0x0001e168      0x11a Drivers/STM32F4xx_HAL_Driver/Src/stm32f4xx_hal.o
 .debug_macro   0x0001e282       0x7e Drivers/STM32F4xx_HAL_Driver/Src/stm32f4xx_hal.o
 .debug_macro   0x0001e300       0x89 Drivers/STM32F4xx_HAL_Driver/Src/stm32f4xx_hal.o
 .debug_macro   0x0001e389      0x225 Drivers/STM32F4xx_HAL_Driver/Src/stm32f4xx_hal.o
 .debug_macro   0x0001e5ae      0x87d Drivers/STM32F4xx_HAL_Driver/Src/stm32f4xx_hal.o
 .debug_macro   0x0001ee2b       0x47 Drivers/STM32F4xx_HAL_Driver/Src/stm32f4xx_hal.o
 .debug_macro   0x0001ee72      0x12d Drivers/STM32F4xx_HAL_Driver/Src/stm32f4xx_hal.o
 .debug_macro   0x0001ef9f      0x21a Drivers/STM32F4xx_HAL_Driver/Src/stm32f4xx_hal_cortex.o
 .debug_macro   0x0001f1b9      0x21b Drivers/STM32F4xx_HAL_Driver/Src/stm32f4xx_hal_dac.o
 .debug_macro   0x0001f3d4      0x220 Drivers/STM32F4xx_HAL_Driver/Src/stm32f4xx_hal_dma.o
 .debug_macro   0x0001f5f4      0x250 Drivers/STM32F4xx_HAL_Driver/Src/stm32f4xx_hal_gpio.o
 .debug_macro   0x0001f844      0x25a Drivers/STM32F4xx_HAL_Driver/Src/stm32f4xx_hal_i2c.o
 .debug_macro   0x0001fa9e      0x21b Drivers/STM32F4xx_HAL_Driver/Src/stm32f4xx_hal_i2s.o
 .debug_macro   0x0001fcb9      0x21a Drivers/STM32F4xx_HAL_Driver/Src/stm32f4xx_hal_i2s_ex.o
 .debug_macro   0x0001fed3      0x23e Drivers/STM32F4xx_HAL_Driver/Src/stm32f4xx_hal_rcc.o
 .debug_macro   0x00020111      0x21a Drivers/STM32F4xx_HAL_Driver/Src/stm32f4xx_hal_rcc_ex.o
 .debug_macro   0x0002032b      0x229 Drivers/STM32F4xx_HAL_Driver/Src/stm32f4xx_hal_spi.o
 .debug_macro   0x00020554      0x21b Drivers/STM32F4xx_HAL_Driver/Src/stm32f4xx_hal_tim.o
 .debug_macro   0x0002076f      0x21a Drivers/STM32F4xx_HAL_Driver/Src/stm32f4xx_hal_tim_ex.o
 .debug_macro   0x00020989      0x223 Src/MY_CS43L22.o
 .debug_macro   0x00020bac       0x9a Src/MY_CS43L22.o
 .debug_macro   0x00020c46      0x2a7 Src/diskio.o
 .debug_macro   0x00020eed       0xf8 Src/diskio.o
 .debug_macro   0x00020fe5       0xf5 Src/diskio.o
 .debug_macro   0x000210da       0xc4 Src/diskio.o
 .debug_macro   0x0002119e      0x41a Src/display.o
 .debug_macro   0x000215b8       0x58 Src/display.o
 .debug_macro   0x00021610       0x18 Src/display.o
 .debug_macro   0x00021628       0x94 Src/display.o
 .debug_macro   0x000216bc       0x35 Src/display.o
 .debug_macro   0x000216f1       0x34 Src/display.o
 .debug_macro   0x00021725       0x16 Src/display.o
 .debug_macro   0x0002173b       0x57 Src/display.o
 .debug_macro   0x00021792       0x97 Src/display.o
 .debug_macro   0x00021829      0x330 Src/display.o
 .debug_macro   0x00021b59       0xfd Src/display.o
 .debug_macro   0x00021c56       0x10 Src/display.o
 .debug_macro   0x00021c66       0x58 Src/display.o
 .debug_macro   0x00021cbe       0x1f Src/display.o
 .debug_macro   0x00021cdd       0x43 Src/display.o
 .debug_macro   0x00021d20       0x20 Src/display.o
 .debug_macro   0x00021d40      0x18e Src/display.o
 .debug_macro   0x00021ece       0x10 Src/display.o
 .debug_macro   0x00021ede       0x1c Src/display.o
 .debug_macro   0x00021efa       0x52 Src/display.o
 .debug_macro   0x00021f4c       0x40 Src/display.o
 .debug_macro   0x00021f8c       0x10 Src/display.o
 .debug_macro   0x00021f9c       0x40 Src/display.o
 .debug_macro   0x00021fdc       0xd7 Src/display.o
 .debug_macro   0x000220b3       0x1c Src/display.o
 .debug_macro   0x000220cf       0x3d Src/display.o
 .debug_macro   0x0002210c       0x16 Src/display.o
 .debug_macro   0x00022122      0x16f Src/display.o
 .debug_macro   0x00022291       0xe8 Src/display.o
 .debug_macro   0x00022379       0x16 Src/display.o
 .debug_macro   0x0002238f       0x35 Src/display.o
 .debug_macro   0x000223c4       0x16 Src/display.o
 .debug_macro   0x000223da       0x29 Src/display.o
 .debug_macro   0x00022403       0x16 Src/display.o
 .debug_macro   0x00022419       0x4c Src/display.o
 .debug_macro   0x00022465       0x9a Src/display.o
 .debug_macro   0x000224ff       0xd9 Src/display.o
 .debug_macro   0x000225d8       0x82 Src/display.o
 .debug_macro   0x0002265a      0x528 Src/ff.o
 .debug_macro   0x00022b82       0xef Src/ff.o
 .debug_macro   0x00022c71      0x459 Src/main.o
 .debug_macro   0x000230ca       0x5e Src/main.o
 .debug_macro   0x00023128      0x32a Src/main.o
 .debug_macro   0x00023452       0xee Src/main.o
 .debug_macro   0x00023540       0x22 Src/main.o
 .debug_macro   0x00023562      0x1e1 Src/main.o
 .debug_macro   0x00023743       0x16 Src/main.o
 .debug_macro   0x00023759      0x42f Src/music.o
 .debug_macro   0x00023b88      0x224 Src/stm32f4xx_hal_msp.o
 .debug_macro   0x00023dac      0x427 Src/stm32f4xx_it.o
 .debug_macro   0x000241d3      0x220 Src/system_stm32f4xx.o

.debug_line     0x00000000    0x111c7
 .debug_line    0x00000000      0x97c Drivers/STM32F4xx_HAL_Driver/Src/stm32f4xx_hal.o
 .debug_line    0x0000097c      0x9d2 Drivers/STM32F4xx_HAL_Driver/Src/stm32f4xx_hal_cortex.o
 .debug_line    0x0000134e      0xa0f Drivers/STM32F4xx_HAL_Driver/Src/stm32f4xx_hal_dac.o
 .debug_line    0x00001d5d      0xaa9 Drivers/STM32F4xx_HAL_Driver/Src/stm32f4xx_hal_dma.o
 .debug_line    0x00002806      0x908 Drivers/STM32F4xx_HAL_Driver/Src/stm32f4xx_hal_gpio.o
 .debug_line    0x0000310e     0x1cae Drivers/STM32F4xx_HAL_Driver/Src/stm32f4xx_hal_i2c.o
 .debug_line    0x00004dbc      0xd2d Drivers/STM32F4xx_HAL_Driver/Src/stm32f4xx_hal_i2s.o
 .debug_line    0x00005ae9      0xd58 Drivers/STM32F4xx_HAL_Driver/Src/stm32f4xx_hal_i2s_ex.o
 .debug_line    0x00006841      0x9f4 Drivers/STM32F4xx_HAL_Driver/Src/stm32f4xx_hal_rcc.o
 .debug_line    0x00007235      0x898 Drivers/STM32F4xx_HAL_Driver/Src/stm32f4xx_hal_rcc_ex.o
 .debug_line    0x00007acd     0x11c1 Drivers/STM32F4xx_HAL_Driver/Src/stm32f4xx_hal_spi.o
 .debug_line    0x00008c8e     0x1965 Drivers/STM32F4xx_HAL_Driver/Src/stm32f4xx_hal_tim.o
 .debug_line    0x0000a5f3      0xdad Drivers/STM32F4xx_HAL_Driver/Src/stm32f4xx_hal_tim_ex.o
 .debug_line    0x0000b3a0      0x859 Src/MY_CS43L22.o
 .debug_line    0x0000bbf9      0xaf4 Src/diskio.o
 .debug_line    0x0000c6ed      0xb34 Src/display.o
 .debug_line    0x0000d221      0xf44 Src/ff.o
 .debug_line    0x0000e165      0xaf3 Src/main.o
 .debug_line    0x0000ec58      0xa00 Src/music.o
 .debug_line    0x0000f658      0x8c9 Src/stm32f4xx_hal_msp.o
 .debug_line    0x0000ff21      0xa83 Src/stm32f4xx_it.o
 .debug_line    0x000109a4      0x7a4 Src/system_stm32f4xx.o
 .debug_line    0x00011148       0x7f startup/startup_stm32f407xx.o

.debug_str      0x00000000    0xd3c4d
 .debug_str     0x00000000    0xc584d Drivers/STM32F4xx_HAL_Driver/Src/stm32f4xx_hal.o
                              0xc5bd4 (size before relaxing)
 .debug_str     0x000c584d      0x3a8 Drivers/STM32F4xx_HAL_Driver/Src/stm32f4xx_hal_cortex.o
                              0xc590a (size before relaxing)
 .debug_str     0x000c5bf5      0x58d Drivers/STM32F4xx_HAL_Driver/Src/stm32f4xx_hal_dac.o
                              0xc54b2 (size before relaxing)
 .debug_str     0x000c6182      0x2fe Drivers/STM32F4xx_HAL_Driver/Src/stm32f4xx_hal_dma.o
                              0xc546f (size before relaxing)
 .debug_str     0x000c6480      0x285 Drivers/STM32F4xx_HAL_Driver/Src/stm32f4xx_hal_gpio.o
                              0xc528d (size before relaxing)
 .debug_str     0x000c6705      0xce7 Drivers/STM32F4xx_HAL_Driver/Src/stm32f4xx_hal_i2c.o
                              0xc5fd4 (size before relaxing)
 .debug_str     0x000c73ec      0x42f Drivers/STM32F4xx_HAL_Driver/Src/stm32f4xx_hal_i2s.o
                              0xc5632 (size before relaxing)
 .debug_str     0x000c781b      0x1f1 Drivers/STM32F4xx_HAL_Driver/Src/stm32f4xx_hal_i2s_ex.o
                              0xc5573 (size before relaxing)
 .debug_str     0x000c7a0c      0x364 Drivers/STM32F4xx_HAL_Driver/Src/stm32f4xx_hal_rcc.o
                              0xc5457 (size before relaxing)
 .debug_str     0x000c7d70      0x156 Drivers/STM32F4xx_HAL_Driver/Src/stm32f4xx_hal_rcc_ex.o
                              0xc519c (size before relaxing)
 .debug_str     0x000c7ec6      0x691 Drivers/STM32F4xx_HAL_Driver/Src/stm32f4xx_hal_spi.o
                              0xc58f8 (size before relaxing)
 .debug_str     0x000c8557      0xf27 Drivers/STM32F4xx_HAL_Driver/Src/stm32f4xx_hal_tim.o
                              0xc61ad (size before relaxing)
 .debug_str     0x000c947e      0x4d4 Drivers/STM32F4xx_HAL_Driver/Src/stm32f4xx_hal_tim_ex.o
                              0xc59c5 (size before relaxing)
 .debug_str     0x000c9952      0x375 Src/MY_CS43L22.o
                              0xc595d (size before relaxing)
 .debug_str     0x000c9cc7      0x9a1 Src/diskio.o
                              0xc5ccc (size before relaxing)
 .debug_str     0x000ca668     0x4ce3 Src/display.o
                              0xcabfc (size before relaxing)
 .debug_str     0x000cf34b     0x3bed Src/ff.o
                               0x801b (size before relaxing)
 .debug_str     0x000d2f38      0xa7b Src/main.o
                              0xcc774 (size before relaxing)
 .debug_str     0x000d39b3       0x7d Src/music.o
                              0xca62f (size before relaxing)
 .debug_str     0x000d3a30       0x25 Src/stm32f4xx_hal_msp.o
                              0xc6188 (size before relaxing)
 .debug_str     0x000d3a55      0x16f Src/stm32f4xx_it.o
                              0xcadfe (size before relaxing)
 .debug_str     0x000d3bc4       0x5a Src/system_stm32f4xx.o
                              0xc5049 (size before relaxing)
 .debug_str     0x000d3c1e       0x2f startup/startup_stm32f407xx.o
                                 0x68 (size before relaxing)

.comment        0x00000000       0x7f
 .comment       0x00000000       0x7f Drivers/STM32F4xx_HAL_Driver/Src/stm32f4xx_hal.o
                                 0x80 (size before relaxing)
 .comment       0x0000007f       0x80 Drivers/STM32F4xx_HAL_Driver/Src/stm32f4xx_hal_cortex.o
 .comment       0x0000007f       0x80 Drivers/STM32F4xx_HAL_Driver/Src/stm32f4xx_hal_dac.o
 .comment       0x0000007f       0x80 Drivers/STM32F4xx_HAL_Driver/Src/stm32f4xx_hal_dma.o
 .comment       0x0000007f       0x80 Drivers/STM32F4xx_HAL_Driver/Src/stm32f4xx_hal_gpio.o
 .comment       0x0000007f       0x80 Drivers/STM32F4xx_HAL_Driver/Src/stm32f4xx_hal_i2c.o
 .comment       0x0000007f       0x80 Drivers/STM32F4xx_HAL_Driver/Src/stm32f4xx_hal_i2s.o
 .comment       0x0000007f       0x80 Drivers/STM32F4xx_HAL_Driver/Src/stm32f4xx_hal_i2s_ex.o
 .comment       0x0000007f       0x80 Drivers/STM32F4xx_HAL_Driver/Src/stm32f4xx_hal_rcc.o
 .comment       0x0000007f       0x80 Drivers/STM32F4xx_HAL_Driver/Src/stm32f4xx_hal_rcc_ex.o
 .comment       0x0000007f       0x80 Drivers/STM32F4xx_HAL_Driver/Src/stm32f4xx_hal_spi.o
 .comment       0x0000007f       0x80 Drivers/STM32F4xx_HAL_Driver/Src/stm32f4xx_hal_tim.o
 .comment       0x0000007f       0x80 Drivers/STM32F4xx_HAL_Driver/Src/stm32f4xx_hal_tim_ex.o
 .comment       0x0000007f       0x80 Src/MY_CS43L22.o
 .comment       0x0000007f       0x80 Src/diskio.o
 .comment       0x0000007f       0x80 Src/display.o
 .comment       0x0000007f       0x80 Src/ff.o
 .comment       0x0000007f       0x80 Src/main.o
 .comment       0x0000007f       0x80 Src/music.o
 .comment       0x0000007f       0x80 Src/stm32f4xx_hal_msp.o
 .comment       0x0000007f       0x80 Src/stm32f4xx_it.o
 .comment       0x0000007f       0x80 Src/system_stm32f4xx.o

.debug_frame    0x00000000     0x3e94
 .debug_frame   0x00000000      0x1ec Drivers/STM32F4xx_HAL_Driver/Src/stm32f4xx_hal.o
 .debug_frame   0x000001ec      0x15c Drivers/STM32F4xx_HAL_Driver/Src/stm32f4xx_hal_cortex.o
 .debug_frame   0x00000348      0x1f0 Drivers/STM32F4xx_HAL_Driver/Src/stm32f4xx_hal_dac.o
 .debug_frame   0x00000538      0x188 Drivers/STM32F4xx_HAL_Driver/Src/stm32f4xx_hal_dma.o
 .debug_frame   0x000006c0       0xd8 Drivers/STM32F4xx_HAL_Driver/Src/stm32f4xx_hal_gpio.o
 .debug_frame   0x00000798      0x910 Drivers/STM32F4xx_HAL_Driver/Src/stm32f4xx_hal_i2c.o
 .debug_frame   0x000010a8      0x31c Drivers/STM32F4xx_HAL_Driver/Src/stm32f4xx_hal_i2s.o
 .debug_frame   0x000013c4      0x18c Drivers/STM32F4xx_HAL_Driver/Src/stm32f4xx_hal_i2s_ex.o
 .debug_frame   0x00001550      0x184 Drivers/STM32F4xx_HAL_Driver/Src/stm32f4xx_hal_rcc.o
 .debug_frame   0x000016d4       0xa4 Drivers/STM32F4xx_HAL_Driver/Src/stm32f4xx_hal_rcc_ex.o
 .debug_frame   0x00001778      0x594 Drivers/STM32F4xx_HAL_Driver/Src/stm32f4xx_hal_spi.o
 .debug_frame   0x00001d0c      0xa7c Drivers/STM32F4xx_HAL_Driver/Src/stm32f4xx_hal_tim.o
 .debug_frame   0x00002788      0x3b8 Drivers/STM32F4xx_HAL_Driver/Src/stm32f4xx_hal_tim_ex.o
 .debug_frame   0x00002b40       0xe8 Src/MY_CS43L22.o
 .debug_frame   0x00002c28      0x208 Src/diskio.o
 .debug_frame   0x00002e30       0xf0 Src/display.o
 .debug_frame   0x00002f20      0x62c Src/ff.o
 .debug_frame   0x0000354c      0x16c Src/main.o
 .debug_frame   0x000036b8       0x9c Src/music.o
 .debug_frame   0x00003754      0x14c Src/stm32f4xx_hal_msp.o
 .debug_frame   0x000038a0      0x1b0 Src/stm32f4xx_it.o
 .debug_frame   0x00003a50       0x30 Src/system_stm32f4xx.o
 .debug_frame   0x00003a80       0x34 c:/ac6/systemworkbench/plugins/fr.ac6.mcu.externaltools.arm-none.win32_1.17.0.201812190825/tools/compiler/bin/../lib/gcc/arm-none-eabi/7.3.1/../../../../arm-none-eabi/lib/thumb/v7e-m/fpv4-sp/hard\libm.a(lib_a-sf_sin.o)
 .debug_frame   0x00003ab4       0x3c c:/ac6/systemworkbench/plugins/fr.ac6.mcu.externaltools.arm-none.win32_1.17.0.201812190825/tools/compiler/bin/../lib/gcc/arm-none-eabi/7.3.1/../../../../arm-none-eabi/lib/thumb/v7e-m/fpv4-sp/hard\libm.a(lib_a-ef_rem_pio2.o)
 .debug_frame   0x00003af0       0x20 c:/ac6/systemworkbench/plugins/fr.ac6.mcu.externaltools.arm-none.win32_1.17.0.201812190825/tools/compiler/bin/../lib/gcc/arm-none-eabi/7.3.1/../../../../arm-none-eabi/lib/thumb/v7e-m/fpv4-sp/hard\libm.a(lib_a-kf_cos.o)