Archive member included to satisfy reference by file (symbol)

c:/progra~2/gnu tools arm embedded/7 2018-q2-update/bin/../lib/gcc/arm-none-eabi/7.3.1/thumb/v7e-m\libgcc.a(_aeabi_uldivmod.o)
                              CMakeFiles/MusicClock.elf.dir/Drivers/STM32F4xx_HAL_Driver/Src/stm32f4xx_hal_rcc.c.obj (__aeabi_uldivmod)
c:/progra~2/gnu tools arm embedded/7 2018-q2-update/bin/../lib/gcc/arm-none-eabi/7.3.1/thumb/v7e-m\libgcc.a(_udivmoddi4.o)
                              c:/progra~2/gnu tools arm embedded/7 2018-q2-update/bin/../lib/gcc/arm-none-eabi/7.3.1/thumb/v7e-m\libgcc.a(_aeabi_uldivmod.o) (__udivmoddi4)
c:/progra~2/gnu tools arm embedded/7 2018-q2-update/bin/../lib/gcc/arm-none-eabi/7.3.1/thumb/v7e-m\libgcc.a(_dvmd_tls.o)
                              c:/progra~2/gnu tools arm embedded/7 2018-q2-update/bin/../lib/gcc/arm-none-eabi/7.3.1/thumb/v7e-m\libgcc.a(_aeabi_uldivmod.o) (__aeabi_ldiv0)
c:/progra~2/gnu tools arm embedded/7 2018-q2-update/bin/../lib/gcc/arm-none-eabi/7.3.1/../../../../arm-none-eabi/lib/thumb/v7e-m\libg_nano.a(lib_a-errno.o)
                              CMakeFiles/MusicClock.elf.dir/Src/syscalls.c.obj (__errno)
c:/progra~2/gnu tools arm embedded/7 2018-q2-update/bin/../lib/gcc/arm-none-eabi/7.3.1/../../../../arm-none-eabi/lib/thumb/v7e-m\libg_nano.a(lib_a-exit.o)
                              c:/progra~2/gnu tools arm embedded/7 2018-q2-update/bin/../lib/gcc/arm-none-eabi/7.3.1/../../../../arm-none-eabi/lib/thumb/v7e-m/crt0.o (exit)
c:/progra~2/gnu tools arm embedded/7 2018-q2-update/bin/../lib/gcc/arm-none-eabi/7.3.1/../../../../arm-none-eabi/lib/thumb/v7e-m\libg_nano.a(lib_a-impure.o)
                              c:/progra~2/gnu tools arm embedded/7 2018-q2-update/bin/../lib/gcc/arm-none-eabi/7.3.1/../../../../arm-none-eabi/lib/thumb/v7e-m\libg_nano.a(lib_a-exit.o) (_global_impure_ptr)
c:/progra~2/gnu tools arm embedded/7 2018-q2-update/bin/../lib/gcc/arm-none-eabi/7.3.1/../../../../arm-none-eabi/lib/thumb/v7e-m\libg_nano.a(lib_a-init.o)
                              c:/progra~2/gnu tools arm embedded/7 2018-q2-update/bin/../lib/gcc/arm-none-eabi/7.3.1/../../../../arm-none-eabi/lib/thumb/v7e-m/crt0.o (__libc_init_array)
c:/progra~2/gnu tools arm embedded/7 2018-q2-update/bin/../lib/gcc/arm-none-eabi/7.3.1/../../../../arm-none-eabi/lib/thumb/v7e-m\libg_nano.a(lib_a-memcpy-stub.o)
                              CMakeFiles/MusicClock.elf.dir/Src/MY_CS43L22.c.obj (memcpy)
c:/progra~2/gnu tools arm embedded/7 2018-q2-update/bin/../lib/gcc/arm-none-eabi/7.3.1/../../../../arm-none-eabi/lib/thumb/v7e-m\libg_nano.a(lib_a-memset.o)
                              c:/progra~2/gnu tools arm embedded/7 2018-q2-update/bin/../lib/gcc/arm-none-eabi/7.3.1/../../../../arm-none-eabi/lib/thumb/v7e-m/crt0.o (memset)
c:/progra~2/gnu tools arm embedded/7 2018-q2-update/bin/../lib/gcc/arm-none-eabi/7.3.1/../../../../arm-none-eabi/lib/thumb/v7e-m\libg_nano.a(lib_a-strcpy.o)
                              CMakeFiles/MusicClock.elf.dir/Src/main.c.obj (strcpy)
c:/progra~2/gnu tools arm embedded/7 2018-q2-update/bin/../lib/gcc/arm-none-eabi/7.3.1/../../../../arm-none-eabi/lib/thumb/v7e-m\libg_nano.a(lib_a-strstr.o)
                              CMakeFiles/MusicClock.elf.dir/Src/music.c.obj (strstr)

Discarded input sections

 .text          0x00000000        0x0 c:/progra~2/gnu tools arm embedded/7 2018-q2-update/bin/../lib/gcc/arm-none-eabi/7.3.1/thumb/v7e-m/crti.o
 .data          0x00000000        0x0 c:/progra~2/gnu tools arm embedded/7 2018-q2-update/bin/../lib/gcc/arm-none-eabi/7.3.1/thumb/v7e-m/crti.o
 .bss           0x00000000        0x0 c:/progra~2/gnu tools arm embedded/7 2018-q2-update/bin/../lib/gcc/arm-none-eabi/7.3.1/thumb/v7e-m/crti.o
 .data          0x00000000        0x4 c:/progra~2/gnu tools arm embedded/7 2018-q2-update/bin/../lib/gcc/arm-none-eabi/7.3.1/thumb/v7e-m/crtbegin.o
 .text          0x00000000       0x74 c:/progra~2/gnu tools arm embedded/7 2018-q2-update/bin/../lib/gcc/arm-none-eabi/7.3.1/../../../../arm-none-eabi/lib/thumb/v7e-m/crt0.o
 .data          0x00000000        0x0 c:/progra~2/gnu tools arm embedded/7 2018-q2-update/bin/../lib/gcc/arm-none-eabi/7.3.1/../../../../arm-none-eabi/lib/thumb/v7e-m/crt0.o
 .bss           0x00000000        0x0 c:/progra~2/gnu tools arm embedded/7 2018-q2-update/bin/../lib/gcc/arm-none-eabi/7.3.1/../../../../arm-none-eabi/lib/thumb/v7e-m/crt0.o
 .ARM.extab     0x00000000        0x0 c:/progra~2/gnu tools arm embedded/7 2018-q2-update/bin/../lib/gcc/arm-none-eabi/7.3.1/../../../../arm-none-eabi/lib/thumb/v7e-m/crt0.o
 .ARM.exidx     0x00000000        0x8 c:/progra~2/gnu tools arm embedded/7 2018-q2-update/bin/../lib/gcc/arm-none-eabi/7.3.1/../../../../arm-none-eabi/lib/thumb/v7e-m/crt0.o
 .ARM.attributes
                0x00000000       0x1c c:/progra~2/gnu tools arm embedded/7 2018-q2-update/bin/../lib/gcc/arm-none-eabi/7.3.1/../../../../arm-none-eabi/lib/thumb/v7e-m/crt0.o
[...]
Memory Configuration

Name             Origin             Length             Attributes
RAM              0x20000000         0x00020000         xrw
CCMRAM           0x10000000         0x00010000         rw
FLASH            0x08000000         0x00100000         xr
*default*        0x00000000         0xffffffff

Linker script and memory map

LOAD c:/progra~2/gnu tools arm embedded/7 2018-q2-update/bin/../lib/gcc/arm-none-eabi/7.3.1/thumb/v7e-m/crti.o
LOAD c:/progra~2/gnu tools arm embedded/7 2018-q2-update/bin/../lib/gcc/arm-none-eabi/7.3.1/thumb/v7e-m/crtbegin.o
LOAD c:/progra~2/gnu tools arm embedded/7 2018-q2-update/bin/../lib/gcc/arm-none-eabi/7.3.1/../../../../arm-none-eabi/lib/thumb/v7e-m/crt0.o
LOAD CMakeFiles/MusicClock.elf.dir/Drivers/STM32F4xx_HAL_Driver/Src/stm32f4xx_hal.c.obj
LOAD CMakeFiles/MusicClock.elf.dir/Drivers/STM32F4xx_HAL_Driver/Src/stm32f4xx_hal_cortex.c.obj
LOAD CMakeFiles/MusicClock.elf.dir/Drivers/STM32F4xx_HAL_Driver/Src/stm32f4xx_hal_dma.c.obj
LOAD CMakeFiles/MusicClock.elf.dir/Drivers/STM32F4xx_HAL_Driver/Src/stm32f4xx_hal_dma_ex.c.obj
LOAD CMakeFiles/MusicClock.elf.dir/Drivers/STM32F4xx_HAL_Driver/Src/stm32f4xx_hal_exti.c.obj
LOAD CMakeFiles/MusicClock.elf.dir/Drivers/STM32F4xx_HAL_Driver/Src/stm32f4xx_hal_flash.c.obj
LOAD CMakeFiles/MusicClock.elf.dir/Drivers/STM32F4xx_HAL_Driver/Src/stm32f4xx_hal_flash_ex.c.obj
LOAD CMakeFiles/MusicClock.elf.dir/Drivers/STM32F4xx_HAL_Driver/Src/stm32f4xx_hal_flash_ramfunc.c.obj
LOAD CMakeFiles/MusicClock.elf.dir/Drivers/STM32F4xx_HAL_Driver/Src/stm32f4xx_hal_gpio.c.obj
LOAD CMakeFiles/MusicClock.elf.dir/Drivers/STM32F4xx_HAL_Driver/Src/stm32f4xx_hal_i2c.c.obj
LOAD CMakeFiles/MusicClock.elf.dir/Drivers/STM32F4xx_HAL_Driver/Src/stm32f4xx_hal_i2c_ex.c.obj
LOAD CMakeFiles/MusicClock.elf.dir/Drivers/STM32F4xx_HAL_Driver/Src/stm32f4xx_hal_i2s.c.obj
LOAD CMakeFiles/MusicClock.elf.dir/Drivers/STM32F4xx_HAL_Driver/Src/stm32f4xx_hal_i2s_ex.c.obj
LOAD CMakeFiles/MusicClock.elf.dir/Drivers/STM32F4xx_HAL_Driver/Src/stm32f4xx_hal_pwr.c.obj
LOAD CMakeFiles/MusicClock.elf.dir/Drivers/STM32F4xx_HAL_Driver/Src/stm32f4xx_hal_pwr_ex.c.obj
LOAD CMakeFiles/MusicClock.elf.dir/Drivers/STM32F4xx_HAL_Driver/Src/stm32f4xx_hal_rcc.c.obj
LOAD CMakeFiles/MusicClock.elf.dir/Drivers/STM32F4xx_HAL_Driver/Src/stm32f4xx_hal_rcc_ex.c.obj
LOAD CMakeFiles/MusicClock.elf.dir/Drivers/STM32F4xx_HAL_Driver/Src/stm32f4xx_hal_spi.c.obj
LOAD CMakeFiles/MusicClock.elf.dir/Drivers/STM32F4xx_HAL_Driver/Src/stm32f4xx_hal_tim.c.obj
LOAD CMakeFiles/MusicClock.elf.dir/Drivers/STM32F4xx_HAL_Driver/Src/stm32f4xx_hal_tim_ex.c.obj
LOAD CMakeFiles/MusicClock.elf.dir/Src/MY_CS43L22.c.obj
LOAD CMakeFiles/MusicClock.elf.dir/Src/diskio.c.obj
LOAD CMakeFiles/MusicClock.elf.dir/Src/display.c.obj
LOAD CMakeFiles/MusicClock.elf.dir/Src/ff.c.obj
LOAD CMakeFiles/MusicClock.elf.dir/Src/ffsystem.c.obj
LOAD CMakeFiles/MusicClock.elf.dir/Src/ffunicode.c.obj
LOAD CMakeFiles/MusicClock.elf.dir/Src/main.c.obj
LOAD CMakeFiles/MusicClock.elf.dir/Src/music.c.obj
LOAD CMakeFiles/MusicClock.elf.dir/Src/stm32f4xx_hal_msp.c.obj
LOAD CMakeFiles/MusicClock.elf.dir/Src/stm32f4xx_it.c.obj
LOAD CMakeFiles/MusicClock.elf.dir/Src/syscalls.c.obj
LOAD CMakeFiles/MusicClock.elf.dir/Src/system_stm32f4xx.c.obj
LOAD CMakeFiles/MusicClock.elf.dir/startup/startup_stm32f407xx.s.obj
START GROUP
LOAD c:/progra~2/gnu tools arm embedded/7 2018-q2-update/bin/../lib/gcc/arm-none-eabi/7.3.1/thumb/v7e-m\libgcc.a
LOAD c:/progra~2/gnu tools arm embedded/7 2018-q2-update/bin/../lib/gcc/arm-none-eabi/7.3.1/../../../../arm-none-eabi/lib/thumb/v7e-m\libg_nano.a
LOAD c:/progra~2/gnu tools arm embedded/7 2018-q2-update/bin/../lib/gcc/arm-none-eabi/7.3.1/../../../../arm-none-eabi/lib/thumb/v7e-m\libc_nano.a
END GROUP
START GROUP
LOAD c:/progra~2/gnu tools arm embedded/7 2018-q2-update/bin/../lib/gcc/arm-none-eabi/7.3.1/thumb/v7e-m\libgcc.a
LOAD c:/progra~2/gnu tools arm embedded/7 2018-q2-update/bin/../lib/gcc/arm-none-eabi/7.3.1/../../../../arm-none-eabi/lib/thumb/v7e-m\libc_nano.a
LOAD c:/progra~2/gnu tools arm embedded/7 2018-q2-update/bin/../lib/gcc/arm-none-eabi/7.3.1/../../../../arm-none-eabi/lib/thumb/v7e-m\libnosys.a
END GROUP
START GROUP
LOAD c:/progra~2/gnu tools arm embedded/7 2018-q2-update/bin/../lib/gcc/arm-none-eabi/7.3.1/thumb/v7e-m\libgcc.a
LOAD c:/progra~2/gnu tools arm embedded/7 2018-q2-update/bin/../lib/gcc/arm-none-eabi/7.3.1/../../../../arm-none-eabi/lib/thumb/v7e-m\libc_nano.a
LOAD c:/progra~2/gnu tools arm embedded/7 2018-q2-update/bin/../lib/gcc/arm-none-eabi/7.3.1/../../../../arm-none-eabi/lib/thumb/v7e-m\libnosys.a
END GROUP
LOAD c:/progra~2/gnu tools arm embedded/7 2018-q2-update/bin/../lib/gcc/arm-none-eabi/7.3.1/thumb/v7e-m/crtend.o
LOAD c:/progra~2/gnu tools arm embedded/7 2018-q2-update/bin/../lib/gcc/arm-none-eabi/7.3.1/thumb/v7e-m/crtn.o
                0x20020000                _estack = 0x20020000
                0x00000200                _Min_Heap_Size = 0x200
                0x00000400                _Min_Stack_Size = 0x400

.isr_vector     0x08000000      0x188
                0x08000000                . = ALIGN (0x4)
 *(.isr_vector)
 .isr_vector    0x08000000      0x188 CMakeFiles/MusicClock.elf.dir/startup/startup_stm32f407xx.s.obj
                0x08000000                g_pfnVectors
                0x08000188                . = ALIGN (0x4)

.text           0x08000188     0xadbc
                0x08000188                . = ALIGN (0x4)
 *(.text)
 .text          0x08000188       0x40 c:/progra~2/gnu tools arm embedded/7 2018-q2-update/bin/../lib/gcc/arm-none-eabi/7.3.1/thumb/v7e-m/crtbegin.o
 .text          0x080001c8       0x30 c:/progra~2/gnu tools arm embedded/7 2018-q2-update/bin/../lib/gcc/arm-none-eabi/7.3.1/thumb/v7e-m\libgcc.a(_aeabi_uldivmod.o)
                0x080001c8                __aeabi_uldivmod
 .text          0x080001f8      0x2cc c:/progra~2/gnu tools arm embedded/7 2018-q2-update/bin/../lib/gcc/arm-none-eabi/7.3.1/thumb/v7e-m\libgcc.a(_udivmoddi4.o)
                0x080001f8                __udivmoddi4
 .text          0x080004c4        0x4 c:/progra~2/gnu tools arm embedded/7 2018-q2-update/bin/../lib/gcc/arm-none-eabi/7.3.1/thumb/v7e-m\libgcc.a(_dvmd_tls.o)
                0x080004c4                __aeabi_idiv0
                0x080004c4                __aeabi_ldiv0
 *(.text*)
 .text.HAL_Init
                0x080004c8       0x44 CMakeFiles/MusicClock.elf.dir/Drivers/STM32F4xx_HAL_Driver/Src/stm32f4xx_hal.c.obj
                0x080004c8                HAL_Init
 .text.HAL_InitTick
                0x0800050c       0x60 CMakeFiles/MusicClock.elf.dir/Drivers/STM32F4xx_HAL_Driver/Src/stm32f4xx_hal.c.obj
                0x0800050c                HAL_InitTick
 .text.HAL_IncTick
                0x0800056c       0x24 CMakeFiles/MusicClock.elf.dir/Drivers/STM32F4xx_HAL_Driver/Src/stm32f4xx_hal.c.obj
                0x0800056c                HAL_IncTick
 .text.HAL_GetTick
                0x08000590       0x14 CMakeFiles/MusicClock.elf.dir/Drivers/STM32F4xx_HAL_Driver/Src/stm32f4xx_hal.c.obj
                0x08000590                HAL_GetTick
 .text.__NVIC_SetPriorityGrouping
                0x080005a4       0x48 CMakeFiles/MusicClock.elf.dir/Drivers/STM32F4xx_HAL_Driver/Src/stm32f4xx_hal_cortex.c.obj
 .text.__NVIC_GetPriorityGrouping
                0x080005ec       0x1c CMakeFiles/MusicClock.elf.dir/Drivers/STM32F4xx_HAL_Driver/Src/stm32f4xx_hal_cortex.c.obj
 .text.__NVIC_EnableIRQ
                0x08000608       0x38 CMakeFiles/MusicClock.elf.dir/Drivers/STM32F4xx_HAL_Driver/Src/stm32f4xx_hal_cortex.c.obj
 .text.__NVIC_SetPriority
                0x08000640       0x54 CMakeFiles/MusicClock.elf.dir/Drivers/STM32F4xx_HAL_Driver/Src/stm32f4xx_hal_cortex.c.obj
 .text.NVIC_EncodePriority
                0x08000694       0x64 CMakeFiles/MusicClock.elf.dir/Drivers/STM32F4xx_HAL_Driver/Src/stm32f4xx_hal_cortex.c.obj
 .text.SysTick_Config
                0x080006f8       0x44 CMakeFiles/MusicClock.elf.dir/Drivers/STM32F4xx_HAL_Driver/Src/stm32f4xx_hal_cortex.c.obj
 .text.HAL_NVIC_SetPriorityGrouping
                0x0800073c       0x16 CMakeFiles/MusicClock.elf.dir/Drivers/STM32F4xx_HAL_Driver/Src/stm32f4xx_hal_cortex.c.obj
                0x0800073c                HAL_NVIC_SetPriorityGrouping
 .text.HAL_NVIC_SetPriority
                0x08000752       0x38 CMakeFiles/MusicClock.elf.dir/Drivers/STM32F4xx_HAL_Driver/Src/stm32f4xx_hal_cortex.c.obj
                0x08000752                HAL_NVIC_SetPriority
 .text.HAL_NVIC_EnableIRQ
                0x0800078a       0x1c CMakeFiles/MusicClock.elf.dir/Drivers/STM32F4xx_HAL_Driver/Src/stm32f4xx_hal_cortex.c.obj
                0x0800078a                HAL_NVIC_EnableIRQ
 .text.HAL_SYSTICK_Config
                0x080007a6       0x18 CMakeFiles/MusicClock.elf.dir/Drivers/STM32F4xx_HAL_Driver/Src/stm32f4xx_hal_cortex.c.obj
                0x080007a6                HAL_SYSTICK_Config
 *fill*         0x080007be        0x2 
 .text.HAL_DMA_Init
                0x080007c0      0x15c CMakeFiles/MusicClock.elf.dir/Drivers/STM32F4xx_HAL_Driver/Src/stm32f4xx_hal_dma.c.obj
                0x080007c0                HAL_DMA_Init
 .text.HAL_DMA_Start_IT
                0x0800091c       0xc0 CMakeFiles/MusicClock.elf.dir/Drivers/STM32F4xx_HAL_Driver/Src/stm32f4xx_hal_dma.c.obj
                0x0800091c                HAL_DMA_Start_IT
 .text.HAL_DMA_Abort_IT
                0x080009dc       0x42 CMakeFiles/MusicClock.elf.dir/Drivers/STM32F4xx_HAL_Driver/Src/stm32f4xx_hal_dma.c.obj
                0x080009dc                HAL_DMA_Abort_IT
 *fill*         0x08000a1e        0x2 
 .text.HAL_DMA_IRQHandler
                0x08000a20      0x314 CMakeFiles/MusicClock.elf.dir/Drivers/STM32F4xx_HAL_Driver/Src/stm32f4xx_hal_dma.c.obj
                0x08000a20                HAL_DMA_IRQHandler
 .text.HAL_DMA_GetState
                0x08000d34       0x1a CMakeFiles/MusicClock.elf.dir/Drivers/STM32F4xx_HAL_Driver/Src/stm32f4xx_hal_dma.c.obj
                0x08000d34                HAL_DMA_GetState
 .text.DMA_SetConfig
                0x08000d4e       0x5a CMakeFiles/MusicClock.elf.dir/Drivers/STM32F4xx_HAL_Driver/Src/stm32f4xx_hal_dma.c.obj
 .text.DMA_CalcBaseAndBitshift
                0x08000da8       0x68 CMakeFiles/MusicClock.elf.dir/Drivers/STM32F4xx_HAL_Driver/Src/stm32f4xx_hal_dma.c.obj
 .text.DMA_CheckFifoParam
                0x08000e10       0xf4 CMakeFiles/MusicClock.elf.dir/Drivers/STM32F4xx_HAL_Driver/Src/stm32f4xx_hal_dma.c.obj
 .text.HAL_GPIO_Init
                0x08000f04      0x334 CMakeFiles/MusicClock.elf.dir/Drivers/STM32F4xx_HAL_Driver/Src/stm32f4xx_hal_gpio.c.obj
                0x08000f04                HAL_GPIO_Init
 .text.HAL_GPIO_ReadPin
                0x08001238       0x2e CMakeFiles/MusicClock.elf.dir/Drivers/STM32F4xx_HAL_Driver/Src/stm32f4xx_hal_gpio.c.obj
                0x08001238                HAL_GPIO_ReadPin
 .text.HAL_GPIO_WritePin
                0x08001266       0x30 CMakeFiles/MusicClock.elf.dir/Drivers/STM32F4xx_HAL_Driver/Src/stm32f4xx_hal_gpio.c.obj
                0x08001266                HAL_GPIO_WritePin
 *fill*         0x08001296        0x2 
 .text.HAL_GPIO_EXTI_IRQHandler
                0x08001298       0x30 CMakeFiles/MusicClock.elf.dir/Drivers/STM32F4xx_HAL_Driver/Src/stm32f4xx_hal_gpio.c.obj
                0x08001298                HAL_GPIO_EXTI_IRQHandler
 .text.HAL_I2C_Init
                0x080012c8      0x250 CMakeFiles/MusicClock.elf.dir/Drivers/STM32F4xx_HAL_Driver/Src/stm32f4xx_hal_i2c.c.obj
                0x080012c8                HAL_I2C_Init
 .text.HAL_I2C_Master_Transmit
                0x08001518      0x1fc CMakeFiles/MusicClock.elf.dir/Drivers/STM32F4xx_HAL_Driver/Src/stm32f4xx_hal_i2c.c.obj
                0x08001518                HAL_I2C_Master_Transmit
 .text.HAL_I2C_Master_Receive
                0x08001714      0x44c CMakeFiles/MusicClock.elf.dir/Drivers/STM32F4xx_HAL_Driver/Src/stm32f4xx_hal_i2c.c.obj
                0x08001714                HAL_I2C_Master_Receive
 .text.HAL_I2C_EV_IRQHandler
                0x08001b60      0x2cc CMakeFiles/MusicClock.elf.dir/Drivers/STM32F4xx_HAL_Driver/Src/stm32f4xx_hal_i2c.c.obj
                0x08001b60                HAL_I2C_EV_IRQHandler
 .text.HAL_I2C_ER_IRQHandler
                0x08001e2c      0x14a CMakeFiles/MusicClock.elf.dir/Drivers/STM32F4xx_HAL_Driver/Src/stm32f4xx_hal_i2c.c.obj
                0x08001e2c                HAL_I2C_ER_IRQHandler
 .text.HAL_I2C_MasterTxCpltCallback
                0x08001f76       0x12 CMakeFiles/MusicClock.elf.dir/Drivers/STM32F4xx_HAL_Driver/Src/stm32f4xx_hal_i2c.c.obj
                0x08001f76                HAL_I2C_MasterTxCpltCallback
 .text.HAL_I2C_MasterRxCpltCallback
                0x08001f88       0x12 CMakeFiles/MusicClock.elf.dir/Drivers/STM32F4xx_HAL_Driver/Src/stm32f4xx_hal_i2c.c.obj
                0x08001f88                HAL_I2C_MasterRxCpltCallback
 .text.HAL_I2C_SlaveTxCpltCallback
                0x08001f9a       0x12 CMakeFiles/MusicClock.elf.dir/Drivers/STM32F4xx_HAL_Driver/Src/stm32f4xx_hal_i2c.c.obj
                0x08001f9a                HAL_I2C_SlaveTxCpltCallback
 .text.HAL_I2C_SlaveRxCpltCallback
                0x08001fac       0x12 CMakeFiles/MusicClock.elf.dir/Drivers/STM32F4xx_HAL_Driver/Src/stm32f4xx_hal_i2c.c.obj
                0x08001fac                HAL_I2C_SlaveRxCpltCallback
 .text.HAL_I2C_AddrCallback
                0x08001fbe       0x1a CMakeFiles/MusicClock.elf.dir/Drivers/STM32F4xx_HAL_Driver/Src/stm32f4xx_hal_i2c.c.obj
                0x08001fbe                HAL_I2C_AddrCallback
 .text.HAL_I2C_ListenCpltCallback
                0x08001fd8       0x12 CMakeFiles/MusicClock.elf.dir/Drivers/STM32F4xx_HAL_Driver/Src/stm32f4xx_hal_i2c.c.obj
                0x08001fd8                HAL_I2C_ListenCpltCallback
 .text.HAL_I2C_MemTxCpltCallback
                0x08001fea       0x12 CMakeFiles/MusicClock.elf.dir/Drivers/STM32F4xx_HAL_Driver/Src/stm32f4xx_hal_i2c.c.obj
                0x08001fea                HAL_I2C_MemTxCpltCallback
 .text.HAL_I2C_MemRxCpltCallback
                0x08001ffc       0x12 CMakeFiles/MusicClock.elf.dir/Drivers/STM32F4xx_HAL_Driver/Src/stm32f4xx_hal_i2c.c.obj
                0x08001ffc                HAL_I2C_MemRxCpltCallback
 .text.HAL_I2C_ErrorCallback
                0x0800200e       0x12 CMakeFiles/MusicClock.elf.dir/Drivers/STM32F4xx_HAL_Driver/Src/stm32f4xx_hal_i2c.c.obj
                0x0800200e                HAL_I2C_ErrorCallback
 .text.HAL_I2C_AbortCpltCallback
                0x08002020       0x12 CMakeFiles/MusicClock.elf.dir/Drivers/STM32F4xx_HAL_Driver/Src/stm32f4xx_hal_i2c.c.obj
                0x08002020                HAL_I2C_AbortCpltCallback
 .text.I2C_MasterTransmit_TXE
                0x08002032      0x1f0 CMakeFiles/MusicClock.elf.dir/Drivers/STM32F4xx_HAL_Driver/Src/stm32f4xx_hal_i2c.c.obj
 .text.I2C_MasterTransmit_BTF
                0x08002222       0xec CMakeFiles/MusicClock.elf.dir/Drivers/STM32F4xx_HAL_Driver/Src/stm32f4xx_hal_i2c.c.obj
 .text.I2C_MasterReceive_RXNE
                0x0800230e      0x104 CMakeFiles/MusicClock.elf.dir/Drivers/STM32F4xx_HAL_Driver/Src/stm32f4xx_hal_i2c.c.obj
 .text.I2C_MasterReceive_BTF
                0x08002412      0x1d4 CMakeFiles/MusicClock.elf.dir/Drivers/STM32F4xx_HAL_Driver/Src/stm32f4xx_hal_i2c.c.obj
 .text.I2C_Master_SB
                0x080025e6      0x10a CMakeFiles/MusicClock.elf.dir/Drivers/STM32F4xx_HAL_Driver/Src/stm32f4xx_hal_i2c.c.obj
 .text.I2C_Master_ADD10
                0x080026f0       0x52 CMakeFiles/MusicClock.elf.dir/Drivers/STM32F4xx_HAL_Driver/Src/stm32f4xx_hal_i2c.c.obj
 .text.I2C_Master_ADDR
                0x08002742      0x320 CMakeFiles/MusicClock.elf.dir/Drivers/STM32F4xx_HAL_Driver/Src/stm32f4xx_hal_i2c.c.obj
 .text.I2C_SlaveTransmit_TXE
                0x08002a62       0x7a CMakeFiles/MusicClock.elf.dir/Drivers/STM32F4xx_HAL_Driver/Src/stm32f4xx_hal_i2c.c.obj
 .text.I2C_SlaveTransmit_BTF
                0x08002adc       0x40 CMakeFiles/MusicClock.elf.dir/Drivers/STM32F4xx_HAL_Driver/Src/stm32f4xx_hal_i2c.c.obj
 .text.I2C_SlaveReceive_RXNE
                0x08002b1c       0x7c CMakeFiles/MusicClock.elf.dir/Drivers/STM32F4xx_HAL_Driver/Src/stm32f4xx_hal_i2c.c.obj
 .text.I2C_SlaveReceive_BTF
                0x08002b98       0x42 CMakeFiles/MusicClock.elf.dir/Drivers/STM32F4xx_HAL_Driver/Src/stm32f4xx_hal_i2c.c.obj
 .text.I2C_Slave_ADDR
                0x08002bda       0x88 CMakeFiles/MusicClock.elf.dir/Drivers/STM32F4xx_HAL_Driver/Src/stm32f4xx_hal_i2c.c.obj
 *fill*         0x08002c62        0x2 
 .text.I2C_Slave_STOPF
                0x08002c64      0x260 CMakeFiles/MusicClock.elf.dir/Drivers/STM32F4xx_HAL_Driver/Src/stm32f4xx_hal_i2c.c.obj
 .text.I2C_Slave_AF
                0x08002ec4       0xe0 CMakeFiles/MusicClock.elf.dir/Drivers/STM32F4xx_HAL_Driver/Src/stm32f4xx_hal_i2c.c.obj
 .text.I2C_ITError
                0x08002fa4      0x230 CMakeFiles/MusicClock.elf.dir/Drivers/STM32F4xx_HAL_Driver/Src/stm32f4xx_hal_i2c.c.obj
 .text.I2C_MasterRequestWrite
                0x080031d4       0xec CMakeFiles/MusicClock.elf.dir/Drivers/STM32F4xx_HAL_Driver/Src/stm32f4xx_hal_i2c.c.obj
 .text.I2C_MasterRequestRead
                0x080032c0      0x16c CMakeFiles/MusicClock.elf.dir/Drivers/STM32F4xx_HAL_Driver/Src/stm32f4xx_hal_i2c.c.obj
 .text.I2C_DMAAbort
                0x0800342c       0xde CMakeFiles/MusicClock.elf.dir/Drivers/STM32F4xx_HAL_Driver/Src/stm32f4xx_hal_i2c.c.obj
 .text.I2C_WaitOnFlagUntilTimeout
                0x0800350a       0xae CMakeFiles/MusicClock.elf.dir/Drivers/STM32F4xx_HAL_Driver/Src/stm32f4xx_hal_i2c.c.obj
 .text.I2C_WaitOnMasterAddressFlagUntilTimeout
                0x080035b8       0xfe CMakeFiles/MusicClock.elf.dir/Drivers/STM32F4xx_HAL_Driver/Src/stm32f4xx_hal_i2c.c.obj
 .text.I2C_WaitOnTXEFlagUntilTimeout
                0x080036b6       0x82 CMakeFiles/MusicClock.elf.dir/Drivers/STM32F4xx_HAL_Driver/Src/stm32f4xx_hal_i2c.c.obj
 .text.I2C_WaitOnBTFFlagUntilTimeout
                0x08003738       0x82 CMakeFiles/MusicClock.elf.dir/Drivers/STM32F4xx_HAL_Driver/Src/stm32f4xx_hal_i2c.c.obj
 .text.I2C_WaitOnRXNEFlagUntilTimeout
                0x080037ba       0xac CMakeFiles/MusicClock.elf.dir/Drivers/STM32F4xx_HAL_Driver/Src/stm32f4xx_hal_i2c.c.obj
 .text.I2C_IsAcknowledgeFailed
                0x08003866       0x5c CMakeFiles/MusicClock.elf.dir/Drivers/STM32F4xx_HAL_Driver/Src/stm32f4xx_hal_i2c.c.obj
 .text.I2C_ConvertOtherXferOptions
                0x080038c2       0x34 CMakeFiles/MusicClock.elf.dir/Drivers/STM32F4xx_HAL_Driver/Src/stm32f4xx_hal_i2c.c.obj
 *fill*         0x080038f6        0x2 
 .text.HAL_I2S_Init
                0x080038f8      0x280 CMakeFiles/MusicClock.elf.dir/Drivers/STM32F4xx_HAL_Driver/Src/stm32f4xx_hal_i2s.c.obj
                0x080038f8                HAL_I2S_Init
 .text.HAL_I2S_Transmit_DMA
                0x08003b78      0x150 CMakeFiles/MusicClock.elf.dir/Drivers/STM32F4xx_HAL_Driver/Src/stm32f4xx_hal_i2s.c.obj
                0x08003b78                HAL_I2S_Transmit_DMA
 .text.HAL_I2S_TxHalfCpltCallback
                0x08003cc8       0x12 CMakeFiles/MusicClock.elf.dir/Drivers/STM32F4xx_HAL_Driver/Src/stm32f4xx_hal_i2s.c.obj
                0x08003cc8                HAL_I2S_TxHalfCpltCallback
 .text.HAL_I2S_TxCpltCallback
                0x08003cda       0x12 CMakeFiles/MusicClock.elf.dir/Drivers/STM32F4xx_HAL_Driver/Src/stm32f4xx_hal_i2s.c.obj
                0x08003cda                HAL_I2S_TxCpltCallback
 .text.HAL_I2S_RxCpltCallback
                0x08003cec       0x12 CMakeFiles/MusicClock.elf.dir/Drivers/STM32F4xx_HAL_Driver/Src/stm32f4xx_hal_i2s.c.obj
                0x08003cec                HAL_I2S_RxCpltCallback
 .text.HAL_I2S_ErrorCallback
                0x08003cfe       0x12 CMakeFiles/MusicClock.elf.dir/Drivers/STM32F4xx_HAL_Driver/Src/stm32f4xx_hal_i2s.c.obj
                0x08003cfe                HAL_I2S_ErrorCallback
 .text.I2S_DMATxCplt
                0x08003d10       0x42 CMakeFiles/MusicClock.elf.dir/Drivers/STM32F4xx_HAL_Driver/Src/stm32f4xx_hal_i2s.c.obj
 .text.I2S_DMATxHalfCplt
                0x08003d52       0x1c CMakeFiles/MusicClock.elf.dir/Drivers/STM32F4xx_HAL_Driver/Src/stm32f4xx_hal_i2s.c.obj
 .text.I2S_DMAError
                0x08003d6e       0x4c CMakeFiles/MusicClock.elf.dir/Drivers/STM32F4xx_HAL_Driver/Src/stm32f4xx_hal_i2s.c.obj
 .text.I2S_Transmit_IT
                0x08003dba       0x5c CMakeFiles/MusicClock.elf.dir/Drivers/STM32F4xx_HAL_Driver/Src/stm32f4xx_hal_i2s.c.obj
 .text.I2S_Receive_IT
                0x08003e16       0x5e CMakeFiles/MusicClock.elf.dir/Drivers/STM32F4xx_HAL_Driver/Src/stm32f4xx_hal_i2s.c.obj
 .text.I2S_IRQHandler
                0x08003e74      0x114 CMakeFiles/MusicClock.elf.dir/Drivers/STM32F4xx_HAL_Driver/Src/stm32f4xx_hal_i2s.c.obj
 .text.HAL_I2SEx_FullDuplex_IRQHandler
                0x08003f88      0x2a8 CMakeFiles/MusicClock.elf.dir/Drivers/STM32F4xx_HAL_Driver/Src/stm32f4xx_hal_i2s_ex.c.obj
                0x08003f88                HAL_I2SEx_FullDuplex_IRQHandler
 .text.HAL_I2SEx_TxRxCpltCallback
                0x08004230       0x12 CMakeFiles/MusicClock.elf.dir/Drivers/STM32F4xx_HAL_Driver/Src/stm32f4xx_hal_i2s_ex.c.obj
                0x08004230                HAL_I2SEx_TxRxCpltCallback
 .text.I2SEx_TxISR_I2S
                0x08004242       0x62 CMakeFiles/MusicClock.elf.dir/Drivers/STM32F4xx_HAL_Driver/Src/stm32f4xx_hal_i2s_ex.c.obj
 .text.I2SEx_TxISR_I2SExt
                0x080042a4       0x98 CMakeFiles/MusicClock.elf.dir/Drivers/STM32F4xx_HAL_Driver/Src/stm32f4xx_hal_i2s_ex.c.obj
 .text.I2SEx_RxISR_I2S
                0x0800433c       0x64 CMakeFiles/MusicClock.elf.dir/Drivers/STM32F4xx_HAL_Driver/Src/stm32f4xx_hal_i2s_ex.c.obj
 .text.I2SEx_RxISR_I2SExt
                0x080043a0       0x98 CMakeFiles/MusicClock.elf.dir/Drivers/STM32F4xx_HAL_Driver/Src/stm32f4xx_hal_i2s_ex.c.obj
 .text.HAL_RCC_OscConfig
                0x08004438      0x484 CMakeFiles/MusicClock.elf.dir/Drivers/STM32F4xx_HAL_Driver/Src/stm32f4xx_hal_rcc.c.obj
                0x08004438                HAL_RCC_OscConfig
 .text.HAL_RCC_ClockConfig
                0x080048bc      0x1c4 CMakeFiles/MusicClock.elf.dir/Drivers/STM32F4xx_HAL_Driver/Src/stm32f4xx_hal_rcc.c.obj
                0x080048bc                HAL_RCC_ClockConfig
 .text.HAL_RCC_GetSysClockFreq
                0x08004a80      0x1b0 CMakeFiles/MusicClock.elf.dir/Drivers/STM32F4xx_HAL_Driver/Src/stm32f4xx_hal_rcc.c.obj
                0x08004a80                HAL_RCC_GetSysClockFreq
 .text.HAL_RCC_GetHCLKFreq
                0x08004c30       0x14 CMakeFiles/MusicClock.elf.dir/Drivers/STM32F4xx_HAL_Driver/Src/stm32f4xx_hal_rcc.c.obj
                0x08004c30                HAL_RCC_GetHCLKFreq
 .text.HAL_RCC_GetPCLK1Freq
                0x08004c44       0x28 CMakeFiles/MusicClock.elf.dir/Drivers/STM32F4xx_HAL_Driver/Src/stm32f4xx_hal_rcc.c.obj
                0x08004c44                HAL_RCC_GetPCLK1Freq
 .text.HAL_RCCEx_PeriphCLKConfig
                0x08004c6c      0x1c4 CMakeFiles/MusicClock.elf.dir/Drivers/STM32F4xx_HAL_Driver/Src/stm32f4xx_hal_rcc_ex.c.obj
                0x08004c6c                HAL_RCCEx_PeriphCLKConfig
 .text.HAL_RCCEx_GetPeriphCLKFreq
                0x08004e30       0xb8 CMakeFiles/MusicClock.elf.dir/Drivers/STM32F4xx_HAL_Driver/Src/stm32f4xx_hal_rcc_ex.c.obj
                0x08004e30                HAL_RCCEx_GetPeriphCLKFreq
 .text.HAL_SPI_Init
                0x08004ee8       0xc8 CMakeFiles/MusicClock.elf.dir/Drivers/STM32F4xx_HAL_Driver/Src/stm32f4xx_hal_spi.c.obj
                0x08004ee8                HAL_SPI_Init
 .text.HAL_SPI_Transmit
                0x08004fb0      0x268 CMakeFiles/MusicClock.elf.dir/Drivers/STM32F4xx_HAL_Driver/Src/stm32f4xx_hal_spi.c.obj
                0x08004fb0                HAL_SPI_Transmit
 .text.HAL_SPI_TransmitReceive
                0x08005218      0x344 CMakeFiles/MusicClock.elf.dir/Drivers/STM32F4xx_HAL_Driver/Src/stm32f4xx_hal_spi.c.obj
                0x08005218                HAL_SPI_TransmitReceive
 .text.HAL_SPI_IRQHandler
                0x0800555c      0x200 CMakeFiles/MusicClock.elf.dir/Drivers/STM32F4xx_HAL_Driver/Src/stm32f4xx_hal_spi.c.obj
                0x0800555c                HAL_SPI_IRQHandler
 .text.HAL_SPI_ErrorCallback
                0x0800575c       0x12 CMakeFiles/MusicClock.elf.dir/Drivers/STM32F4xx_HAL_Driver/Src/stm32f4xx_hal_spi.c.obj
                0x0800575c                HAL_SPI_ErrorCallback
 .text.HAL_SPI_GetState
                0x0800576e       0x1a CMakeFiles/MusicClock.elf.dir/Drivers/STM32F4xx_HAL_Driver/Src/stm32f4xx_hal_spi.c.obj
                0x0800576e                HAL_SPI_GetState
 .text.SPI_DMAAbortOnError
                0x08005788       0x28 CMakeFiles/MusicClock.elf.dir/Drivers/STM32F4xx_HAL_Driver/Src/stm32f4xx_hal_spi.c.obj
 .text.SPI_WaitFlagStateUntilTimeout
                0x080057b0       0xd4 CMakeFiles/MusicClock.elf.dir/Drivers/STM32F4xx_HAL_Driver/Src/stm32f4xx_hal_spi.c.obj
 .text.SPI_EndRxTxTransaction
                0x08005884       0x84 CMakeFiles/MusicClock.elf.dir/Drivers/STM32F4xx_HAL_Driver/Src/stm32f4xx_hal_spi.c.obj
 .text.HAL_TIM_Base_Init
                0x08005908       0x56 CMakeFiles/MusicClock.elf.dir/Drivers/STM32F4xx_HAL_Driver/Src/stm32f4xx_hal_tim.c.obj
                0x08005908                HAL_TIM_Base_Init
 .text.HAL_TIM_Base_Stop
                0x0800595e       0x54 CMakeFiles/MusicClock.elf.dir/Drivers/STM32F4xx_HAL_Driver/Src/stm32f4xx_hal_tim.c.obj
                0x0800595e                HAL_TIM_Base_Stop
 .text.HAL_TIM_Base_Start_IT
                0x080059b2       0x46 CMakeFiles/MusicClock.elf.dir/Drivers/STM32F4xx_HAL_Driver/Src/stm32f4xx_hal_tim.c.obj
                0x080059b2                HAL_TIM_Base_Start_IT
 .text.HAL_TIM_IRQHandler
                0x080059f8      0x210 CMakeFiles/MusicClock.elf.dir/Drivers/STM32F4xx_HAL_Driver/Src/stm32f4xx_hal_tim.c.obj
                0x080059f8                HAL_TIM_IRQHandler
 .text.HAL_TIM_ConfigClockSource
                0x08005c08      0x16e CMakeFiles/MusicClock.elf.dir/Drivers/STM32F4xx_HAL_Driver/Src/stm32f4xx_hal_tim.c.obj
                0x08005c08                HAL_TIM_ConfigClockSource
 .text.HAL_TIM_OC_DelayElapsedCallback
                0x08005d76       0x12 CMakeFiles/MusicClock.elf.dir/Drivers/STM32F4xx_HAL_Driver/Src/stm32f4xx_hal_tim.c.obj
                0x08005d76                HAL_TIM_OC_DelayElapsedCallback
 .text.HAL_TIM_IC_CaptureCallback
                0x08005d88       0x12 CMakeFiles/MusicClock.elf.dir/Drivers/STM32F4xx_HAL_Driver/Src/stm32f4xx_hal_tim.c.obj
                0x08005d88                HAL_TIM_IC_CaptureCallback
 .text.HAL_TIM_PWM_PulseFinishedCallback
                0x08005d9a       0x12 CMakeFiles/MusicClock.elf.dir/Drivers/STM32F4xx_HAL_Driver/Src/stm32f4xx_hal_tim.c.obj
                0x08005d9a                HAL_TIM_PWM_PulseFinishedCallback
 .text.HAL_TIM_TriggerCallback
                0x08005dac       0x12 CMakeFiles/MusicClock.elf.dir/Drivers/STM32F4xx_HAL_Driver/Src/stm32f4xx_hal_tim.c.obj
                0x08005dac                HAL_TIM_TriggerCallback
 *fill*         0x08005dbe        0x2 
 .text.TIM_Base_SetConfig
                0x08005dc0      0x13c CMakeFiles/MusicClock.elf.dir/Drivers/STM32F4xx_HAL_Driver/Src/stm32f4xx_hal_tim.c.obj
                0x08005dc0                TIM_Base_SetConfig
 .text.TIM_TI1_ConfigInputStage
                0x08005efc       0x5c CMakeFiles/MusicClock.elf.dir/Drivers/STM32F4xx_HAL_Driver/Src/stm32f4xx_hal_tim.c.obj
 .text.TIM_TI2_ConfigInputStage
                0x08005f58       0x5e CMakeFiles/MusicClock.elf.dir/Drivers/STM32F4xx_HAL_Driver/Src/stm32f4xx_hal_tim.c.obj
 .text.TIM_ITRx_SetConfig
                0x08005fb6       0x34 CMakeFiles/MusicClock.elf.dir/Drivers/STM32F4xx_HAL_Driver/Src/stm32f4xx_hal_tim.c.obj
 .text.TIM_ETR_SetConfig
                0x08005fea       0x3e CMakeFiles/MusicClock.elf.dir/Drivers/STM32F4xx_HAL_Driver/Src/stm32f4xx_hal_tim.c.obj
                0x08005fea                TIM_ETR_SetConfig
 .text.HAL_TIMEx_MasterConfigSynchronization
                0x08006028       0x88 CMakeFiles/MusicClock.elf.dir/Drivers/STM32F4xx_HAL_Driver/Src/stm32f4xx_hal_tim_ex.c.obj
                0x08006028                HAL_TIMEx_MasterConfigSynchronization
 .text.HAL_TIMEx_CommutCallback
                0x080060b0       0x12 CMakeFiles/MusicClock.elf.dir/Drivers/STM32F4xx_HAL_Driver/Src/stm32f4xx_hal_tim_ex.c.obj
                0x080060b0                HAL_TIMEx_CommutCallback
 .text.HAL_TIMEx_BreakCallback
                0x080060c2       0x12 CMakeFiles/MusicClock.elf.dir/Drivers/STM32F4xx_HAL_Driver/Src/stm32f4xx_hal_tim_ex.c.obj
                0x080060c2                HAL_TIMEx_BreakCallback
 .text.write_register
                0x080060d4       0x3c CMakeFiles/MusicClock.elf.dir/Src/MY_CS43L22.c.obj
 .text.read_register
                0x08006110       0x44 CMakeFiles/MusicClock.elf.dir/Src/MY_CS43L22.c.obj
 .text.CS43_Init
                0x08006154      0x228 CMakeFiles/MusicClock.elf.dir/Src/MY_CS43L22.c.obj
                0x08006154                CS43_Init
 .text.CS43_Enable_RightLeft
                0x0800637c       0xb8 CMakeFiles/MusicClock.elf.dir/Src/MY_CS43L22.c.obj
                0x0800637c                CS43_Enable_RightLeft
 .text.CS43_SetVolume
                0x08006434       0x84 CMakeFiles/MusicClock.elf.dir/Src/MY_CS43L22.c.obj
                0x08006434                CS43_SetVolume
 .text.CS43_Start
                0x080064b8       0x84 CMakeFiles/MusicClock.elf.dir/Src/MY_CS43L22.c.obj
                0x080064b8                CS43_Start
 .text.SELECT   0x0800653c        0xc CMakeFiles/MusicClock.elf.dir/Src/diskio.c.obj
 .text.DESELECT
                0x08006548        0xc CMakeFiles/MusicClock.elf.dir/Src/diskio.c.obj
 .text.xmit_spi
                0x08006554       0x34 CMakeFiles/MusicClock.elf.dir/Src/diskio.c.obj
 .text.rcvr_spi
                0x08006588       0x3c CMakeFiles/MusicClock.elf.dir/Src/diskio.c.obj
 .text.rcvr_spi_m
                0x080065c4       0x1c CMakeFiles/MusicClock.elf.dir/Src/diskio.c.obj
 .text.wait_ready
                0x080065e0       0x38 CMakeFiles/MusicClock.elf.dir/Src/diskio.c.obj
 .text.power_on
                0x08006618       0x9c CMakeFiles/MusicClock.elf.dir/Src/diskio.c.obj
 .text.power_off
                0x080066b4       0x18 CMakeFiles/MusicClock.elf.dir/Src/diskio.c.obj
 .text.chk_power
                0x080066cc       0x14 CMakeFiles/MusicClock.elf.dir/Src/diskio.c.obj
 .text.rcvr_datablock
                0x080066e0       0x6c CMakeFiles/MusicClock.elf.dir/Src/diskio.c.obj
 .text.xmit_datablock
                0x0800674c       0xb0 CMakeFiles/MusicClock.elf.dir/Src/diskio.c.obj
 .text.send_cmd
                0x080067fc       0xa4 CMakeFiles/MusicClock.elf.dir/Src/diskio.c.obj
 .text.disk_initialize
                0x080068a0      0x1d4 CMakeFiles/MusicClock.elf.dir/Src/diskio.c.obj
                0x080068a0                disk_initialize
 .text.disk_status
                0x08006a74       0x28 CMakeFiles/MusicClock.elf.dir/Src/diskio.c.obj
                0x08006a74                disk_status
 .text.disk_read
                0x08006a9c       0xd4 CMakeFiles/MusicClock.elf.dir/Src/diskio.c.obj
                0x08006a9c                disk_read
 .text.disk_write
                0x08006b70      0x108 CMakeFiles/MusicClock.elf.dir/Src/diskio.c.obj
                0x08006b70                disk_write
 .text.disk_ioctl
                0x08006c78      0x304 CMakeFiles/MusicClock.elf.dir/Src/diskio.c.obj
                0x08006c78                disk_ioctl
 .text.get_fattime
                0x08006f7c       0x14 CMakeFiles/MusicClock.elf.dir/Src/diskio.c.obj
                0x08006f7c                get_fattime
 .text.BCD2DEC  0x08006f90       0x30 CMakeFiles/MusicClock.elf.dir/Src/display.c.obj
 .text.DEC2BCD  0x08006fc0       0x48 CMakeFiles/MusicClock.elf.dir/Src/display.c.obj
 .text.getRTC   0x08007008       0xa8 CMakeFiles/MusicClock.elf.dir/Src/display.c.obj
                0x08007008                getRTC
 .text.setRTC   0x080070b0       0x80 CMakeFiles/MusicClock.elf.dir/Src/display.c.obj
                0x080070b0                setRTC
 .text.HAL_GPIO_EXTI_Callback
                0x08007130      0x580 CMakeFiles/MusicClock.elf.dir/Src/display.c.obj
                0x08007130                HAL_GPIO_EXTI_Callback
 .text.HAL_TIM_PeriodElapsedCallback
                0x080076b0      0x4b8 CMakeFiles/MusicClock.elf.dir/Src/display.c.obj
                0x080076b0                HAL_TIM_PeriodElapsedCallback
 .text.ld_word  0x08007b68       0x2e CMakeFiles/MusicClock.elf.dir/Src/ff.c.obj
 .text.ld_dword
                0x08007b96       0x44 CMakeFiles/MusicClock.elf.dir/Src/ff.c.obj
 .text.st_word  0x08007bda       0x34 CMakeFiles/MusicClock.elf.dir/Src/ff.c.obj
 .text.st_dword
                0x08007c0e       0x56 CMakeFiles/MusicClock.elf.dir/Src/ff.c.obj
 .text.mem_cpy  0x08007c64       0x40 CMakeFiles/MusicClock.elf.dir/Src/ff.c.obj
 .text.mem_set  0x08007ca4       0x32 CMakeFiles/MusicClock.elf.dir/Src/ff.c.obj
 .text.mem_cmp  0x08007cd6       0x4c CMakeFiles/MusicClock.elf.dir/Src/ff.c.obj
 .text.chk_chr  0x08007d22       0x34 CMakeFiles/MusicClock.elf.dir/Src/ff.c.obj
 .text.dbc_1st  0x08007d56       0x3e CMakeFiles/MusicClock.elf.dir/Src/ff.c.obj
 .text.dbc_2nd  0x08007d94       0x52 CMakeFiles/MusicClock.elf.dir/Src/ff.c.obj
 .text.sync_window
                0x08007de6       0x78 CMakeFiles/MusicClock.elf.dir/Src/ff.c.obj
 .text.move_window
                0x08007e5e       0x5a CMakeFiles/MusicClock.elf.dir/Src/ff.c.obj
 .text.sync_fs  0x08007eb8       0xdc CMakeFiles/MusicClock.elf.dir/Src/ff.c.obj
 .text.clst2sect
                0x08007f94       0x3c CMakeFiles/MusicClock.elf.dir/Src/ff.c.obj
 .text.get_fat  0x08007fd0      0x14a CMakeFiles/MusicClock.elf.dir/Src/ff.c.obj
 .text.put_fat  0x0800811a      0x1ce CMakeFiles/MusicClock.elf.dir/Src/ff.c.obj
 .text.remove_chain
                0x080082e8       0xca CMakeFiles/MusicClock.elf.dir/Src/ff.c.obj
 .text.create_chain
                0x080083b2      0x1a2 CMakeFiles/MusicClock.elf.dir/Src/ff.c.obj
 .text.dir_clear
                0x08008554       0x90 CMakeFiles/MusicClock.elf.dir/Src/ff.c.obj
 .text.dir_sdi  0x080085e4       0xf6 CMakeFiles/MusicClock.elf.dir/Src/ff.c.obj
 .text.dir_next
                0x080086da      0x12c CMakeFiles/MusicClock.elf.dir/Src/ff.c.obj
 .text.dir_alloc
                0x08008806       0x8e CMakeFiles/MusicClock.elf.dir/Src/ff.c.obj
 .text.ld_clust
                0x08008894       0x3e CMakeFiles/MusicClock.elf.dir/Src/ff.c.obj
 .text.st_clust
                0x080088d2       0x40 CMakeFiles/MusicClock.elf.dir/Src/ff.c.obj
 .text.dir_read
                0x08008912       0xba CMakeFiles/MusicClock.elf.dir/Src/ff.c.obj
 .text.dir_find
                0x080089cc       0xaa CMakeFiles/MusicClock.elf.dir/Src/ff.c.obj
 .text.dir_register
                0x08008a76       0x64 CMakeFiles/MusicClock.elf.dir/Src/ff.c.obj
 .text.get_fileinfo
                0x08008ada       0xc6 CMakeFiles/MusicClock.elf.dir/Src/ff.c.obj
 .text.create_name
                0x08008ba0      0x184 CMakeFiles/MusicClock.elf.dir/Src/ff.c.obj
 .text.follow_path
                0x08008d24       0xde CMakeFiles/MusicClock.elf.dir/Src/ff.c.obj
 .text.get_ldnumber
                0x08008e02       0x88 CMakeFiles/MusicClock.elf.dir/Src/ff.c.obj
 *fill*         0x08008e8a        0x2 
 .text.check_fs
                0x08008e8c       0xac CMakeFiles/MusicClock.elf.dir/Src/ff.c.obj
 .text.find_volume
                0x08008f38      0x4b0 CMakeFiles/MusicClock.elf.dir/Src/ff.c.obj
 .text.validate
                0x080093e8       0x6a CMakeFiles/MusicClock.elf.dir/Src/ff.c.obj
 *fill*         0x08009452        0x2 
 .text.f_mount  0x08009454       0x80 CMakeFiles/MusicClock.elf.dir/Src/ff.c.obj
                0x08009454                f_mount
 .text.f_open   0x080094d4      0x306 CMakeFiles/MusicClock.elf.dir/Src/ff.c.obj
                0x080094d4                f_open
 .text.f_read   0x080097da      0x266 CMakeFiles/MusicClock.elf.dir/Src/ff.c.obj
                0x080097da                f_read
 .text.f_sync   0x08009a40       0xfc CMakeFiles/MusicClock.elf.dir/Src/ff.c.obj
                0x08009a40                f_sync
 .text.f_close  0x08009b3c       0x40 CMakeFiles/MusicClock.elf.dir/Src/ff.c.obj
                0x08009b3c                f_close
 .text.f_lseek  0x08009b7c      0x25a CMakeFiles/MusicClock.elf.dir/Src/ff.c.obj
                0x08009b7c                f_lseek
 .text.f_opendir
                0x08009dd6       0xb2 CMakeFiles/MusicClock.elf.dir/Src/ff.c.obj
                0x08009dd6                f_opendir
 .text.f_closedir
                0x08009e88       0x30 CMakeFiles/MusicClock.elf.dir/Src/ff.c.obj
                0x08009e88                f_closedir
 .text.f_readdir
                0x08009eb8       0x7a CMakeFiles/MusicClock.elf.dir/Src/ff.c.obj
                0x08009eb8                f_readdir
 *fill*         0x08009f32        0x2 
 .text.main     0x08009f34      0x108 CMakeFiles/MusicClock.elf.dir/Src/main.c.obj
                0x08009f34                main
 .text.SystemClock_Config
                0x0800a03c      0x100 CMakeFiles/MusicClock.elf.dir/Src/main.c.obj
                0x0800a03c                SystemClock_Config
 .text.MX_I2C1_Init
                0x0800a13c       0x5c CMakeFiles/MusicClock.elf.dir/Src/main.c.obj
 .text.MX_I2S3_Init
                0x0800a198       0x5c CMakeFiles/MusicClock.elf.dir/Src/main.c.obj
 .text.MX_SPI1_Init
                0x0800a1f4       0x6c CMakeFiles/MusicClock.elf.dir/Src/main.c.obj
 .text.MX_TIM2_Init
                0x0800a260       0x9c CMakeFiles/MusicClock.elf.dir/Src/main.c.obj
 .text.MX_TIM3_Init
                0x0800a2fc       0x98 CMakeFiles/MusicClock.elf.dir/Src/main.c.obj
 .text.MX_TIM4_Init
                0x0800a394       0x9c CMakeFiles/MusicClock.elf.dir/Src/main.c.obj
 .text.MX_DMA_Init
                0x0800a430       0x40 CMakeFiles/MusicClock.elf.dir/Src/main.c.obj
 .text.MX_GPIO_Init
                0x0800a470      0x1c4 CMakeFiles/MusicClock.elf.dir/Src/main.c.obj
 .text.Error_Handler
                0x0800a634        0xc CMakeFiles/MusicClock.elf.dir/Src/main.c.obj
                0x0800a634                Error_Handler
 .text.startSong
                0x0800a640       0x6c CMakeFiles/MusicClock.elf.dir/Src/music.c.obj
                0x0800a640                startSong
 .text.changeFile
                0x0800a6ac       0x9c CMakeFiles/MusicClock.elf.dir/Src/music.c.obj
                0x0800a6ac                changeFile
 .text.playSong
                0x0800a748       0xa0 CMakeFiles/MusicClock.elf.dir/Src/music.c.obj
                0x0800a748                playSong
 .text.map_filenames
                0x0800a7e8       0xec CMakeFiles/MusicClock.elf.dir/Src/music.c.obj
                0x0800a7e8                map_filenames
 .text.HAL_MspInit
                0x0800a8d4       0x4c CMakeFiles/MusicClock.elf.dir/Src/stm32f4xx_hal_msp.c.obj
                0x0800a8d4                HAL_MspInit
 .text.HAL_I2C_MspInit
                0x0800a920       0xb0 CMakeFiles/MusicClock.elf.dir/Src/stm32f4xx_hal_msp.c.obj
                0x0800a920                HAL_I2C_MspInit
 .text.HAL_I2S_MspInit
                0x0800a9d0      0x14c CMakeFiles/MusicClock.elf.dir/Src/stm32f4xx_hal_msp.c.obj
                0x0800a9d0                HAL_I2S_MspInit
 .text.HAL_SPI_MspInit
                0x0800ab1c       0xa0 CMakeFiles/MusicClock.elf.dir/Src/stm32f4xx_hal_msp.c.obj
                0x0800ab1c                HAL_SPI_MspInit
 .text.HAL_TIM_Base_MspInit
                0x0800abbc       0xc4 CMakeFiles/MusicClock.elf.dir/Src/stm32f4xx_hal_msp.c.obj
                0x0800abbc                HAL_TIM_Base_MspInit
 .text.NMI_Handler
                0x0800ac80        0xc CMakeFiles/MusicClock.elf.dir/Src/stm32f4xx_it.c.obj
                0x0800ac80                NMI_Handler
 .text.HardFault_Handler
                0x0800ac8c        0x6 CMakeFiles/MusicClock.elf.dir/Src/stm32f4xx_it.c.obj
                0x0800ac8c                HardFault_Handler
 .text.MemManage_Handler
                0x0800ac92        0x6 CMakeFiles/MusicClock.elf.dir/Src/stm32f4xx_it.c.obj
                0x0800ac92                MemManage_Handler
 .text.BusFault_Handler
                0x0800ac98        0x6 CMakeFiles/MusicClock.elf.dir/Src/stm32f4xx_it.c.obj
                0x0800ac98                BusFault_Handler
 .text.UsageFault_Handler
                0x0800ac9e        0x6 CMakeFiles/MusicClock.elf.dir/Src/stm32f4xx_it.c.obj
                0x0800ac9e                UsageFault_Handler
 .text.SVC_Handler
                0x0800aca4        0xc CMakeFiles/MusicClock.elf.dir/Src/stm32f4xx_it.c.obj
                0x0800aca4                SVC_Handler
 .text.DebugMon_Handler
                0x0800acb0        0xc CMakeFiles/MusicClock.elf.dir/Src/stm32f4xx_it.c.obj
                0x0800acb0                DebugMon_Handler
 .text.PendSV_Handler
                0x0800acbc        0xc CMakeFiles/MusicClock.elf.dir/Src/stm32f4xx_it.c.obj
                0x0800acbc                PendSV_Handler
 .text.SysTick_Handler
                0x0800acc8        0xc CMakeFiles/MusicClock.elf.dir/Src/stm32f4xx_it.c.obj
                0x0800acc8                SysTick_Handler
 .text.EXTI0_IRQHandler
                0x0800acd4        0xe CMakeFiles/MusicClock.elf.dir/Src/stm32f4xx_it.c.obj
                0x0800acd4                EXTI0_IRQHandler
 .text.EXTI1_IRQHandler
                0x0800ace2        0xe CMakeFiles/MusicClock.elf.dir/Src/stm32f4xx_it.c.obj
                0x0800ace2                EXTI1_IRQHandler
 .text.EXTI2_IRQHandler
                0x0800acf0        0xe CMakeFiles/MusicClock.elf.dir/Src/stm32f4xx_it.c.obj
                0x0800acf0                EXTI2_IRQHandler
 *fill*         0x0800acfe        0x2 
 .text.DMA1_Stream5_IRQHandler
                0x0800ad00       0x14 CMakeFiles/MusicClock.elf.dir/Src/stm32f4xx_it.c.obj
                0x0800ad00                DMA1_Stream5_IRQHandler
 .text.EXTI9_5_IRQHandler
                0x0800ad14       0x2a CMakeFiles/MusicClock.elf.dir/Src/stm32f4xx_it.c.obj
                0x0800ad14                EXTI9_5_IRQHandler
 *fill*         0x0800ad3e        0x2 
 .text.TIM2_IRQHandler
                0x0800ad40       0x14 CMakeFiles/MusicClock.elf.dir/Src/stm32f4xx_it.c.obj
                0x0800ad40                TIM2_IRQHandler
 .text.TIM3_IRQHandler
                0x0800ad54       0x14 CMakeFiles/MusicClock.elf.dir/Src/stm32f4xx_it.c.obj
                0x0800ad54                TIM3_IRQHandler
 .text.TIM4_IRQHandler
                0x0800ad68       0x14 CMakeFiles/MusicClock.elf.dir/Src/stm32f4xx_it.c.obj
                0x0800ad68                TIM4_IRQHandler
 .text.I2C1_EV_IRQHandler
                0x0800ad7c       0x14 CMakeFiles/MusicClock.elf.dir/Src/stm32f4xx_it.c.obj
                0x0800ad7c                I2C1_EV_IRQHandler
 .text.I2C1_ER_IRQHandler
                0x0800ad90       0x14 CMakeFiles/MusicClock.elf.dir/Src/stm32f4xx_it.c.obj
                0x0800ad90                I2C1_ER_IRQHandler
 .text.SPI1_IRQHandler
                0x0800ada4       0x14 CMakeFiles/MusicClock.elf.dir/Src/stm32f4xx_it.c.obj
                0x0800ada4                SPI1_IRQHandler
 .text.EXTI15_10_IRQHandler
                0x0800adb8       0x10 CMakeFiles/MusicClock.elf.dir/Src/stm32f4xx_it.c.obj
                0x0800adb8                EXTI15_10_IRQHandler
 .text.SystemInit
                0x0800adc8       0x5c CMakeFiles/MusicClock.elf.dir/Src/system_stm32f4xx.c.obj
                0x0800adc8                SystemInit
 .text.Reset_Handler
                0x0800ae24       0x50 CMakeFiles/MusicClock.elf.dir/startup/startup_stm32f407xx.s.obj
                0x0800ae24                Reset_Handler
 .text.Default_Handler
                0x0800ae74        0x2 CMakeFiles/MusicClock.elf.dir/startup/startup_stm32f407xx.s.obj
                0x0800ae74                RTC_Alarm_IRQHandler
                0x0800ae74                HASH_RNG_IRQHandler
                0x0800ae74                TIM8_CC_IRQHandler
                0x0800ae74                TIM1_CC_IRQHandler
                0x0800ae74                DMA2_Stream5_IRQHandler
                0x0800ae74                PVD_IRQHandler
                0x0800ae74                SDIO_IRQHandler
                0x0800ae74                TAMP_STAMP_IRQHandler
                0x0800ae74                CAN2_RX1_IRQHandler
                0x0800ae74                EXTI3_IRQHandler
                0x0800ae74                TIM8_TRG_COM_TIM14_IRQHandler
                0x0800ae74                TIM1_UP_TIM10_IRQHandler
                0x0800ae74                TIM8_UP_TIM13_IRQHandler
                0x0800ae74                I2C3_ER_IRQHandler
                0x0800ae74                I2C2_EV_IRQHandler
                0x0800ae74                DMA1_Stream2_IRQHandler
                0x0800ae74                CAN1_RX0_IRQHandler
                0x0800ae74                FPU_IRQHandler
                0x0800ae74                OTG_HS_WKUP_IRQHandler
                0x0800ae74                CAN2_SCE_IRQHandler
                0x0800ae74                DMA2_Stream2_IRQHandler
                0x0800ae74                TIM6_DAC_IRQHandler
                0x0800ae74                TIM1_BRK_TIM9_IRQHandler
                0x0800ae74                DCMI_IRQHandler
                0x0800ae74                CAN2_RX0_IRQHandler
                0x0800ae74                DMA2_Stream3_IRQHandler
                0x0800ae74                USART6_IRQHandler
                0x0800ae74                USART3_IRQHandler
                0x0800ae74                CAN1_RX1_IRQHandler
                0x0800ae74                UART5_IRQHandler
                0x0800ae74                DMA2_Stream0_IRQHandler
                0x0800ae74                DMA1_Stream6_IRQHandler
                0x0800ae74                DMA1_Stream1_IRQHandler
                0x0800ae74                UART4_IRQHandler
                0x0800ae74                RCC_IRQHandler
                0x0800ae74                TIM8_BRK_TIM12_IRQHandler
                0x0800ae74                Default_Handler
                0x0800ae74                ADC_IRQHandler
                0x0800ae74                DMA1_Stream7_IRQHandler
                0x0800ae74                TIM7_IRQHandler
                0x0800ae74                CAN2_TX_IRQHandler
                0x0800ae74                TIM5_IRQHandler
                0x0800ae74                DMA2_Stream7_IRQHandler
                0x0800ae74                I2C3_EV_IRQHandler
                0x0800ae74                RTC_WKUP_IRQHandler
                0x0800ae74                ETH_WKUP_IRQHandler
                0x0800ae74                SPI2_IRQHandler
                0x0800ae74                OTG_HS_EP1_IN_IRQHandler
                0x0800ae74                DMA1_Stream0_IRQHandler
                0x0800ae74                CAN1_TX_IRQHandler
                0x0800ae74                EXTI4_IRQHandler
                0x0800ae74                FSMC_IRQHandler
                0x0800ae74                ETH_IRQHandler
                0x0800ae74                OTG_HS_EP1_OUT_IRQHandler
                0x0800ae74                WWDG_IRQHandler
                0x0800ae74                OTG_FS_WKUP_IRQHandler
                0x0800ae74                TIM1_TRG_COM_TIM11_IRQHandler
                0x0800ae74                OTG_HS_IRQHandler
                0x0800ae74                USART2_IRQHandler
                0x0800ae74                I2C2_ER_IRQHandler
                0x0800ae74                DMA2_Stream1_IRQHandler
                0x0800ae74                CAN1_SCE_IRQHandler
                0x0800ae74                FLASH_IRQHandler
                0x0800ae74                DMA2_Stream4_IRQHandler
                0x0800ae74                USART1_IRQHandler
                0x0800ae74                OTG_FS_IRQHandler
                0x0800ae74                SPI3_IRQHandler
                0x0800ae74                DMA1_Stream4_IRQHandler
                0x0800ae74                DMA2_Stream6_IRQHandler
                0x0800ae74                DMA1_Stream3_IRQHandler
 *fill*         0x0800ae76        0x2 
 .text.__libc_init_array
                0x0800ae78       0x48 c:/progra~2/gnu tools arm embedded/7 2018-q2-update/bin/../lib/gcc/arm-none-eabi/7.3.1/../../../../arm-none-eabi/lib/thumb/v7e-m\libg_nano.a(lib_a-init.o)
                0x0800ae78                __libc_init_array
 .text.memcpy   0x0800aec0       0x16 c:/progra~2/gnu tools arm embedded/7 2018-q2-update/bin/../lib/gcc/arm-none-eabi/7.3.1/../../../../arm-none-eabi/lib/thumb/v7e-m\libg_nano.a(lib_a-memcpy-stub.o)
                0x0800aec0                memcpy
 .text.memset   0x0800aed6       0x10 c:/progra~2/gnu tools arm embedded/7 2018-q2-update/bin/../lib/gcc/arm-none-eabi/7.3.1/../../../../arm-none-eabi/lib/thumb/v7e-m\libg_nano.a(lib_a-memset.o)
                0x0800aed6                memset
 .text.strcpy   0x0800aee6       0x10 c:/progra~2/gnu tools arm embedded/7 2018-q2-update/bin/../lib/gcc/arm-none-eabi/7.3.1/../../../../arm-none-eabi/lib/thumb/v7e-m\libg_nano.a(lib_a-strcpy.o)
                0x0800aee6                strcpy
 .text.strstr   0x0800aef6       0x34 c:/progra~2/gnu tools arm embedded/7 2018-q2-update/bin/../lib/gcc/arm-none-eabi/7.3.1/../../../../arm-none-eabi/lib/thumb/v7e-m\libg_nano.a(lib_a-strstr.o)
                0x0800aef6                strstr
 *(.glue_7)
 .glue_7        0x0800af2a        0x0 linker stubs
 *(.glue_7t)
 .glue_7t       0x0800af2a        0x0 linker stubs
 *(.eh_frame)
 *fill*         0x0800af2a        0x2 
 .eh_frame      0x0800af2c        0x0 c:/progra~2/gnu tools arm embedded/7 2018-q2-update/bin/../lib/gcc/arm-none-eabi/7.3.1/thumb/v7e-m/crtbegin.o
 *(.init)
 .init          0x0800af2c        0x4 c:/progra~2/gnu tools arm embedded/7 2018-q2-update/bin/../lib/gcc/arm-none-eabi/7.3.1/thumb/v7e-m/crti.o
                0x0800af2c                _init
 .init          0x0800af30        0x8 c:/progra~2/gnu tools arm embedded/7 2018-q2-update/bin/../lib/gcc/arm-none-eabi/7.3.1/thumb/v7e-m/crtn.o
 *(.fini)
 .fini          0x0800af38        0x4 c:/progra~2/gnu tools arm embedded/7 2018-q2-update/bin/../lib/gcc/arm-none-eabi/7.3.1/thumb/v7e-m/crti.o
                0x0800af38                _fini
 .fini          0x0800af3c        0x8 c:/progra~2/gnu tools arm embedded/7 2018-q2-update/bin/../lib/gcc/arm-none-eabi/7.3.1/thumb/v7e-m/crtn.o
                0x0800af44                . = ALIGN (0x4)
                0x0800af44                _etext = .

.vfp11_veneer   0x0800af44        0x0
 .vfp11_veneer  0x0800af44        0x0 linker stubs

.v4_bx          0x0800af44        0x0
 .v4_bx         0x0800af44        0x0 linker stubs

.iplt           0x0800af44        0x0
 .iplt          0x0800af44        0x0 c:/progra~2/gnu tools arm embedded/7 2018-q2-update/bin/../lib/gcc/arm-none-eabi/7.3.1/thumb/v7e-m/crtbegin.o

.rodata         0x0800af44       0x4c
                0x0800af44                . = ALIGN (0x4)
 *(.rodata)
 .rodata        0x0800af44       0x1a CMakeFiles/MusicClock.elf.dir/Src/ff.c.obj
 *fill*         0x0800af5e        0x2 
 .rodata        0x0800af60        0x1 CMakeFiles/MusicClock.elf.dir/Src/main.c.obj
 *fill*         0x0800af61        0x3 
 .rodata        0x0800af64        0x9 CMakeFiles/MusicClock.elf.dir/Src/music.c.obj
 *(.rodata*)
 *fill*         0x0800af6d        0x3 
 .rodata.flagBitshiftOffset.7196
                0x0800af70        0x8 CMakeFiles/MusicClock.elf.dir/Drivers/STM32F4xx_HAL_Driver/Src/stm32f4xx_hal_dma.c.obj
 .rodata.AHBPrescTable
                0x0800af78       0x10 CMakeFiles/MusicClock.elf.dir/Src/system_stm32f4xx.c.obj
                0x0800af78                AHBPrescTable
 .rodata.APBPrescTable
                0x0800af88        0x8 CMakeFiles/MusicClock.elf.dir/Src/system_stm32f4xx.c.obj
                0x0800af88                APBPrescTable
                0x0800af90                . = ALIGN (0x4)

.ARM.extab
 *(.ARM.extab* .gnu.linkonce.armextab.*)

.ARM            0x0800af90        0x8
                0x0800af90                __exidx_start = .
 *(.ARM.exidx*)
 .ARM.exidx     0x0800af90        0x8 c:/progra~2/gnu tools arm embedded/7 2018-q2-update/bin/../lib/gcc/arm-none-eabi/7.3.1/thumb/v7e-m\libgcc.a(_udivmoddi4.o)
                0x0800af98                __exidx_end = .

.rel.dyn        0x0800af98        0x0
 .rel.iplt      0x0800af98        0x0 c:/progra~2/gnu tools arm embedded/7 2018-q2-update/bin/../lib/gcc/arm-none-eabi/7.3.1/thumb/v7e-m/crtbegin.o

.preinit_array  0x0800af98        0x0
                0x0800af98                PROVIDE (__preinit_array_start = .)
 *(.preinit_array*)
                0x0800af98                PROVIDE (__preinit_array_end = .)

.init_array     0x0800af98        0x4
                0x0800af98                PROVIDE (__init_array_start = .)
 *(SORT_BY_NAME(.init_array.*))
 *(.init_array*)
 .init_array    0x0800af98        0x4 c:/progra~2/gnu tools arm embedded/7 2018-q2-update/bin/../lib/gcc/arm-none-eabi/7.3.1/thumb/v7e-m/crtbegin.o
                0x0800af9c                PROVIDE (__init_array_end = .)

.fini_array     0x0800af9c        0x4
                [!provide]                PROVIDE (__fini_array_start = .)
 *(SORT_BY_NAME(.fini_array.*))
 *(.fini_array*)
 .fini_array    0x0800af9c        0x4 c:/progra~2/gnu tools arm embedded/7 2018-q2-update/bin/../lib/gcc/arm-none-eabi/7.3.1/thumb/v7e-m/crtbegin.o
                [!provide]                PROVIDE (__fini_array_end = .)
                0x0800afa0                _sidata = LOADADDR (.data)

.data           0x20000000       0x14 load address 0x0800afa0
                0x20000000                . = ALIGN (0x4)
                0x20000000                _sdata = .
 *(.data)
 *(.data*)
 .data.uwTickPrio
                0x20000000        0x4 CMakeFiles/MusicClock.elf.dir/Drivers/STM32F4xx_HAL_Driver/Src/stm32f4xx_hal.c.obj
                0x20000000                uwTickPrio
 .data.uwTickFreq
                0x20000004        0x1 CMakeFiles/MusicClock.elf.dir/Drivers/STM32F4xx_HAL_Driver/Src/stm32f4xx_hal.c.obj
                0x20000004                uwTickFreq
 .data.Stat     0x20000005        0x1 CMakeFiles/MusicClock.elf.dir/Src/diskio.c.obj
 *fill*         0x20000006        0x2 
 .data.displayCounter
                0x20000008        0x4 CMakeFiles/MusicClock.elf.dir/Src/display.c.obj
                0x20000008                displayCounter
 .data.temp_flag
                0x2000000c        0x4 CMakeFiles/MusicClock.elf.dir/Src/display.c.obj
                0x2000000c                temp_flag
 .data.SystemCoreClock
                0x20000010        0x4 CMakeFiles/MusicClock.elf.dir/Src/system_stm32f4xx.c.obj
                0x20000010                SystemCoreClock
                0x20000014                . = ALIGN (0x4)
                0x20000014                _edata = .
                0x0800afb4                _siccmram = LOADADDR (.ccmram)

.igot.plt       0x20000014        0x0 load address 0x0800afb4
 .igot.plt      0x20000014        0x0 c:/progra~2/gnu tools arm embedded/7 2018-q2-update/bin/../lib/gcc/arm-none-eabi/7.3.1/thumb/v7e-m/crtbegin.o

.ccmram         0x10000000        0x0 load address 0x0800afb4
                0x10000000                . = ALIGN (0x4)
                0x10000000                _sccmram = .
 *(.ccmram)
 *(.ccmram*)
                0x10000000                . = ALIGN (0x4)
                0x10000000                _eccmram = .
                0x10000000                . = ALIGN (0x4)

.bss            0x20000014      0xde0
                0x20000014                _sbss = .
                0x20000014                __bss_start__ = _sbss
 *(.bss)
 .bss           0x20000014       0x1c c:/progra~2/gnu tools arm embedded/7 2018-q2-update/bin/../lib/gcc/arm-none-eabi/7.3.1/thumb/v7e-m/crtbegin.o
 *(.bss*)
 .bss.uwTick    0x20000030        0x4 CMakeFiles/MusicClock.elf.dir/Drivers/STM32F4xx_HAL_Driver/Src/stm32f4xx_hal.c.obj
                0x20000030                uwTick
 .bss.iData     0x20000034        0x2 CMakeFiles/MusicClock.elf.dir/Src/MY_CS43L22.c.obj
 *fill*         0x20000036        0x2 
 .bss.i2cx      0x20000038       0x54 CMakeFiles/MusicClock.elf.dir/Src/MY_CS43L22.c.obj
 .bss.Timer1    0x2000008c        0x1 CMakeFiles/MusicClock.elf.dir/Src/diskio.c.obj
 .bss.Timer2    0x2000008d        0x1 CMakeFiles/MusicClock.elf.dir/Src/diskio.c.obj
 .bss.CardType  0x2000008e        0x1 CMakeFiles/MusicClock.elf.dir/Src/diskio.c.obj
 .bss.PowerFlag
                0x2000008f        0x1 CMakeFiles/MusicClock.elf.dir/Src/diskio.c.obj
 .bss.sec       0x20000090        0x1 CMakeFiles/MusicClock.elf.dir/Src/display.c.obj
 *fill*         0x20000091        0x3 
 .bss.data_RTC  0x20000094        0xb CMakeFiles/MusicClock.elf.dir/Src/display.c.obj
 *fill*         0x2000009f        0x1 
 .bss.state     0x200000a0        0x4 CMakeFiles/MusicClock.elf.dir/Src/display.c.obj
                0x200000a0                state
 .bss.displayState
                0x200000a4        0x4 CMakeFiles/MusicClock.elf.dir/Src/display.c.obj
                0x200000a4                displayState
 .bss.godzina   0x200000a8        0x4 CMakeFiles/MusicClock.elf.dir/Src/display.c.obj
                0x200000a8                godzina
 .bss.minuta    0x200000ac        0x4 CMakeFiles/MusicClock.elf.dir/Src/display.c.obj
                0x200000ac                minuta
 .bss.timerValue
                0x200000b0        0x4 CMakeFiles/MusicClock.elf.dir/Src/display.c.obj
                0x200000b0                timerValue
 .bss.flash     0x200000b4        0x4 CMakeFiles/MusicClock.elf.dir/Src/display.c.obj
                0x200000b4                flash
 .bss.agodzina  0x200000b8        0x4 CMakeFiles/MusicClock.elf.dir/Src/display.c.obj
                0x200000b8                agodzina
 .bss.aminuta   0x200000bc        0x4 CMakeFiles/MusicClock.elf.dir/Src/display.c.obj
                0x200000bc                aminuta
 .bss.ifalarm   0x200000c0        0x4 CMakeFiles/MusicClock.elf.dir/Src/display.c.obj
                0x200000c0                ifalarm
 .bss.FatFs     0x200000c4        0x4 CMakeFiles/MusicClock.elf.dir/Src/ff.c.obj
 .bss.Fsid      0x200000c8        0x2 CMakeFiles/MusicClock.elf.dir/Src/ff.c.obj
 *fill*         0x200000ca        0x2 
 .bss.option    0x200000cc        0x4 CMakeFiles/MusicClock.elf.dir/Src/main.c.obj
 .bss.sample_N  0x200000d0        0x2 CMakeFiles/MusicClock.elf.dir/Src/main.c.obj
 .bss.currentFile
                0x200000d2        0x2 CMakeFiles/MusicClock.elf.dir/Src/main.c.obj
 .bss.FatFs     0x200000d4      0x230 CMakeFiles/MusicClock.elf.dir/Src/main.c.obj
 .bss.fresult   0x20000304        0x1 CMakeFiles/MusicClock.elf.dir/Src/main.c.obj
 *fill*         0x20000305        0x3 
 .bss.fileNames
                0x20000308      0x340 CMakeFiles/MusicClock.elf.dir/Src/main.c.obj
 .bss.currentFileName
                0x20000648        0xd CMakeFiles/MusicClock.elf.dir/Src/main.c.obj
 *fill*         0x20000655        0x3 
 .bss.hi2c1     0x20000658       0x54 CMakeFiles/MusicClock.elf.dir/Src/main.c.obj
                0x20000658                hi2c1
 .bss.hi2s3     0x200006ac       0x48 CMakeFiles/MusicClock.elf.dir/Src/main.c.obj
                0x200006ac                hi2s3
 .bss.hdma_spi3_tx
                0x200006f4       0x60 CMakeFiles/MusicClock.elf.dir/Src/main.c.obj
                0x200006f4                hdma_spi3_tx
 .bss.hspi1     0x20000754       0x58 CMakeFiles/MusicClock.elf.dir/Src/main.c.obj
                0x20000754                hspi1
 .bss.htim2     0x200007ac       0x40 CMakeFiles/MusicClock.elf.dir/Src/main.c.obj
                0x200007ac                htim2
 .bss.htim3     0x200007ec       0x40 CMakeFiles/MusicClock.elf.dir/Src/main.c.obj
                0x200007ec                htim3
 .bss.htim4     0x2000082c       0x40 CMakeFiles/MusicClock.elf.dir/Src/main.c.obj
                0x2000082c                htim4
 .bss.sample_dt
                0x2000086c        0x4 CMakeFiles/MusicClock.elf.dir/Src/main.c.obj
                0x2000086c                sample_dt
 .bss.currentFile
                0x20000870        0x2 CMakeFiles/MusicClock.elf.dir/Src/music.c.obj
 .bss.fresult   0x20000872        0x1 CMakeFiles/MusicClock.elf.dir/Src/music.c.obj
 *fill*         0x20000873        0x1 
 .bss.file      0x20000874      0x228 CMakeFiles/MusicClock.elf.dir/Src/music.c.obj
 .bss.bytes_read
                0x20000a9c        0x4 CMakeFiles/MusicClock.elf.dir/Src/music.c.obj
 .bss.fileNames
                0x20000aa0      0x340 CMakeFiles/MusicClock.elf.dir/Src/music.c.obj
 .bss.currentFileName
                0x20000de0        0xd CMakeFiles/MusicClock.elf.dir/Src/music.c.obj
 .bss.audioBuffer8
                0x20000ded        0x1 CMakeFiles/MusicClock.elf.dir/Src/music.c.obj
 .bss.audioBuffer16
                0x20000dee        0x2 CMakeFiles/MusicClock.elf.dir/Src/music.c.obj
 .bss.fileNamesSize
                0x20000df0        0x2 CMakeFiles/MusicClock.elf.dir/Src/music.c.obj
 *(COMMON)
                0x20000df4                . = ALIGN (0x4)
 *fill*         0x20000df2        0x2 
                0x20000df4                _ebss = .
                0x20000df4                __bss_end__ = _ebss

._user_heap_stack
                0x20000df4      0x604
                0x20000df8                . = ALIGN (0x8)
 *fill*         0x20000df4        0x4 
                0x20000df8                PROVIDE (end = .)
                [!provide]                PROVIDE (_end = .)
                0x20000ff8                . = (. + _Min_Heap_Size)
 *fill*         0x20000df8      0x200 
                0x200013f8                . = (. + _Min_Stack_Size)
 *fill*         0x20000ff8      0x400 
                0x200013f8                . = ALIGN (0x8)

/DISCARD/
 libc.a(*)
 libm.a(*)
 libgcc.a(*)

.ARM.attributes
                0x00000000       0x2a
 *(.ARM.attributes)
 .ARM.attributes
                0x00000000       0x1e c:/progra~2/gnu tools arm embedded/7 2018-q2-update/bin/../lib/gcc/arm-none-eabi/7.3.1/thumb/v7e-m/crti.o
 .ARM.attributes
                0x0000001e       0x2e c:/progra~2/gnu tools arm embedded/7 2018-q2-update/bin/../lib/gcc/arm-none-eabi/7.3.1/thumb/v7e-m/crtbegin.o
 .ARM.attributes
                0x0000004c       0x33 CMakeFiles/MusicClock.elf.dir/Drivers/STM32F4xx_HAL_Driver/Src/stm32f4xx_hal.c.obj
 .ARM.attributes
                0x0000007f       0x33 CMakeFiles/MusicClock.elf.dir/Drivers/STM32F4xx_HAL_Driver/Src/stm32f4xx_hal_cortex.c.obj
 .ARM.attributes
                0x000000b2       0x33 CMakeFiles/MusicClock.elf.dir/Drivers/STM32F4xx_HAL_Driver/Src/stm32f4xx_hal_dma.c.obj
 .ARM.attributes
                0x000000e5       0x33 CMakeFiles/MusicClock.elf.dir/Drivers/STM32F4xx_HAL_Driver/Src/stm32f4xx_hal_gpio.c.obj
 .ARM.attributes
                0x00000118       0x33 CMakeFiles/MusicClock.elf.dir/Drivers/STM32F4xx_HAL_Driver/Src/stm32f4xx_hal_i2c.c.obj
 .ARM.attributes
                0x0000014b       0x33 CMakeFiles/MusicClock.elf.dir/Drivers/STM32F4xx_HAL_Driver/Src/stm32f4xx_hal_i2s.c.obj
 .ARM.attributes
                0x0000017e       0x33 CMakeFiles/MusicClock.elf.dir/Drivers/STM32F4xx_HAL_Driver/Src/stm32f4xx_hal_i2s_ex.c.obj
 .ARM.attributes
                0x000001b1       0x33 CMakeFiles/MusicClock.elf.dir/Drivers/STM32F4xx_HAL_Driver/Src/stm32f4xx_hal_rcc.c.obj
 .ARM.attributes
                0x000001e4       0x33 CMakeFiles/MusicClock.elf.dir/Drivers/STM32F4xx_HAL_Driver/Src/stm32f4xx_hal_rcc_ex.c.obj
 .ARM.attributes
                0x00000217       0x33 CMakeFiles/MusicClock.elf.dir/Drivers/STM32F4xx_HAL_Driver/Src/stm32f4xx_hal_spi.c.obj
 .ARM.attributes
                0x0000024a       0x33 CMakeFiles/MusicClock.elf.dir/Drivers/STM32F4xx_HAL_Driver/Src/stm32f4xx_hal_tim.c.obj
 .ARM.attributes
                0x0000027d       0x33 CMakeFiles/MusicClock.elf.dir/Drivers/STM32F4xx_HAL_Driver/Src/stm32f4xx_hal_tim_ex.c.obj
 .ARM.attributes
                0x000002b0       0x33 CMakeFiles/MusicClock.elf.dir/Src/MY_CS43L22.c.obj
 .ARM.attributes
                0x000002e3       0x33 CMakeFiles/MusicClock.elf.dir/Src/diskio.c.obj
 .ARM.attributes
                0x00000316       0x33 CMakeFiles/MusicClock.elf.dir/Src/display.c.obj
 .ARM.attributes
                0x00000349       0x33 CMakeFiles/MusicClock.elf.dir/Src/ff.c.obj
 .ARM.attributes
                0x0000037c       0x33 CMakeFiles/MusicClock.elf.dir/Src/main.c.obj
 .ARM.attributes
                0x000003af       0x33 CMakeFiles/MusicClock.elf.dir/Src/music.c.obj
 .ARM.attributes
                0x000003e2       0x33 CMakeFiles/MusicClock.elf.dir/Src/stm32f4xx_hal_msp.c.obj
 .ARM.attributes
                0x00000415       0x33 CMakeFiles/MusicClock.elf.dir/Src/stm32f4xx_it.c.obj
 .ARM.attributes
                0x00000448       0x33 CMakeFiles/MusicClock.elf.dir/Src/system_stm32f4xx.c.obj
 .ARM.attributes
                0x0000047b       0x21 CMakeFiles/MusicClock.elf.dir/startup/startup_stm32f407xx.s.obj
 .ARM.attributes
                0x0000049c       0x1e c:/progra~2/gnu tools arm embedded/7 2018-q2-update/bin/../lib/gcc/arm-none-eabi/7.3.1/thumb/v7e-m\libgcc.a(_aeabi_uldivmod.o)
 .ARM.attributes
                0x000004ba       0x2e c:/progra~2/gnu tools arm embedded/7 2018-q2-update/bin/../lib/gcc/arm-none-eabi/7.3.1/thumb/v7e-m\libgcc.a(_udivmoddi4.o)
 .ARM.attributes
                0x000004e8       0x1e c:/progra~2/gnu tools arm embedded/7 2018-q2-update/bin/../lib/gcc/arm-none-eabi/7.3.1/thumb/v7e-m\libgcc.a(_dvmd_tls.o)
 .ARM.attributes
                0x00000506       0x2e c:/progra~2/gnu tools arm embedded/7 2018-q2-update/bin/../lib/gcc/arm-none-eabi/7.3.1/../../../../arm-none-eabi/lib/thumb/v7e-m\libg_nano.a(lib_a-init.o)
 .ARM.attributes
                0x00000534       0x2e c:/progra~2/gnu tools arm embedded/7 2018-q2-update/bin/../lib/gcc/arm-none-eabi/7.3.1/../../../../arm-none-eabi/lib/thumb/v7e-m\libg_nano.a(lib_a-memcpy-stub.o)
 .ARM.attributes
                0x00000562       0x2e c:/progra~2/gnu tools arm embedded/7 2018-q2-update/bin/../lib/gcc/arm-none-eabi/7.3.1/../../../../arm-none-eabi/lib/thumb/v7e-m\libg_nano.a(lib_a-memset.o)
 .ARM.attributes
                0x00000590       0x2e c:/progra~2/gnu tools arm embedded/7 2018-q2-update/bin/../lib/gcc/arm-none-eabi/7.3.1/../../../../arm-none-eabi/lib/thumb/v7e-m\libg_nano.a(lib_a-strcpy.o)
 .ARM.attributes
                0x000005be       0x2e c:/progra~2/gnu tools arm embedded/7 2018-q2-update/bin/../lib/gcc/arm-none-eabi/7.3.1/../../../../arm-none-eabi/lib/thumb/v7e-m\libg_nano.a(lib_a-strstr.o)
 .ARM.attributes
                0x000005ec       0x1e c:/progra~2/gnu tools arm embedded/7 2018-q2-update/bin/../lib/gcc/arm-none-eabi/7.3.1/thumb/v7e-m/crtn.o
OUTPUT(MusicClock.elf elf32-littlearm)

.debug_info     0x00000000    0x17079
 .debug_info    0x00000000      0x916 CMakeFiles/MusicClock.elf.dir/Drivers/STM32F4xx_HAL_Driver/Src/stm32f4xx_hal.c.obj
 .debug_info    0x00000916      0xdcb CMakeFiles/MusicClock.elf.dir/Drivers/STM32F4xx_HAL_Driver/Src/stm32f4xx_hal_cortex.c.obj
 .debug_info    0x000016e1      0x90b CMakeFiles/MusicClock.elf.dir/Drivers/STM32F4xx_HAL_Driver/Src/stm32f4xx_hal_dma.c.obj
 .debug_info    0x00001fec      0x758 CMakeFiles/MusicClock.elf.dir/Drivers/STM32F4xx_HAL_Driver/Src/stm32f4xx_hal_gpio.c.obj
 .debug_info    0x00002744     0x2314 CMakeFiles/MusicClock.elf.dir/Drivers/STM32F4xx_HAL_Driver/Src/stm32f4xx_hal_i2c.c.obj
 .debug_info    0x00004a58      0xd82 CMakeFiles/MusicClock.elf.dir/Drivers/STM32F4xx_HAL_Driver/Src/stm32f4xx_hal_i2s.c.obj
 .debug_info    0x000057da      0xb19 CMakeFiles/MusicClock.elf.dir/Drivers/STM32F4xx_HAL_Driver/Src/stm32f4xx_hal_i2s_ex.c.obj
 .debug_info    0x000062f3      0x899 CMakeFiles/MusicClock.elf.dir/Drivers/STM32F4xx_HAL_Driver/Src/stm32f4xx_hal_rcc.c.obj
 .debug_info    0x00006b8c      0x551 CMakeFiles/MusicClock.elf.dir/Drivers/STM32F4xx_HAL_Driver/Src/stm32f4xx_hal_rcc_ex.c.obj
 .debug_info    0x000070dd     0x15dd CMakeFiles/MusicClock.elf.dir/Drivers/STM32F4xx_HAL_Driver/Src/stm32f4xx_hal_spi.c.obj
 .debug_info    0x000086ba     0x244b CMakeFiles/MusicClock.elf.dir/Drivers/STM32F4xx_HAL_Driver/Src/stm32f4xx_hal_tim.c.obj
 .debug_info    0x0000ab05     0x10fa CMakeFiles/MusicClock.elf.dir/Drivers/STM32F4xx_HAL_Driver/Src/stm32f4xx_hal_tim_ex.c.obj
 .debug_info    0x0000bbff      0xa84 CMakeFiles/MusicClock.elf.dir/Src/MY_CS43L22.c.obj
 .debug_info    0x0000c683      0xb3d CMakeFiles/MusicClock.elf.dir/Src/diskio.c.obj
 .debug_info    0x0000d1c0     0x1d40 CMakeFiles/MusicClock.elf.dir/Src/display.c.obj
 .debug_info    0x0000ef00     0x197f CMakeFiles/MusicClock.elf.dir/Src/ff.c.obj
 .debug_info    0x0001087f     0x2376 CMakeFiles/MusicClock.elf.dir/Src/main.c.obj
 .debug_info    0x00012bf5     0x1638 CMakeFiles/MusicClock.elf.dir/Src/music.c.obj
 .debug_info    0x0001422d     0x1422 CMakeFiles/MusicClock.elf.dir/Src/stm32f4xx_hal_msp.c.obj
 .debug_info    0x0001564f     0x1511 CMakeFiles/MusicClock.elf.dir/Src/stm32f4xx_it.c.obj
 .debug_info    0x00016b60      0x4f7 CMakeFiles/MusicClock.elf.dir/Src/system_stm32f4xx.c.obj
 .debug_info    0x00017057       0x22 CMakeFiles/MusicClock.elf.dir/startup/startup_stm32f407xx.s.obj

.debug_abbrev   0x00000000     0x2beb
 .debug_abbrev  0x00000000      0x1c8 CMakeFiles/MusicClock.elf.dir/Drivers/STM32F4xx_HAL_Driver/Src/stm32f4xx_hal.c.obj
 .debug_abbrev  0x000001c8      0x2f7 CMakeFiles/MusicClock.elf.dir/Drivers/STM32F4xx_HAL_Driver/Src/stm32f4xx_hal_cortex.c.obj
 .debug_abbrev  0x000004bf      0x226 CMakeFiles/MusicClock.elf.dir/Drivers/STM32F4xx_HAL_Driver/Src/stm32f4xx_hal_dma.c.obj
 .debug_abbrev  0x000006e5      0x1c6 CMakeFiles/MusicClock.elf.dir/Drivers/STM32F4xx_HAL_Driver/Src/stm32f4xx_hal_gpio.c.obj
 .debug_abbrev  0x000008ab      0x251 CMakeFiles/MusicClock.elf.dir/Drivers/STM32F4xx_HAL_Driver/Src/stm32f4xx_hal_i2c.c.obj
 .debug_abbrev  0x00000afc      0x218 CMakeFiles/MusicClock.elf.dir/Drivers/STM32F4xx_HAL_Driver/Src/stm32f4xx_hal_i2s.c.obj
 .debug_abbrev  0x00000d14      0x243 CMakeFiles/MusicClock.elf.dir/Drivers/STM32F4xx_HAL_Driver/Src/stm32f4xx_hal_i2s_ex.c.obj
 .debug_abbrev  0x00000f57      0x242 CMakeFiles/MusicClock.elf.dir/Drivers/STM32F4xx_HAL_Driver/Src/stm32f4xx_hal_rcc.c.obj
 .debug_abbrev  0x00001199      0x170 CMakeFiles/MusicClock.elf.dir/Drivers/STM32F4xx_HAL_Driver/Src/stm32f4xx_hal_rcc_ex.c.obj
 .debug_abbrev  0x00001309      0x23d CMakeFiles/MusicClock.elf.dir/Drivers/STM32F4xx_HAL_Driver/Src/stm32f4xx_hal_spi.c.obj
 .debug_abbrev  0x00001546      0x22d CMakeFiles/MusicClock.elf.dir/Drivers/STM32F4xx_HAL_Driver/Src/stm32f4xx_hal_tim.c.obj
 .debug_abbrev  0x00001773      0x21b CMakeFiles/MusicClock.elf.dir/Drivers/STM32F4xx_HAL_Driver/Src/stm32f4xx_hal_tim_ex.c.obj
 .debug_abbrev  0x0000198e      0x1a3 CMakeFiles/MusicClock.elf.dir/Src/MY_CS43L22.c.obj
 .debug_abbrev  0x00001b31      0x292 CMakeFiles/MusicClock.elf.dir/Src/diskio.c.obj
 .debug_abbrev  0x00001dc3      0x26f CMakeFiles/MusicClock.elf.dir/Src/display.c.obj
 .debug_abbrev  0x00002032      0x1ae CMakeFiles/MusicClock.elf.dir/Src/ff.c.obj
 .debug_abbrev  0x000021e0      0x2ca CMakeFiles/MusicClock.elf.dir/Src/main.c.obj
 .debug_abbrev  0x000024aa      0x248 CMakeFiles/MusicClock.elf.dir/Src/music.c.obj
 .debug_abbrev  0x000026f2      0x1db CMakeFiles/MusicClock.elf.dir/Src/stm32f4xx_hal_msp.c.obj
 .debug_abbrev  0x000028cd      0x1fe CMakeFiles/MusicClock.elf.dir/Src/stm32f4xx_it.c.obj
 .debug_abbrev  0x00002acb      0x10e CMakeFiles/MusicClock.elf.dir/Src/system_stm32f4xx.c.obj
 .debug_abbrev  0x00002bd9       0x12 CMakeFiles/MusicClock.elf.dir/startup/startup_stm32f407xx.s.obj

.debug_aranges  0x00000000     0x13c0
 .debug_aranges
                0x00000000       0xf0 CMakeFiles/MusicClock.elf.dir/Drivers/STM32F4xx_HAL_Driver/Src/stm32f4xx_hal.c.obj
 .debug_aranges
                0x000000f0      0x118 CMakeFiles/MusicClock.elf.dir/Drivers/STM32F4xx_HAL_Driver/Src/stm32f4xx_hal_cortex.c.obj
 .debug_aranges
                0x00000208       0x90 CMakeFiles/MusicClock.elf.dir/Drivers/STM32F4xx_HAL_Driver/Src/stm32f4xx_hal_dma.c.obj
 .debug_aranges
                0x00000298       0x58 CMakeFiles/MusicClock.elf.dir/Drivers/STM32F4xx_HAL_Driver/Src/stm32f4xx_hal_gpio.c.obj
 .debug_aranges
                0x000002f0      0x290 CMakeFiles/MusicClock.elf.dir/Drivers/STM32F4xx_HAL_Driver/Src/stm32f4xx_hal_i2c.c.obj
 .debug_aranges
                0x00000580      0x108 CMakeFiles/MusicClock.elf.dir/Drivers/STM32F4xx_HAL_Driver/Src/stm32f4xx_hal_i2s.c.obj
 .debug_aranges
                0x00000688       0x88 CMakeFiles/MusicClock.elf.dir/Drivers/STM32F4xx_HAL_Driver/Src/stm32f4xx_hal_i2s_ex.c.obj
 .debug_aranges
                0x00000710       0x88 CMakeFiles/MusicClock.elf.dir/Drivers/STM32F4xx_HAL_Driver/Src/stm32f4xx_hal_rcc.c.obj
 .debug_aranges
                0x00000798       0x48 CMakeFiles/MusicClock.elf.dir/Drivers/STM32F4xx_HAL_Driver/Src/stm32f4xx_hal_rcc_ex.c.obj
 .debug_aranges
                0x000007e0      0x1d0 CMakeFiles/MusicClock.elf.dir/Drivers/STM32F4xx_HAL_Driver/Src/stm32f4xx_hal_spi.c.obj
 .debug_aranges
                0x000009b0      0x3a8 CMakeFiles/MusicClock.elf.dir/Drivers/STM32F4xx_HAL_Driver/Src/stm32f4xx_hal_tim.c.obj
 .debug_aranges
                0x00000d58      0x150 CMakeFiles/MusicClock.elf.dir/Drivers/STM32F4xx_HAL_Driver/Src/stm32f4xx_hal_tim_ex.c.obj
 .debug_aranges
                0x00000ea8       0x50 CMakeFiles/MusicClock.elf.dir/Src/MY_CS43L22.c.obj
 .debug_aranges
                0x00000ef8       0xb8 CMakeFiles/MusicClock.elf.dir/Src/diskio.c.obj
 .debug_aranges
                0x00000fb0       0x48 CMakeFiles/MusicClock.elf.dir/Src/display.c.obj
 .debug_aranges
                0x00000ff8      0x1b0 CMakeFiles/MusicClock.elf.dir/Src/ff.c.obj
 .debug_aranges
                0x000011a8       0x70 CMakeFiles/MusicClock.elf.dir/Src/main.c.obj
 .debug_aranges
                0x00001218       0x38 CMakeFiles/MusicClock.elf.dir/Src/music.c.obj
 .debug_aranges
                0x00001250       0x60 CMakeFiles/MusicClock.elf.dir/Src/stm32f4xx_hal_msp.c.obj
 .debug_aranges
                0x000012b0       0xc0 CMakeFiles/MusicClock.elf.dir/Src/stm32f4xx_it.c.obj
 .debug_aranges
                0x00001370       0x28 CMakeFiles/MusicClock.elf.dir/Src/system_stm32f4xx.c.obj
 .debug_aranges
                0x00001398       0x28 CMakeFiles/MusicClock.elf.dir/startup/startup_stm32f407xx.s.obj

.debug_ranges   0x00000000     0x1288
 .debug_ranges  0x00000000       0xe0 CMakeFiles/MusicClock.elf.dir/Drivers/STM32F4xx_HAL_Driver/Src/stm32f4xx_hal.c.obj
 .debug_ranges  0x000000e0      0x108 CMakeFiles/MusicClock.elf.dir/Drivers/STM32F4xx_HAL_Driver/Src/stm32f4xx_hal_cortex.c.obj
 .debug_ranges  0x000001e8       0x80 CMakeFiles/MusicClock.elf.dir/Drivers/STM32F4xx_HAL_Driver/Src/stm32f4xx_hal_dma.c.obj
 .debug_ranges  0x00000268       0x48 CMakeFiles/MusicClock.elf.dir/Drivers/STM32F4xx_HAL_Driver/Src/stm32f4xx_hal_gpio.c.obj
 .debug_ranges  0x000002b0      0x2a0 CMakeFiles/MusicClock.elf.dir/Drivers/STM32F4xx_HAL_Driver/Src/stm32f4xx_hal_i2c.c.obj
 .debug_ranges  0x00000550       0xf8 CMakeFiles/MusicClock.elf.dir/Drivers/STM32F4xx_HAL_Driver/Src/stm32f4xx_hal_i2s.c.obj
 .debug_ranges  0x00000648       0x78 CMakeFiles/MusicClock.elf.dir/Drivers/STM32F4xx_HAL_Driver/Src/stm32f4xx_hal_i2s_ex.c.obj
 .debug_ranges  0x000006c0       0x78 CMakeFiles/MusicClock.elf.dir/Drivers/STM32F4xx_HAL_Driver/Src/stm32f4xx_hal_rcc.c.obj
 .debug_ranges  0x00000738       0x38 CMakeFiles/MusicClock.elf.dir/Drivers/STM32F4xx_HAL_Driver/Src/stm32f4xx_hal_rcc_ex.c.obj
 .debug_ranges  0x00000770      0x1c0 CMakeFiles/MusicClock.elf.dir/Drivers/STM32F4xx_HAL_Driver/Src/stm32f4xx_hal_spi.c.obj
 .debug_ranges  0x00000930      0x398 CMakeFiles/MusicClock.elf.dir/Drivers/STM32F4xx_HAL_Driver/Src/stm32f4xx_hal_tim.c.obj
 .debug_ranges  0x00000cc8      0x140 CMakeFiles/MusicClock.elf.dir/Drivers/STM32F4xx_HAL_Driver/Src/stm32f4xx_hal_tim_ex.c.obj
 .debug_ranges  0x00000e08       0x40 CMakeFiles/MusicClock.elf.dir/Src/MY_CS43L22.c.obj
 .debug_ranges  0x00000e48       0xa8 CMakeFiles/MusicClock.elf.dir/Src/diskio.c.obj
 .debug_ranges  0x00000ef0       0x38 CMakeFiles/MusicClock.elf.dir/Src/display.c.obj
 .debug_ranges  0x00000f28      0x1a0 CMakeFiles/MusicClock.elf.dir/Src/ff.c.obj
 .debug_ranges  0x000010c8       0x60 CMakeFiles/MusicClock.elf.dir/Src/main.c.obj
 .debug_ranges  0x00001128       0x28 CMakeFiles/MusicClock.elf.dir/Src/music.c.obj
 .debug_ranges  0x00001150       0x50 CMakeFiles/MusicClock.elf.dir/Src/stm32f4xx_hal_msp.c.obj
 .debug_ranges  0x000011a0       0xb0 CMakeFiles/MusicClock.elf.dir/Src/stm32f4xx_it.c.obj
 .debug_ranges  0x00001250       0x18 CMakeFiles/MusicClock.elf.dir/Src/system_stm32f4xx.c.obj
 .debug_ranges  0x00001268       0x20 CMakeFiles/MusicClock.elf.dir/startup/startup_stm32f407xx.s.obj

.debug_line     0x00000000     0xabf2
 .debug_line    0x00000000      0x4d4 CMakeFiles/MusicClock.elf.dir/Drivers/STM32F4xx_HAL_Driver/Src/stm32f4xx_hal.c.obj
 .debug_line    0x000004d4      0x5fa CMakeFiles/MusicClock.elf.dir/Drivers/STM32F4xx_HAL_Driver/Src/stm32f4xx_hal_cortex.c.obj
 .debug_line    0x00000ace      0x5aa CMakeFiles/MusicClock.elf.dir/Drivers/STM32F4xx_HAL_Driver/Src/stm32f4xx_hal_dma.c.obj
 .debug_line    0x00001078      0x4bb CMakeFiles/MusicClock.elf.dir/Drivers/STM32F4xx_HAL_Driver/Src/stm32f4xx_hal_gpio.c.obj
 .debug_line    0x00001533     0x16d2 CMakeFiles/MusicClock.elf.dir/Drivers/STM32F4xx_HAL_Driver/Src/stm32f4xx_hal_i2c.c.obj
 .debug_line    0x00002c05      0x8aa CMakeFiles/MusicClock.elf.dir/Drivers/STM32F4xx_HAL_Driver/Src/stm32f4xx_hal_i2s.c.obj
 .debug_line    0x000034af      0xabc CMakeFiles/MusicClock.elf.dir/Drivers/STM32F4xx_HAL_Driver/Src/stm32f4xx_hal_i2s_ex.c.obj
 .debug_line    0x00003f6b      0x551 CMakeFiles/MusicClock.elf.dir/Drivers/STM32F4xx_HAL_Driver/Src/stm32f4xx_hal_rcc.c.obj
 .debug_line    0x000044bc      0x3ff CMakeFiles/MusicClock.elf.dir/Drivers/STM32F4xx_HAL_Driver/Src/stm32f4xx_hal_rcc_ex.c.obj
 .debug_line    0x000048bb      0xca3 CMakeFiles/MusicClock.elf.dir/Drivers/STM32F4xx_HAL_Driver/Src/stm32f4xx_hal_spi.c.obj
 .debug_line    0x0000555e     0x1553 CMakeFiles/MusicClock.elf.dir/Drivers/STM32F4xx_HAL_Driver/Src/stm32f4xx_hal_tim.c.obj
 .debug_line    0x00006ab1      0x910 CMakeFiles/MusicClock.elf.dir/Drivers/STM32F4xx_HAL_Driver/Src/stm32f4xx_hal_tim_ex.c.obj
 .debug_line    0x000073c1      0x423 CMakeFiles/MusicClock.elf.dir/Src/MY_CS43L22.c.obj
 .debug_line    0x000077e4      0x663 CMakeFiles/MusicClock.elf.dir/Src/diskio.c.obj
 .debug_line    0x00007e47      0x672 CMakeFiles/MusicClock.elf.dir/Src/display.c.obj
 .debug_line    0x000084b9      0xfd0 CMakeFiles/MusicClock.elf.dir/Src/ff.c.obj
 .debug_line    0x00009489      0x60c CMakeFiles/MusicClock.elf.dir/Src/main.c.obj
 .debug_line    0x00009a95      0x497 CMakeFiles/MusicClock.elf.dir/Src/music.c.obj
 .debug_line    0x00009f2c      0x426 CMakeFiles/MusicClock.elf.dir/Src/stm32f4xx_hal_msp.c.obj
 .debug_line    0x0000a352      0x591 CMakeFiles/MusicClock.elf.dir/Src/stm32f4xx_it.c.obj
 .debug_line    0x0000a8e3      0x259 CMakeFiles/MusicClock.elf.dir/Src/system_stm32f4xx.c.obj
 .debug_line    0x0000ab3c       0xb6 CMakeFiles/MusicClock.elf.dir/startup/startup_stm32f407xx.s.obj

.debug_str      0x00000000     0x5c52
 .debug_str     0x00000000      0xb42 CMakeFiles/MusicClock.elf.dir/Drivers/STM32F4xx_HAL_Driver/Src/stm32f4xx_hal.c.obj
                                0xbab (size before relaxing)
 .debug_str     0x00000b42      0x524 CMakeFiles/MusicClock.elf.dir/Drivers/STM32F4xx_HAL_Driver/Src/stm32f4xx_hal_cortex.c.obj
                                0xcbb (size before relaxing)
 .debug_str     0x00001066      0x559 CMakeFiles/MusicClock.elf.dir/Drivers/STM32F4xx_HAL_Driver/Src/stm32f4xx_hal_dma.c.obj
                                0x7fb (size before relaxing)
 .debug_str     0x000015bf      0x20f CMakeFiles/MusicClock.elf.dir/Drivers/STM32F4xx_HAL_Driver/Src/stm32f4xx_hal_gpio.c.obj
                                0x581 (size before relaxing)
 .debug_str     0x000017ce      0xb16 CMakeFiles/MusicClock.elf.dir/Drivers/STM32F4xx_HAL_Driver/Src/stm32f4xx_hal_i2c.c.obj
                               0x1029 (size before relaxing)
 .debug_str     0x000022e4      0x450 CMakeFiles/MusicClock.elf.dir/Drivers/STM32F4xx_HAL_Driver/Src/stm32f4xx_hal_i2s.c.obj
                                0x99d (size before relaxing)
 .debug_str     0x00002734      0x228 CMakeFiles/MusicClock.elf.dir/Drivers/STM32F4xx_HAL_Driver/Src/stm32f4xx_hal_i2s_ex.c.obj
                                0x8f1 (size before relaxing)
 .debug_str     0x0000295c      0x315 CMakeFiles/MusicClock.elf.dir/Drivers/STM32F4xx_HAL_Driver/Src/stm32f4xx_hal_rcc.c.obj
                                0x72d (size before relaxing)
 .debug_str     0x00002c71      0x1b0 CMakeFiles/MusicClock.elf.dir/Drivers/STM32F4xx_HAL_Driver/Src/stm32f4xx_hal_rcc_ex.c.obj
                                0x534 (size before relaxing)
 .debug_str     0x00002e21      0x689 CMakeFiles/MusicClock.elf.dir/Drivers/STM32F4xx_HAL_Driver/Src/stm32f4xx_hal_spi.c.obj
                                0xc2e (size before relaxing)
 .debug_str     0x000034aa      0xff6 CMakeFiles/MusicClock.elf.dir/Drivers/STM32F4xx_HAL_Driver/Src/stm32f4xx_hal_tim.c.obj
                               0x150b (size before relaxing)
 .debug_str     0x000044a0      0x5b0 CMakeFiles/MusicClock.elf.dir/Drivers/STM32F4xx_HAL_Driver/Src/stm32f4xx_hal_tim_ex.c.obj
                                0xd0b (size before relaxing)
 .debug_str     0x00004a50      0x111 CMakeFiles/MusicClock.elf.dir/Src/MY_CS43L22.c.obj
                                0xa2b (size before relaxing)
 .debug_str     0x00004b61      0x1e6 CMakeFiles/MusicClock.elf.dir/Src/diskio.c.obj
                                0x851 (size before relaxing)
 .debug_str     0x00004d47      0x728 CMakeFiles/MusicClock.elf.dir/Src/display.c.obj
                               0x1475 (size before relaxing)
 .debug_str     0x0000546f      0x2f3 CMakeFiles/MusicClock.elf.dir/Src/ff.c.obj
                                0x725 (size before relaxing)
 .debug_str     0x00005762      0x175 CMakeFiles/MusicClock.elf.dir/Src/main.c.obj
                               0x1d3c (size before relaxing)
 .debug_str     0x000058d7       0x87 CMakeFiles/MusicClock.elf.dir/Src/music.c.obj
                                0xfeb (size before relaxing)
 .debug_str     0x0000595e       0x5c CMakeFiles/MusicClock.elf.dir/Src/stm32f4xx_hal_msp.c.obj
                               0x137d (size before relaxing)
 .debug_str     0x000059ba      0x1b6 CMakeFiles/MusicClock.elf.dir/Src/stm32f4xx_it.c.obj
                               0x10c2 (size before relaxing)
 .debug_str     0x00005b70       0x7c CMakeFiles/MusicClock.elf.dir/Src/system_stm32f4xx.c.obj
                                0x3e5 (size before relaxing)
 .debug_str     0x00005bec       0x66 CMakeFiles/MusicClock.elf.dir/startup/startup_stm32f407xx.s.obj
                                 0xb2 (size before relaxing)

.comment        0x00000000       0x7f
 .comment       0x00000000       0x7f CMakeFiles/MusicClock.elf.dir/Drivers/STM32F4xx_HAL_Driver/Src/stm32f4xx_hal.c.obj
                                 0x80 (size before relaxing)
 .comment       0x0000007f       0x80 CMakeFiles/MusicClock.elf.dir/Drivers/STM32F4xx_HAL_Driver/Src/stm32f4xx_hal_cortex.c.obj
 .comment       0x0000007f       0x80 CMakeFiles/MusicClock.elf.dir/Drivers/STM32F4xx_HAL_Driver/Src/stm32f4xx_hal_dma.c.obj
 .comment       0x0000007f       0x80 CMakeFiles/MusicClock.elf.dir/Drivers/STM32F4xx_HAL_Driver/Src/stm32f4xx_hal_gpio.c.obj
 .comment       0x0000007f       0x80 CMakeFiles/MusicClock.elf.dir/Drivers/STM32F4xx_HAL_Driver/Src/stm32f4xx_hal_i2c.c.obj
 .comment       0x0000007f       0x80 CMakeFiles/MusicClock.elf.dir/Drivers/STM32F4xx_HAL_Driver/Src/stm32f4xx_hal_i2s.c.obj
 .comment       0x0000007f       0x80 CMakeFiles/MusicClock.elf.dir/Drivers/STM32F4xx_HAL_Driver/Src/stm32f4xx_hal_i2s_ex.c.obj
 .comment       0x0000007f       0x80 CMakeFiles/MusicClock.elf.dir/Drivers/STM32F4xx_HAL_Driver/Src/stm32f4xx_hal_rcc.c.obj
 .comment       0x0000007f       0x80 CMakeFiles/MusicClock.elf.dir/Drivers/STM32F4xx_HAL_Driver/Src/stm32f4xx_hal_rcc_ex.c.obj
 .comment       0x0000007f       0x80 CMakeFiles/MusicClock.elf.dir/Drivers/STM32F4xx_HAL_Driver/Src/stm32f4xx_hal_spi.c.obj
 .comment       0x0000007f       0x80 CMakeFiles/MusicClock.elf.dir/Drivers/STM32F4xx_HAL_Driver/Src/stm32f4xx_hal_tim.c.obj
 .comment       0x0000007f       0x80 CMakeFiles/MusicClock.elf.dir/Drivers/STM32F4xx_HAL_Driver/Src/stm32f4xx_hal_tim_ex.c.obj
 .comment       0x0000007f       0x80 CMakeFiles/MusicClock.elf.dir/Src/MY_CS43L22.c.obj
 .comment       0x0000007f       0x80 CMakeFiles/MusicClock.elf.dir/Src/diskio.c.obj
 .comment       0x0000007f       0x80 CMakeFiles/MusicClock.elf.dir/Src/display.c.obj
 .comment       0x0000007f       0x80 CMakeFiles/MusicClock.elf.dir/Src/ff.c.obj
 .comment       0x0000007f       0x80 CMakeFiles/MusicClock.elf.dir/Src/main.c.obj
 .comment       0x0000007f       0x80 CMakeFiles/MusicClock.elf.dir/Src/music.c.obj
 .comment       0x0000007f       0x80 CMakeFiles/MusicClock.elf.dir/Src/stm32f4xx_hal_msp.c.obj
 .comment       0x0000007f       0x80 CMakeFiles/MusicClock.elf.dir/Src/stm32f4xx_it.c.obj
 .comment       0x0000007f       0x80 CMakeFiles/MusicClock.elf.dir/Src/system_stm32f4xx.c.obj

.debug_frame    0x00000000     0x53ac
 .debug_frame   0x00000000      0x374 CMakeFiles/MusicClock.elf.dir/Drivers/STM32F4xx_HAL_Driver/Src/stm32f4xx_hal.c.obj
 .debug_frame   0x00000374      0x498 CMakeFiles/MusicClock.elf.dir/Drivers/STM32F4xx_HAL_Driver/Src/stm32f4xx_hal_cortex.c.obj
 .debug_frame   0x0000080c      0x250 CMakeFiles/MusicClock.elf.dir/Drivers/STM32F4xx_HAL_Driver/Src/stm32f4xx_hal_dma.c.obj
 .debug_frame   0x00000a5c      0x14c CMakeFiles/MusicClock.elf.dir/Drivers/STM32F4xx_HAL_Driver/Src/stm32f4xx_hal_gpio.c.obj
 .debug_frame   0x00000ba8      0xc10 CMakeFiles/MusicClock.elf.dir/Drivers/STM32F4xx_HAL_Driver/Src/stm32f4xx_hal_i2c.c.obj
 .debug_frame   0x000017b8      0x480 CMakeFiles/MusicClock.elf.dir/Drivers/STM32F4xx_HAL_Driver/Src/stm32f4xx_hal_i2s.c.obj
 .debug_frame   0x00001c38      0x220 CMakeFiles/MusicClock.elf.dir/Drivers/STM32F4xx_HAL_Driver/Src/stm32f4xx_hal_i2s_ex.c.obj
 .debug_frame   0x00001e58      0x1f0 CMakeFiles/MusicClock.elf.dir/Drivers/STM32F4xx_HAL_Driver/Src/stm32f4xx_hal_rcc.c.obj
 .debug_frame   0x00002048       0xf0 CMakeFiles/MusicClock.elf.dir/Drivers/STM32F4xx_HAL_Driver/Src/stm32f4xx_hal_rcc_ex.c.obj
 .debug_frame   0x00002138      0x824 CMakeFiles/MusicClock.elf.dir/Drivers/STM32F4xx_HAL_Driver/Src/stm32f4xx_hal_spi.c.obj
 .debug_frame   0x0000295c     0x10f0 CMakeFiles/MusicClock.elf.dir/Drivers/STM32F4xx_HAL_Driver/Src/stm32f4xx_hal_tim.c.obj
 .debug_frame   0x00003a4c      0x5c0 CMakeFiles/MusicClock.elf.dir/Drivers/STM32F4xx_HAL_Driver/Src/stm32f4xx_hal_tim_ex.c.obj
 .debug_frame   0x0000400c      0x104 CMakeFiles/MusicClock.elf.dir/Src/MY_CS43L22.c.obj
 .debug_frame   0x00004110      0x2d4 CMakeFiles/MusicClock.elf.dir/Src/diskio.c.obj
 .debug_frame   0x000043e4       0xfc CMakeFiles/MusicClock.elf.dir/Src/display.c.obj
 .debug_frame   0x000044e0      0x788 CMakeFiles/MusicClock.elf.dir/Src/ff.c.obj
 .debug_frame   0x00004c68      0x17c CMakeFiles/MusicClock.elf.dir/Src/main.c.obj
 .debug_frame   0x00004de4       0x98 CMakeFiles/MusicClock.elf.dir/Src/music.c.obj
 .debug_frame   0x00004e7c      0x158 CMakeFiles/MusicClock.elf.dir/Src/stm32f4xx_hal_msp.c.obj
 .debug_frame   0x00004fd4      0x25c CMakeFiles/MusicClock.elf.dir/Src/stm32f4xx_it.c.obj
 .debug_frame   0x00005230       0x58 CMakeFiles/MusicClock.elf.dir/Src/system_stm32f4xx.c.obj
 .debug_frame   0x00005288       0x2c c:/progra~2/gnu tools arm embedded/7 2018-q2-update/bin/../lib/gcc/arm-none-eabi/7.3.1/thumb/v7e-m\libgcc.a(_aeabi_uldivmod.o)
 .debug_frame   0x000052b4       0x34 c:/progra~2/gnu tools arm embedded/7 2018-q2-update/bin/../lib/gcc/arm-none-eabi/7.3.1/thumb/v7e-m\libgcc.a(_udivmoddi4.o)
 .debug_frame   0x000052e8       0x2c c:/progra~2/gnu tools arm embedded/7 2018-q2-update/bin/../lib/gcc/arm-none-eabi/7.3.1/../../../../arm-none-eabi/lib/thumb/v7e-m\libg_nano.a(lib_a-init.o)
 .debug_frame   0x00005314       0x28 c:/progra~2/gnu tools arm embedded/7 2018-q2-update/bin/../lib/gcc/arm-none-eabi/7.3.1/../../../../arm-none-eabi/lib/thumb/v7e-m\libg_nano.a(lib_a-memcpy-stub.o)
 .debug_frame   0x0000533c       0x20 c:/progra~2/gnu tools arm embedded/7 2018-q2-update/bin/../lib/gcc/arm-none-eabi/7.3.1/../../../../arm-none-eabi/lib/thumb/v7e-m\libg_nano.a(lib_a-memset.o)
 .debug_frame   0x0000535c       0x20 c:/progra~2/gnu tools arm embedded/7 2018-q2-update/bin/../lib/gcc/arm-none-eabi/7.3.1/../../../../arm-none-eabi/lib/thumb/v7e-m\libg_nano.a(lib_a-strcpy.o)
 .debug_frame   0x0000537c       0x30 c:/progra~2/gnu tools arm embedded/7 2018-q2-update/bin/../lib/gcc/arm-none-eabi/7.3.1/../../../../arm-none-eabi/lib/thumb/v7e-m\libg_nano.a(lib_a-strstr.o)
